<html>
<body>
<pre>
<h1>µVision Build Log</h1>
<h2>Tool Versions:</h2>
IDE-Version: µVision V5.15
Copyright (C) 2015 ARM Ltd and ARM Germany GmbH. All rights reserved.
License Information: m b, world, LIC=----
 
Tool Versions:
Toolchain:       MDK-Lite  Version: 5.15.0
Toolchain Path:  C:\Keil_v5\ARM\ARMCC\Bin
C Compiler:      Armcc.exe V5.05 update 2 (build 169)
Assembler:       Armasm.exe V5.05 update 2 (build 169)
Linker/Locator:  ArmLink.exe V5.05 update 2 (build 169)
Library Manager: ArmAr.exe V5.05 update 2 (build 169)
Hex Converter:   FromElf.exe V5.05 update 2 (build 169)
CPU DLL:         SARMCM3.DLL V5.15.0
Dialog DLL:      DCM.DLL V1.13.2.0
Target DLL:      STLink\ST-LINKIII-KEIL_SWO.dll V2.0.15.0_KEIL
Dialog DLL:      TCM.DLL V1.14.5.0
 
<h2>Project:</h2>
D:\non-Cloud\DiplomaProject\CNC_Firmware\Blinky.uvproj
Project File Date:  09/24/2015

<h2>Output:</h2>
*** Using Compiler 'V5.05 update 2 (build 169)', folder: 'C:\Keil_v5\ARM\ARMCC\Bin'
Rebuild target 'STM32F407 Flash'
assembling startup_stm32f40_41xxx.s...
compiling system_stm32f4xx.c...
compiling LED.c...
compiling Blinky.c...
compiling stm32f4xx_flash.c...
compiling stm32f4xx_gpio.c...
compiling stm32f4xx_rcc.c...
compiling tm_stm32f4_disco.c...
compiling tm_stm32f4_gpio.c...
compiling stm32f4xx_exti.c...
compiling stm32f4xx_syscfg.c...
compiling misc.c...
compiling tm_stm32f4_usart.c...
compiling stm32f4xx_usart.c...
linking...
Program Size: Code=18972 RO-data=796 RW-data=208 ZI-data=1240  
".\Flash\Blinky.axf" - 0 Error(s), 0 Warning(s).
</pre>
</body>
</html>
