Component: ARM Compiler 5.05 update 2 (build 169) Tool: armlink [4d0f33]

==============================================================================

Section Cross References

    startup_stm32f40_41xxx.o(RESET) refers to startup_stm32f40_41xxx.o(STACK) for __initial_sp
    startup_stm32f40_41xxx.o(RESET) refers to startup_stm32f40_41xxx.o(.text) for Reset_Handler
    startup_stm32f40_41xxx.o(RESET) refers to blinky.o(.text) for SysTick_Handler
    startup_stm32f40_41xxx.o(RESET) refers to tm_stm32f4_usart.o(.text) for USART1_IRQHandler
    startup_stm32f40_41xxx.o(.text) refers to system_stm32f4xx.o(.text) for SystemInit
    startup_stm32f40_41xxx.o(.text) refers to entry.o(.ARM.Collect$$$$00000000) for __main
    system_stm32f4xx.o(.text) refers to system_stm32f4xx.o(.data) for SystemCoreClock
    led.o(.text) refers to led.o(.constdata) for led_mask
    blinky.o(.text) refers to strlen.o(.text) for strlen
    blinky.o(.text) refers to atof.o(i.__hardfp_atof) for __hardfp_atof
    blinky.o(.text) refers to strtok.o(.text) for strtok
    blinky.o(.text) refers to stm32f4xx_gpio.o(.text) for GPIO_ResetBits
    blinky.o(.text) refers to stm32f4xx_rcc.o(.text) for RCC_AHB1PeriphClockCmd
    blinky.o(.text) refers to stm32f4xx_syscfg.o(.text) for SYSCFG_EXTILineConfig
    blinky.o(.text) refers to stm32f4xx_exti.o(.text) for EXTI_Init
    blinky.o(.text) refers to misc.o(.text) for NVIC_Init
    blinky.o(.text) refers to led.o(.text) for LED_Out
    blinky.o(.text) refers to dflti.o(.text) for __aeabi_i2d
    blinky.o(.text) refers to ddiv.o(.text) for __aeabi_ddiv
    blinky.o(.text) refers to dfixui.o(.text) for __aeabi_d2uiz
    blinky.o(.text) refers to blinky.o(.data) for counter
    blinky.o(.text) refers to fabs.o(i.__hardfp_fabs) for __hardfp_fabs
    blinky.o(.text) refers to dfixi.o(.text) for __aeabi_d2iz
    blinky.o(.text) refers to dmul.o(.text) for __aeabi_dmul
    blinky.o(.text) refers to d2f.o(.text) for __aeabi_d2f
    blinky.o(.text) refers to f2d.o(.text) for __aeabi_f2d
    blinky.o(.text) refers to cos.o(i.__hardfp_cos) for __hardfp_cos
    blinky.o(.text) refers to dadd.o(.text) for __aeabi_dadd
    blinky.o(.text) refers to sin.o(i.__hardfp_sin) for __hardfp_sin
    blinky.o(.text) refers to printfa.o(i.__0sprintf) for __2sprintf
    blinky.o(.text) refers to tm_stm32f4_usart.o(.text) for TM_USART_Gets
    blinky.o(.text) refers to memseta.o(.text) for __aeabi_memclr4
    blinky.o(.text) refers to system_stm32f4xx.o(.text) for SystemInit
    blinky.o(.text) refers to blinky.o(.bss) for serialCoordinates
    stm32f4xx_gpio.o(.text) refers to stm32f4xx_rcc.o(.text) for RCC_AHB1PeriphResetCmd
    stm32f4xx_rcc.o(.text) refers to stm32f4xx_rcc.o(.data) for APBAHBPrescTable
    tm_stm32f4_disco.o(.text) refers to tm_stm32f4_gpio.o(.text) for TM_GPIO_Init
    tm_stm32f4_disco.o(.text) refers to tm_stm32f4_disco.o(.data) for TM_INT_DISCO_ButtonPressed
    tm_stm32f4_gpio.o(.text) refers to tm_stm32f4_gpio.o(.bss) for GPIO_UsedPins
    stm32f4xx_syscfg.o(.text) refers to stm32f4xx_rcc.o(.text) for RCC_APB2PeriphResetCmd
    tm_stm32f4_usart.o(.text) refers to tm_stm32f4_gpio.o(.text) for TM_GPIO_InitAlternate
    tm_stm32f4_usart.o(.text) refers to stm32f4xx_usart.o(.text) for USART_DeInit
    tm_stm32f4_usart.o(.text) refers to misc.o(.text) for NVIC_Init
    tm_stm32f4_usart.o(.text) refers to tm_stm32f4_usart.o(.data) for TM_USART1
    tm_stm32f4_usart.o(.data) refers to tm_stm32f4_usart.o(.bss) for TM_USART1_Buffer
    stm32f4xx_usart.o(.text) refers to stm32f4xx_rcc.o(.text) for RCC_APB2PeriphResetCmd
    atof.o(i.__hardfp_atof) refers (Special) to iusefp.o(.text) for __I$use$fp
    atof.o(i.__hardfp_atof) refers to errno.o(i.__read_errno) for __read_errno
    atof.o(i.__hardfp_atof) refers to strtod.o(.text) for __strtod_int
    atof.o(i.__hardfp_atof) refers to errno.o(i.__set_errno) for __set_errno
    atof.o(i.__softfp_atof) refers (Special) to iusefp.o(.text) for __I$use$fp
    atof.o(i.__softfp_atof) refers to errno.o(i.__read_errno) for __read_errno
    atof.o(i.__softfp_atof) refers to strtod.o(.text) for __strtod_int
    atof.o(i.__softfp_atof) refers to errno.o(i.__set_errno) for __set_errno
    atof.o(i.atof) refers (Special) to iusefp.o(.text) for __I$use$fp
    atof.o(i.atof) refers to errno.o(i.__read_errno) for __read_errno
    atof.o(i.atof) refers to strtod.o(.text) for __strtod_int
    atof.o(i.atof) refers to errno.o(i.__set_errno) for __set_errno
    cos.o(i.__hardfp_cos) refers (Special) to iusefp.o(.text) for __I$use$fp
    cos.o(i.__hardfp_cos) refers to errno.o(i.__set_errno) for __set_errno
    cos.o(i.__hardfp_cos) refers to dunder.o(i.__mathlib_dbl_invalid) for __mathlib_dbl_invalid
    cos.o(i.__hardfp_cos) refers to dunder.o(i.__mathlib_dbl_infnan) for __mathlib_dbl_infnan
    cos.o(i.__hardfp_cos) refers to rred.o(i.__ieee754_rem_pio2) for __ieee754_rem_pio2
    cos.o(i.__hardfp_cos) refers to sin_i.o(i.__kernel_sin) for __kernel_sin
[...]
    printf8.o(i.__0vsprintf$8) refers to printf8.o(i._printf_core) for _printf_core
    printf8.o(i.__0vsprintf$8) refers to printf8.o(i._sputc) for _sputc
    printf8.o(i._printf_core) refers to printf8.o(i._printf_pre_padding) for _printf_pre_padding
    printf8.o(i._printf_core) refers to uldiv.o(.text) for __aeabi_uldivmod
    printf8.o(i._printf_core) refers to printf8.o(i._printf_post_padding) for _printf_post_padding
    printfa.o(i.__0fprintf) refers (Special) to iusefp.o(.text) for __I$use$fp
    printfa.o(i.__0fprintf) refers to printfa.o(i._printf_core) for _printf_core
    printfa.o(i.__0fprintf) refers to fputc.o(i.fputc) for fputc
    printfa.o(i.__0printf) refers (Special) to iusefp.o(.text) for __I$use$fp
    printfa.o(i.__0printf) refers to printfa.o(i._printf_core) for _printf_core
    printfa.o(i.__0printf) refers to fputc.o(i.fputc) for fputc
    printfa.o(i.__0printf) refers to stdout.o(.data) for __stdout
    printfa.o(i.__0snprintf) refers (Special) to iusefp.o(.text) for __I$use$fp
    printfa.o(i.__0snprintf) refers to printfa.o(i._printf_core) for _printf_core
    printfa.o(i.__0snprintf) refers to printfa.o(i._snputc) for _snputc
    printfa.o(i.__0sprintf) refers (Special) to iusefp.o(.text) for __I$use$fp
    printfa.o(i.__0sprintf) refers to printfa.o(i._printf_core) for _printf_core
    printfa.o(i.__0sprintf) refers to printfa.o(i._sputc) for _sputc
    printfa.o(i.__0vfprintf) refers (Special) to iusefp.o(.text) for __I$use$fp
    printfa.o(i.__0vfprintf) refers to printfa.o(i._printf_core) for _printf_core
    printfa.o(i.__0vfprintf) refers to fputc.o(i.fputc) for fputc
    printfa.o(i.__0vprintf) refers (Special) to iusefp.o(.text) for __I$use$fp
    printfa.o(i.__0vprintf) refers to printfa.o(i._printf_core) for _printf_core
    printfa.o(i.__0vprintf) refers to fputc.o(i.fputc) for fputc
    printfa.o(i.__0vprintf) refers to stdout.o(.data) for __stdout
    printfa.o(i.__0vsnprintf) refers (Special) to iusefp.o(.text) for __I$use$fp
    printfa.o(i.__0vsnprintf) refers to printfa.o(i._printf_core) for _printf_core
    printfa.o(i.__0vsnprintf) refers to printfa.o(i._snputc) for _snputc
    printfa.o(i.__0vsprintf) refers (Special) to iusefp.o(.text) for __I$use$fp
    printfa.o(i.__0vsprintf) refers to printfa.o(i._printf_core) for _printf_core
    printfa.o(i.__0vsprintf) refers to printfa.o(i._sputc) for _sputc
    printfa.o(i._fp_digits) refers (Special) to iusefp.o(.text) for __I$use$fp
    printfa.o(i._fp_digits) refers to dmul.o(.text) for __aeabi_dmul
    printfa.o(i._fp_digits) refers to ddiv.o(.text) for __aeabi_ddiv
    printfa.o(i._fp_digits) refers to cdrcmple.o(.text) for __aeabi_cdrcmple
    printfa.o(i._fp_digits) refers to dadd.o(.text) for __aeabi_dadd
    printfa.o(i._fp_digits) refers to dfixul.o(.text) for __aeabi_d2ulz
    printfa.o(i._fp_digits) refers to uldiv.o(.text) for __aeabi_uldivmod
    printfa.o(i._printf_core) refers (Special) to iusefp.o(.text) for __I$use$fp
    printfa.o(i._printf_core) refers to printfa.o(i._printf_pre_padding) for _printf_pre_padding
    printfa.o(i._printf_core) refers to uldiv.o(.text) for __aeabi_uldivmod
    printfa.o(i._printf_core) refers to printfa.o(i._printf_post_padding) for _printf_post_padding
    printfa.o(i._printf_core) refers to printfa.o(i._fp_digits) for _fp_digits
    printfa.o(i._printf_core) refers to uidiv.o(.text) for __aeabi_uidivmod
    printfa.o(i._printf_post_padding) refers (Special) to iusefp.o(.text) for __I$use$fp
    printfa.o(i._printf_pre_padding) refers (Special) to iusefp.o(.text) for __I$use$fp
    printfa.o(i._snputc) refers (Special) to iusefp.o(.text) for __I$use$fp
    printfa.o(i._sputc) refers (Special) to iusefp.o(.text) for __I$use$fp
    dadd.o(.text) refers (Special) to iusefp.o(.text) for __I$use$fp
    dadd.o(.text) refers to llshl.o(.text) for __aeabi_llsl
    dadd.o(.text) refers to llsshr.o(.text) for __aeabi_lasr
    dadd.o(.text) refers to depilogue.o(.text) for _double_epilogue
    dmul.o(.text) refers (Special) to iusefp.o(.text) for __I$use$fp
    dmul.o(.text) refers to depilogue.o(.text) for _double_epilogue
    ddiv.o(.text) refers (Special) to iusefp.o(.text) for __I$use$fp
    ddiv.o(.text) refers to depilogue.o(.text) for _double_round
    dflti.o(.text) refers (Special) to iusefp.o(.text) for __I$use$fp
    dflti.o(.text) refers to depilogue.o(.text) for _double_epilogue
    dfixi.o(.text) refers (Special) to iusefp.o(.text) for __I$use$fp
    dfixi.o(.text) refers to llushr.o(.text) for __aeabi_llsr
    dfixui.o(.text) refers (Special) to iusefp.o(.text) for __I$use$fp
    dfixui.o(.text) refers to llushr.o(.text) for __aeabi_llsr
    f2d.o(.text) refers (Special) to iusefp.o(.text) for __I$use$fp
    d2f.o(.text) refers (Special) to iusefp.o(.text) for __I$use$fp
    d2f.o(.text) refers to fepilogue.o(.text) for _float_round
    cos_i.o(i.__kernel_cos) refers (Special) to iusefp.o(.text) for __I$use$fp
    cos_i.o(i.__kernel_cos) refers to dfixi.o(.text) for __aeabi_d2iz
    cos_i.o(i.__kernel_cos) refers to dmul.o(.text) for __aeabi_dmul
    cos_i.o(i.__kernel_cos) refers to poly.o(i.__kernel_poly) for __kernel_poly
    cos_i.o(i.__kernel_cos) refers to dadd.o(.text) for __aeabi_dsub
    cos_i.o(i.__kernel_cos) refers to cos_i.o(.constdata) for .constdata
    cos_i.o(.constdata) refers (Special) to iusefp.o(.text) for __I$use$fp
    dunder.o(i.__mathlib_dbl_divzero) refers to ddiv.o(.text) for __aeabi_ddiv
    dunder.o(i.__mathlib_dbl_infnan) refers to dadd.o(.text) for __aeabi_dadd
    dunder.o(i.__mathlib_dbl_infnan2) refers to dadd.o(.text) for __aeabi_dadd
    dunder.o(i.__mathlib_dbl_invalid) refers to ddiv.o(.text) for __aeabi_ddiv
    dunder.o(i.__mathlib_dbl_overflow) refers to dmul.o(.text) for __aeabi_dmul
    dunder.o(i.__mathlib_dbl_posinfnan) refers to dmul.o(.text) for __aeabi_dmul
    dunder.o(i.__mathlib_dbl_underflow) refers to dmul.o(.text) for __aeabi_dmul
    rred.o(i.__ieee754_rem_pio2) refers (Special) to iusefp.o(.text) for __I$use$fp
    rred.o(i.__ieee754_rem_pio2) refers to dadd.o(.text) for __aeabi_dsub
    rred.o(i.__ieee754_rem_pio2) refers to fabs.o(i.fabs) for fabs
    rred.o(i.__ieee754_rem_pio2) refers to dmul.o(.text) for __aeabi_dmul
    rred.o(i.__ieee754_rem_pio2) refers to dfixi.o(.text) for __aeabi_d2iz
    rred.o(i.__ieee754_rem_pio2) refers to dflti.o(.text) for __aeabi_i2d
    rred.o(i.__ieee754_rem_pio2) refers to dfltui.o(.text) for __aeabi_ui2d
    rred.o(i.__ieee754_rem_pio2) refers to rred.o(.constdata) for .constdata
    rred.o(i.__use_accurate_range_reduction) refers (Special) to iusefp.o(.text) for __I$use$fp
    rred.o(.constdata) refers (Special) to iusefp.o(.text) for __I$use$fp
    sin_i.o(i.__kernel_sin) refers (Special) to iusefp.o(.text) for __I$use$fp
    sin_i.o(i.__kernel_sin) refers to fpclassify.o(i.__ARM_fpclassify) for __ARM_fpclassify
    sin_i.o(i.__kernel_sin) refers to dunder.o(i.__mathlib_dbl_underflow) for __mathlib_dbl_underflow
    sin_i.o(i.__kernel_sin) refers to dmul.o(.text) for __aeabi_dmul
    sin_i.o(i.__kernel_sin) refers to poly.o(i.__kernel_poly) for __kernel_poly
    sin_i.o(i.__kernel_sin) refers to dadd.o(.text) for __aeabi_dsub
    sin_i.o(i.__kernel_sin) refers to sin_i.o(.constdata) for .constdata
    sin_i.o(.constdata) refers (Special) to iusefp.o(.text) for __I$use$fp
    sin_i_x.o(i.____kernel_sin$lsc) refers (Special) to iusefp.o(.text) for __I$use$fp
    sin_i_x.o(i.____kernel_sin$lsc) refers to dmul.o(.text) for __aeabi_dmul
    sin_i_x.o(i.____kernel_sin$lsc) refers to poly.o(i.__kernel_poly) for __kernel_poly
    sin_i_x.o(i.____kernel_sin$lsc) refers to dadd.o(.text) for __aeabi_dsub
    sin_i_x.o(i.____kernel_sin$lsc) refers to sin_i_x.o(.constdata) for .constdata
    sin_i_x.o(.constdata) refers (Special) to iusefp.o(.text) for __I$use$fp
    entry2.o(.ARM.Collect$$$$00000001) refers to entry2.o(.ARM.Collect$$$$00002712) for __lit__00000000
    entry2.o(.ARM.Collect$$$$00002712) refers to startup_stm32f40_41xxx.o(STACK) for __initial_sp
    entry2.o(__vectab_stack_and_reset_area) refers to startup_stm32f40_41xxx.o(STACK) for __initial_sp
    entry2.o(__vectab_stack_and_reset_area) refers to entry.o(.ARM.Collect$$$$00000000) for __main
    entry5.o(.ARM.Collect$$$$00000004) refers to init.o(.text) for __scatterload
    entry9a.o(.ARM.Collect$$$$0000000B) refers to blinky.o(.text) for main
    entry9b.o(.ARM.Collect$$$$0000000C) refers to blinky.o(.text) for main
    fputc.o(i.fputc) refers (Special) to iusesemip.o(.text) for __I$use$semihosting$fputc
    fputc.o(i.fputc) refers (Special) to semi.o(.text) for __semihosting_library_function
    uldiv.o(.text) refers to llushr.o(.text) for __aeabi_llsr
    uldiv.o(.text) refers to llshl.o(.text) for __aeabi_llsl
    errno.o(i.__aeabi_errno_addr) refers to errno.o(.data) for .data
    errno.o(i.__read_errno) refers to errno.o(.data) for .data
    errno.o(i.__set_errno) refers to errno.o(.data) for .data
    strtod.o(.text) refers to scanf_fp.o(.text) for _scanf_real
    strtod.o(.text) refers to _sgetc.o(.text) for _sgetc
    strtod.o(.text) refers to isspace_c.o(.text) for isspace
    depilogue.o(.text) refers to llshl.o(.text) for __aeabi_llsl
    depilogue.o(.text) refers to llushr.o(.text) for __aeabi_llsr
    dfixul.o(.text) refers to llushr.o(.text) for __aeabi_llsr
    dfixul.o(.text) refers to llshl.o(.text) for __aeabi_llsl
    fpclassify.o(i.__ARM_fpclassify) refers (Special) to iusefp.o(.text) for __I$use$fp
    poly.o(i.__kernel_poly) refers (Special) to iusefp.o(.text) for __I$use$fp
    poly.o(i.__kernel_poly) refers to dmul.o(.text) for __aeabi_dmul
    poly.o(i.__kernel_poly) refers to dadd.o(.text) for __aeabi_dadd
    init.o(.text) refers to entry5.o(.ARM.Collect$$$$00000004) for __main_after_scatterload
    isspace_c.o(.text) refers to ctype_c.o(.text) for __ctype_lookup
    scanf_fp.o(.text) refers (Special) to iusefp.o(.text) for __I$use$fp
    scanf_fp.o(.text) refers to dfltul.o(.text) for __aeabi_ul2d
    scanf_fp.o(.text) refers to dmul.o(.text) for __aeabi_dmul
    scanf_fp.o(.text) refers to ddiv.o(.text) for __aeabi_ddiv
    scanf_fp.o(.text) refers to scanf_fp.o(i._is_digit) for _is_digit
    scanf_fp.o(.text) refers to d2f.o(.text) for __aeabi_d2f
    dfltui.o(.text) refers to depilogue.o(.text) for _double_epilogue
    ctype_c.o(.text) refers to ctype_c.o(.constdata) for .constdata
    dfltul.o(.text) refers to depilogue.o(.text) for _double_epilogue
    scanf_fp.o(i._is_digit) refers (Special) to iusefp.o(.text) for __I$use$fp


==============================================================================

Removing Unused input sections from the image.

    Removing startup_stm32f40_41xxx.o(HEAP), (512 bytes).
    Removing system_stm32f4xx.o(.rev16_text), (4 bytes).
    Removing system_stm32f4xx.o(.revsh_text), (4 bytes).
    Removing system_stm32f4xx.o(.rrx_text), (6 bytes).
    Removing led.o(.rev16_text), (4 bytes).
    Removing led.o(.revsh_text), (4 bytes).
    Removing led.o(.rrx_text), (6 bytes).
    Removing blinky.o(.rev16_text), (4 bytes).
    Removing blinky.o(.revsh_text), (4 bytes).
    Removing blinky.o(.rrx_text), (6 bytes).
    Removing stm32f4xx_flash.o(.rev16_text), (4 bytes).
    Removing stm32f4xx_flash.o(.revsh_text), (4 bytes).
    Removing stm32f4xx_flash.o(.rrx_text), (6 bytes).
    Removing stm32f4xx_flash.o(.text), (1684 bytes).
    Removing stm32f4xx_gpio.o(.rev16_text), (4 bytes).
    Removing stm32f4xx_gpio.o(.revsh_text), (4 bytes).
    Removing stm32f4xx_gpio.o(.rrx_text), (6 bytes).
    Removing stm32f4xx_rcc.o(.rev16_text), (4 bytes).
    Removing stm32f4xx_rcc.o(.revsh_text), (4 bytes).
    Removing stm32f4xx_rcc.o(.rrx_text), (6 bytes).
    Removing tm_stm32f4_disco.o(.rev16_text), (4 bytes).
    Removing tm_stm32f4_disco.o(.revsh_text), (4 bytes).
    Removing tm_stm32f4_disco.o(.rrx_text), (6 bytes).
    Removing tm_stm32f4_disco.o(.text), (152 bytes).
    Removing tm_stm32f4_disco.o(.data), (1 bytes).
    Removing tm_stm32f4_gpio.o(.rev16_text), (4 bytes).
    Removing tm_stm32f4_gpio.o(.revsh_text), (4 bytes).
    Removing tm_stm32f4_gpio.o(.rrx_text), (6 bytes).
    Removing stm32f4xx_exti.o(.rev16_text), (4 bytes).
    Removing stm32f4xx_exti.o(.revsh_text), (4 bytes).
    Removing stm32f4xx_exti.o(.rrx_text), (6 bytes).
    Removing stm32f4xx_syscfg.o(.rev16_text), (4 bytes).
    Removing stm32f4xx_syscfg.o(.revsh_text), (4 bytes).
    Removing stm32f4xx_syscfg.o(.rrx_text), (6 bytes).
    Removing misc.o(.rev16_text), (4 bytes).
    Removing misc.o(.revsh_text), (4 bytes).
    Removing misc.o(.rrx_text), (6 bytes).
    Removing tm_stm32f4_usart.o(.rev16_text), (4 bytes).
    Removing tm_stm32f4_usart.o(.revsh_text), (4 bytes).
    Removing tm_stm32f4_usart.o(.rrx_text), (6 bytes).
    Removing stm32f4xx_usart.o(.rev16_text), (4 bytes).
    Removing stm32f4xx_usart.o(.revsh_text), (4 bytes).
    Removing stm32f4xx_usart.o(.rrx_text), (6 bytes).
    Removing dneg.o(.text), (6 bytes).

44 unused section(s) (total 2537 bytes) removed from the image.

==============================================================================

Image Symbol Table

    Local Symbols

    Symbol Name                              Value     Ov Type        Size  Object(Section)

    ../clib/microlib/ctype/ctype.c           0x00000000   Number         0  ctype_c.o ABSOLUTE
    ../clib/microlib/ctype/ctype.c           0x00000000   Number         0  isspace_c.o ABSOLUTE
    ../clib/microlib/division.c              0x00000000   Number         0  uldiv.o ABSOLUTE
    ../clib/microlib/division.c              0x00000000   Number         0  uidiv.o ABSOLUTE
    ../clib/microlib/errno.c                 0x00000000   Number         0  errno.o ABSOLUTE
    ../clib/microlib/init/entry.s            0x00000000   Number         0  entry2.o ABSOLUTE
    ../clib/microlib/init/entry.s            0x00000000   Number         0  entry9b.o ABSOLUTE
    ../clib/microlib/init/entry.s            0x00000000   Number         0  entry5.o ABSOLUTE
    ../clib/microlib/init/entry.s            0x00000000   Number         0  entry10a.o ABSOLUTE
    ../clib/microlib/init/entry.s            0x00000000   Number         0  entry8b.o ABSOLUTE
    ../clib/microlib/init/entry.s            0x00000000   Number         0  entry9a.o ABSOLUTE
    ../clib/microlib/init/entry.s            0x00000000   Number         0  entry10b.o ABSOLUTE
    ../clib/microlib/init/entry.s            0x00000000   Number         0  entry11b.o ABSOLUTE
    ../clib/microlib/init/entry.s            0x00000000   Number         0  entry.o ABSOLUTE
    ../clib/microlib/init/entry.s            0x00000000   Number         0  entry11a.o ABSOLUTE
    ../clib/microlib/init/entry.s            0x00000000   Number         0  entry8a.o ABSOLUTE
    ../clib/microlib/init/entry.s            0x00000000   Number         0  entry7b.o ABSOLUTE
    ../clib/microlib/init/entry.s            0x00000000   Number         0  entry7a.o ABSOLUTE
    ../clib/microlib/longlong.c              0x00000000   Number         0  llushr.o ABSOLUTE
    ../clib/microlib/longlong.c              0x00000000   Number         0  llsshr.o ABSOLUTE
    ../clib/microlib/longlong.c              0x00000000   Number         0  llshl.o ABSOLUTE
    ../clib/microlib/printf/printf.c         0x00000000   Number         0  printf6.o ABSOLUTE
    ../clib/microlib/printf/printf.c         0x00000000   Number         0  printf4.o ABSOLUTE
    ../clib/microlib/printf/printf.c         0x00000000   Number         0  printf3.o ABSOLUTE
    ../clib/microlib/printf/printf.c         0x00000000   Number         0  printf1.o ABSOLUTE
    ../clib/microlib/printf/printf.c         0x00000000   Number         0  printf7.o ABSOLUTE
    ../clib/microlib/printf/printf.c         0x00000000   Number         0  printf8.o ABSOLUTE
    ../clib/microlib/printf/printf.c         0x00000000   Number         0  printfa.o ABSOLUTE
    ../clib/microlib/printf/printf.c         0x00000000   Number         0  printf0.o ABSOLUTE
    ../clib/microlib/printf/printf.c         0x00000000   Number         0  printfb.o ABSOLUTE
    ../clib/microlib/printf/printf.c         0x00000000   Number         0  printf5.o ABSOLUTE
    ../clib/microlib/printf/printf.c         0x00000000   Number         0  printf2.o ABSOLUTE
    ../clib/microlib/printf/stubs.s          0x00000000   Number         0  stubs.o ABSOLUTE
    ../clib/microlib/stdio/fputc.c           0x00000000   Number         0  fputc.o ABSOLUTE
    ../clib/microlib/stdio/semi.s            0x00000000   Number         0  semi.o ABSOLUTE
    ../clib/microlib/stdio/streams.c         0x00000000   Number         0  stdout.o ABSOLUTE
    ../clib/microlib/string/memset.c         0x00000000   Number         0  memseta.o ABSOLUTE
    ../clib/microlib/string/strlen.c         0x00000000   Number         0  strlen.o ABSOLUTE
    ../clib/microlib/string/strtok.c         0x00000000   Number         0  strtok_r.o ABSOLUTE
    ../clib/microlib/string/strtok.c         0x00000000   Number         0  strtok.o ABSOLUTE
    ../clib/microlib/stubs.s                 0x00000000   Number         0  iusefp.o ABSOLUTE
    ../clib/microlib/stubs.s                 0x00000000   Number         0  iusesemip.o ABSOLUTE
    ../clib/scanf.c                          0x00000000   Number         0  strtod.o ABSOLUTE
    ../clib/scanf.c                          0x00000000   Number         0  scanf_fp.o ABSOLUTE
    ../clib/scanf.c                          0x00000000   Number         0  _sgetc.o ABSOLUTE
    ../fplib/microlib/d2f.c                  0x00000000   Number         0  d2f.o ABSOLUTE
    ../fplib/microlib/f2d.c                  0x00000000   Number         0  f2d.o ABSOLUTE
    ../fplib/microlib/fpadd.c                0x00000000   Number         0  dadd.o ABSOLUTE
    ../fplib/microlib/fpdiv.c                0x00000000   Number         0  ddiv.o ABSOLUTE
    ../fplib/microlib/fpepilogue.c           0x00000000   Number         0  depilogue.o ABSOLUTE
    ../fplib/microlib/fpepilogue.c           0x00000000   Number         0  fepilogue.o ABSOLUTE
    ../fplib/microlib/fpfix.c                0x00000000   Number         0  dfixi.o ABSOLUTE
    ../fplib/microlib/fpfix.c                0x00000000   Number         0  dfixui.o ABSOLUTE
    ../fplib/microlib/fpfix.c                0x00000000   Number         0  dfixul.o ABSOLUTE
    ../fplib/microlib/fpflt.c                0x00000000   Number         0  dfltui.o ABSOLUTE
    ../fplib/microlib/fpflt.c                0x00000000   Number         0  dflti.o ABSOLUTE
    ../fplib/microlib/fpflt.c                0x00000000   Number         0  dfltul.o ABSOLUTE
    ../fplib/microlib/fpmul.c                0x00000000   Number         0  dmul.o ABSOLUTE
    ../fplib/microlib/fpneg.c                0x00000000   Number         0  dneg.o ABSOLUTE
    ../mathlib/atof.c                        0x00000000   Number         0  atof.o ABSOLUTE
    ../mathlib/cos.c                         0x00000000   Number         0  cos_x.o ABSOLUTE
    ../mathlib/cos.c                         0x00000000   Number         0  cos.o ABSOLUTE
    ../mathlib/cos_i.c                       0x00000000   Number         0  cos_i.o ABSOLUTE
    ../mathlib/dunder.c                      0x00000000   Number         0  dunder.o ABSOLUTE
    ../mathlib/fabs.c                        0x00000000   Number         0  fabs.o ABSOLUTE
    ../mathlib/fpclassify.c                  0x00000000   Number         0  fpclassify.o ABSOLUTE
    ../mathlib/poly.c                        0x00000000   Number         0  poly.o ABSOLUTE
    ../mathlib/rred.c                        0x00000000   Number         0  rred.o ABSOLUTE
    ../mathlib/sin.c                         0x00000000   Number         0  sin.o ABSOLUTE
    ../mathlib/sin.c                         0x00000000   Number         0  sin_x.o ABSOLUTE
    ../mathlib/sin_i.c                       0x00000000   Number         0  sin_i.o ABSOLUTE
    ../mathlib/sin_i.c                       0x00000000   Number         0  sin_i_x.o ABSOLUTE
    Blinky.c                                 0x00000000   Number         0  blinky.o ABSOLUTE
    Blinky.c                                 0x00000000   Number         0  blinky.o ABSOLUTE
    LED.c                                    0x00000000   Number         0  led.o ABSOLUTE
    LED.c                                    0x00000000   Number         0  led.o ABSOLUTE
    Library\STM32F4xx_StdPeriph_Driver\src\misc.c 0x00000000   Number         0  misc.o ABSOLUTE
    Library\STM32F4xx_StdPeriph_Driver\src\stm32f4xx_exti.c 0x00000000   Number         0  stm32f4xx_exti.o ABSOLUTE
    Library\STM32F4xx_StdPeriph_Driver\src\stm32f4xx_syscfg.c 0x00000000   Number         0  stm32f4xx_syscfg.o ABSOLUTE
    Library\STM32F4xx_StdPeriph_Driver\src\stm32f4xx_usart.c 0x00000000   Number         0  stm32f4xx_usart.o ABSOLUTE
    Library\\STM32F4xx_StdPeriph_Driver\\src\\misc.c 0x00000000   Number         0  misc.o ABSOLUTE
    Library\\STM32F4xx_StdPeriph_Driver\\src\\stm32f4xx_exti.c 0x00000000   Number         0  stm32f4xx_exti.o ABSOLUTE
    Library\\STM32F4xx_StdPeriph_Driver\\src\\stm32f4xx_syscfg.c 0x00000000   Number         0  stm32f4xx_syscfg.o ABSOLUTE
    Library\\STM32F4xx_StdPeriph_Driver\\src\\stm32f4xx_usart.c 0x00000000   Number         0  stm32f4xx_usart.o ABSOLUTE
    Library\\tm_stm32fall\\tm_stm32f4_gpio.c 0x00000000   Number         0  tm_stm32f4_gpio.o ABSOLUTE
    Library\\tm_stm32fall\\tm_stm32f4_usart.c 0x00000000   Number         0  tm_stm32f4_usart.o ABSOLUTE
    Library\tm_stm32fall\tm_stm32f4_gpio.c   0x00000000   Number         0  tm_stm32f4_gpio.o ABSOLUTE
    Library\tm_stm32fall\tm_stm32f4_usart.c  0x00000000   Number         0  tm_stm32f4_usart.o ABSOLUTE
    cdrcmple.s                               0x00000000   Number         0  cdrcmple.o ABSOLUTE
    dc.s                                     0x00000000   Number         0  dc.o ABSOLUTE
    handlers.s                               0x00000000   Number         0  handlers.o ABSOLUTE
    init.s                                   0x00000000   Number         0  init.o ABSOLUTE
    startup_stm32f40_41xxx.s                 0x00000000   Number         0  startup_stm32f40_41xxx.o ABSOLUTE
    stm32f4xx_flash.c                        0x00000000   Number         0  stm32f4xx_flash.o ABSOLUTE
    stm32f4xx_flash.c                        0x00000000   Number         0  stm32f4xx_flash.o ABSOLUTE
    stm32f4xx_gpio.c                         0x00000000   Number         0  stm32f4xx_gpio.o ABSOLUTE
    stm32f4xx_gpio.c                         0x00000000   Number         0  stm32f4xx_gpio.o ABSOLUTE
    stm32f4xx_rcc.c                          0x00000000   Number         0  stm32f4xx_rcc.o ABSOLUTE
    stm32f4xx_rcc.c                          0x00000000   Number         0  stm32f4xx_rcc.o ABSOLUTE
    system_stm32f4xx.c                       0x00000000   Number         0  system_stm32f4xx.o ABSOLUTE
    system_stm32f4xx.c                       0x00000000   Number         0  system_stm32f4xx.o ABSOLUTE
    tm_stm32f4_disco.c                       0x00000000   Number         0  tm_stm32f4_disco.o ABSOLUTE
    tm_stm32f4_disco.c                       0x00000000   Number         0  tm_stm32f4_disco.o ABSOLUTE
    RESET                                    0x08000000   Section      392  startup_stm32f40_41xxx.o(RESET)
    .ARM.Collect$$$$00000000                 0x08000188   Section        0  entry.o(.ARM.Collect$$$$00000000)
    .ARM.Collect$$$$00000001                 0x08000188   Section        4  entry2.o(.ARM.Collect$$$$00000001)
    .ARM.Collect$$$$00000004                 0x0800018c   Section        4  entry5.o(.ARM.Collect$$$$00000004)
    .ARM.Collect$$$$00000008                 0x08000190   Section        0  entry7b.o(.ARM.Collect$$$$00000008)
    .ARM.Collect$$$$0000000A                 0x08000190   Section        0  entry8b.o(.ARM.Collect$$$$0000000A)
    .ARM.Collect$$$$0000000B                 0x08000190   Section        8  entry9a.o(.ARM.Collect$$$$0000000B)
    .ARM.Collect$$$$0000000D                 0x08000198   Section        0  entry10a.o(.ARM.Collect$$$$0000000D)
    .ARM.Collect$$$$0000000F                 0x08000198   Section        0  entry11a.o(.ARM.Collect$$$$0000000F)
    .ARM.Collect$$$$00002712                 0x08000198   Section        4  entry2.o(.ARM.Collect$$$$00002712)
    __lit__00000000                          0x08000198   Data           4  entry2.o(.ARM.Collect$$$$00002712)
    .text                                    0x0800019c   Section       36  startup_stm32f40_41xxx.o(.text)
    $v0                                      0x0800019c   Number         0  startup_stm32f40_41xxx.o(.text)
    .text                                    0x080001c0   Section        0  system_stm32f4xx.o(.text)
    SetSysClock                              0x080001c1   Thumb Code   220  system_stm32f4xx.o(.text)
    .text                                    0x080003d0   Section        0  led.o(.text)
    .text                                    0x08000484   Section        0  blinky.o(.text)
    .text                                    0x08001470   Section        0  stm32f4xx_gpio.o(.text)
    .text                                    0x08001704   Section        0  stm32f4xx_rcc.o(.text)
    .text                                    0x08001d60   Section        0  tm_stm32f4_gpio.o(.text)
    .text                                    0x08002060   Section        0  stm32f4xx_exti.o(.text)
    .text                                    0x08002170   Section        0  stm32f4xx_syscfg.o(.text)
    .text                                    0x08002204   Section        0  misc.o(.text)
    .text                                    0x080022e4   Section        0  tm_stm32f4_usart.o(.text)
    TM_USART_INT_Init                        0x080024e3   Thumb Code   362  tm_stm32f4_usart.o(.text)
    .text                                    0x08002ae4   Section        0  stm32f4xx_usart.o(.text)
    .text                                    0x08002f38   Section        0  memseta.o(.text)
    .text                                    0x08002f5c   Section        0  strlen.o(.text)
    .text                                    0x08002f6c   Section        0  strtok.o(.text)
    .text                                    0x08002fb0   Section        0  dadd.o(.text)
    .text                                    0x080030fe   Section        0  dmul.o(.text)
    .text                                    0x080031e2   Section        0  ddiv.o(.text)
    .text                                    0x080032c0   Section        0  dflti.o(.text)
    .text                                    0x080032e2   Section        0  dfixi.o(.text)
    .text                                    0x08003320   Section        0  dfixui.o(.text)
    .text                                    0x08003352   Section        0  f2d.o(.text)
    .text                                    0x08003378   Section        0  d2f.o(.text)
    .text                                    0x080033b0   Section        0  uidiv.o(.text)
    .text                                    0x080033dc   Section        0  uldiv.o(.text)
    .text                                    0x0800343e   Section        0  llshl.o(.text)
    .text                                    0x0800345c   Section        0  llushr.o(.text)
    .text                                    0x0800347c   Section        0  llsshr.o(.text)
    .text                                    0x080034a0   Section        0  strtod.o(.text)
    _local_sscanf                            0x080034a1   Thumb Code    54  strtod.o(.text)
    .text                                    0x0800353c   Section        0  iusefp.o(.text)
    .text                                    0x0800353c   Section        0  fepilogue.o(.text)
    .text                                    0x080035aa   Section        0  depilogue.o(.text)
    .text                                    0x08003664   Section        0  dfixul.o(.text)
    .text                                    0x08003694   Section       48  cdrcmple.o(.text)
    .text                                    0x080036c4   Section       36  init.o(.text)
    .text                                    0x080036e8   Section        0  isspace_c.o(.text)
    .text                                    0x080036f4   Section        0  scanf_fp.o(.text)
    _fp_value                                0x080036f5   Thumb Code   256  scanf_fp.o(.text)
    .text                                    0x08003a2c   Section        0  _sgetc.o(.text)
    .text                                    0x08003a6c   Section        0  dfltui.o(.text)
    .text                                    0x08003a88   Section        0  ctype_c.o(.text)
    .text                                    0x08003ab0   Section        0  dfltul.o(.text)
    i.__0sprintf                             0x08003ac8   Section        0  printfa.o(i.__0sprintf)
    i.__ARM_fpclassify                       0x08003af0   Section        0  fpclassify.o(i.__ARM_fpclassify)
    i.__hardfp_atof                          0x08003b20   Section        0  atof.o(i.__hardfp_atof)
    i.__hardfp_cos                           0x08003b58   Section        0  cos.o(i.__hardfp_cos)
    i.__hardfp_fabs                          0x08003c20   Section        0  fabs.o(i.__hardfp_fabs)
    i.__hardfp_sin                           0x08003c38   Section        0  sin.o(i.__hardfp_sin)
    i.__ieee754_rem_pio2                     0x08003d00   Section        0  rred.o(i.__ieee754_rem_pio2)
    i.__kernel_cos                           0x08004138   Section        0  cos_i.o(i.__kernel_cos)
    i.__kernel_poly                          0x080042a8   Section        0  poly.o(i.__kernel_poly)
    i.__kernel_sin                           0x080043a0   Section        0  sin_i.o(i.__kernel_sin)
    i.__mathlib_dbl_infnan                   0x080044d0   Section        0  dunder.o(i.__mathlib_dbl_infnan)
    i.__mathlib_dbl_invalid                  0x080044e8   Section        0  dunder.o(i.__mathlib_dbl_invalid)
    i.__mathlib_dbl_underflow                0x08004508   Section        0  dunder.o(i.__mathlib_dbl_underflow)
    i.__read_errno                           0x08004528   Section        0  errno.o(i.__read_errno)
    i.__scatterload_copy                     0x08004534   Section       14  handlers.o(i.__scatterload_copy)
    i.__scatterload_null                     0x08004542   Section        2  handlers.o(i.__scatterload_null)
    i.__scatterload_zeroinit                 0x08004544   Section       14  handlers.o(i.__scatterload_zeroinit)
    i.__set_errno                            0x08004554   Section        0  errno.o(i.__set_errno)
    i._fp_digits                             0x08004560   Section        0  printfa.o(i._fp_digits)
    _fp_digits                               0x08004561   Thumb Code   334  printfa.o(i._fp_digits)
    i._is_digit                              0x080046c4   Section        0  scanf_fp.o(i._is_digit)
    i._printf_core                           0x080046d4   Section        0  printfa.o(i._printf_core)
    _printf_core                             0x080046d5   Thumb Code  1744  printfa.o(i._printf_core)
    i._printf_post_padding                   0x08004db0   Section        0  printfa.o(i._printf_post_padding)
    _printf_post_padding                     0x08004db1   Thumb Code    36  printfa.o(i._printf_post_padding)
    i._printf_pre_padding                    0x08004dd4   Section        0  printfa.o(i._printf_pre_padding)
    _printf_pre_padding                      0x08004dd5   Thumb Code    46  printfa.o(i._printf_pre_padding)
    i._sputc                                 0x08004e02   Section        0  printfa.o(i._sputc)
    _sputc                                   0x08004e03   Thumb Code    10  printfa.o(i._sputc)
    i.fabs                                   0x08004e0c   Section        0  fabs.o(i.fabs)
    .constdata                               0x08004e24   Section       16  led.o(.constdata)
    .constdata                               0x08004e38   Section       48  cos_i.o(.constdata)
    C                                        0x08004e38   Data          48  cos_i.o(.constdata)
    .constdata                               0x08004e68   Section      200  rred.o(.constdata)
    pio2s                                    0x08004e68   Data          48  rred.o(.constdata)
    twooverpi                                0x08004e98   Data         152  rred.o(.constdata)
    .constdata                               0x08004f30   Section       40  sin_i.o(.constdata)
    S                                        0x08004f30   Data          40  sin_i.o(.constdata)
    .constdata                               0x08004f58   Section       64  ctype_c.o(.constdata)
    .data                                    0x20000000   Section       20  system_stm32f4xx.o(.data)
    .data                                    0x20000018   Section       66  blinky.o(.data)
    .data                                    0x2000005a   Section       16  stm32f4xx_rcc.o(.data)
    APBAHBPrescTable                         0x2000005a   Data          16  stm32f4xx_rcc.o(.data)
    .data                                    0x2000006c   Section       96  tm_stm32f4_usart.o(.data)
    .data                                    0x200000cc   Section        4  strtok.o(.data)
    state                                    0x200000cc   Data           4  strtok.o(.data)
    .data                                    0x200000d0   Section        4  errno.o(.data)
    _errno                                   0x200000d0   Data           4  errno.o(.data)
    .bss                                     0x200000d4   Section      512  blinky.o(.bss)
    .bss                                     0x200002d4   Section       22  tm_stm32f4_gpio.o(.bss)
    GPIO_UsedPins                            0x200002d4   Data          22  tm_stm32f4_gpio.o(.bss)
    .bss                                     0x200002ea   Section      192  tm_stm32f4_usart.o(.bss)
    STACK                                    0x200003b0   Section     1024  startup_stm32f40_41xxx.o(STACK)

    Global Symbols

    Symbol Name                              Value     Ov Type        Size  Object(Section)

    BuildAttributes$$THM_ISAv4$E$P$D$K$B$S$7EM$VFPi3$EXTD16$VFPS$VFMA$PE$A:L22UL41UL21$X:L11$S22US41US21$IEEE1$IW$USESV6$~STKCKD$USESV7$~SHL$OTIME$ROPI$IEEEX$EBA8$MICROLIB$REQ8$PRES8$EABIv2 0x00000000   Number         0  anon$$obj.o ABSOLUTE
    __ARM_use_no_argv                        0x00000000   Number         0  blinky.o ABSOLUTE
    _printf_a                                0x00000000   Number         0  stubs.o ABSOLUTE
    _printf_c                                0x00000000   Number         0  stubs.o ABSOLUTE
    _printf_charcount                        0x00000000   Number         0  stubs.o ABSOLUTE
    _printf_d                                0x00000000   Number         0  stubs.o ABSOLUTE
    _printf_e                                0x00000000   Number         0  stubs.o ABSOLUTE
    _printf_f                                0x00000000   Number         0  stubs.o ABSOLUTE
    _printf_flags                            0x00000000   Number         0  stubs.o ABSOLUTE
    _printf_fp_dec                           0x00000000   Number         0  stubs.o ABSOLUTE
    _printf_fp_hex                           0x00000000   Number         0  stubs.o ABSOLUTE
    _printf_g                                0x00000000   Number         0  stubs.o ABSOLUTE
    _printf_i                                0x00000000   Number         0  stubs.o ABSOLUTE
    _printf_int_dec                          0x00000000   Number         0  stubs.o ABSOLUTE
    _printf_l                                0x00000000   Number         0  stubs.o ABSOLUTE
    _printf_lc                               0x00000000   Number         0  stubs.o ABSOLUTE
    _printf_ll                               0x00000000   Number         0  stubs.o ABSOLUTE
    _printf_lld                              0x00000000   Number         0  stubs.o ABSOLUTE
    _printf_lli                              0x00000000   Number         0  stubs.o ABSOLUTE
    _printf_llo                              0x00000000   Number         0  stubs.o ABSOLUTE
    _printf_llu                              0x00000000   Number         0  stubs.o ABSOLUTE
    _printf_llx                              0x00000000   Number         0  stubs.o ABSOLUTE
    _printf_longlong_dec                     0x00000000   Number         0  stubs.o ABSOLUTE
    _printf_longlong_hex                     0x00000000   Number         0  stubs.o ABSOLUTE
    _printf_longlong_oct                     0x00000000   Number         0  stubs.o ABSOLUTE
    _printf_ls                               0x00000000   Number         0  stubs.o ABSOLUTE
    _printf_mbtowc                           0x00000000   Number         0  stubs.o ABSOLUTE
    _printf_n                                0x00000000   Number         0  stubs.o ABSOLUTE
    _printf_o                                0x00000000   Number         0  stubs.o ABSOLUTE
    _printf_p                                0x00000000   Number         0  stubs.o ABSOLUTE
    _printf_percent                          0x00000000   Number         0  stubs.o ABSOLUTE
    _printf_pre_padding                      0x00000000   Number         0  stubs.o ABSOLUTE
    _printf_return_value                     0x00000000   Number         0  stubs.o ABSOLUTE
    _printf_s                                0x00000000   Number         0  stubs.o ABSOLUTE
    _printf_sizespec                         0x00000000   Number         0  stubs.o ABSOLUTE
    _printf_str                              0x00000000   Number         0  stubs.o ABSOLUTE
    _printf_truncate_signed                  0x00000000   Number         0  stubs.o ABSOLUTE
    _printf_truncate_unsigned                0x00000000   Number         0  stubs.o ABSOLUTE
    _printf_u                                0x00000000   Number         0  stubs.o ABSOLUTE
    _printf_wc                               0x00000000   Number         0  stubs.o ABSOLUTE
    _printf_wctomb                           0x00000000   Number         0  stubs.o ABSOLUTE
    _printf_widthprec                        0x00000000   Number         0  stubs.o ABSOLUTE
    _printf_x                                0x00000000   Number         0  stubs.o ABSOLUTE
    __cpp_initialize__aeabi_                  - Undefined Weak Reference
    __cxa_finalize                            - Undefined Weak Reference
    __decompress                              - Undefined Weak Reference
    _clock_init                               - Undefined Weak Reference
    _microlib_exit                            - Undefined Weak Reference
    __Vectors_Size                           0x00000188   Number         0  startup_stm32f40_41xxx.o ABSOLUTE
    __Vectors                                0x08000000   Data           4  startup_stm32f40_41xxx.o(RESET)
    __Vectors_End                            0x08000188   Data           0  startup_stm32f40_41xxx.o(RESET)
    __main                                   0x08000189   Thumb Code     0  entry.o(.ARM.Collect$$$$00000000)
    _main_stk                                0x08000189   Thumb Code     0  entry2.o(.ARM.Collect$$$$00000001)
    _main_scatterload                        0x0800018d   Thumb Code     0  entry5.o(.ARM.Collect$$$$00000004)
    __main_after_scatterload                 0x08000191   Thumb Code     0  entry5.o(.ARM.Collect$$$$00000004)
    _main_clock                              0x08000191   Thumb Code     0  entry7b.o(.ARM.Collect$$$$00000008)
    _main_cpp_init                           0x08000191   Thumb Code     0  entry8b.o(.ARM.Collect$$$$0000000A)
    _main_init                               0x08000191   Thumb Code     0  entry9a.o(.ARM.Collect$$$$0000000B)
    __rt_final_cpp                           0x08000199   Thumb Code     0  entry10a.o(.ARM.Collect$$$$0000000D)
    __rt_final_exit                          0x08000199   Thumb Code     0  entry11a.o(.ARM.Collect$$$$0000000F)
    Reset_Handler                            0x0800019d   Thumb Code     8  startup_stm32f40_41xxx.o(.text)
    NMI_Handler                              0x080001a5   Thumb Code     2  startup_stm32f40_41xxx.o(.text)
    HardFault_Handler                        0x080001a7   Thumb Code     2  startup_stm32f40_41xxx.o(.text)
    MemManage_Handler                        0x080001a9   Thumb Code     2  startup_stm32f40_41xxx.o(.text)
    BusFault_Handler                         0x080001ab   Thumb Code     2  startup_stm32f40_41xxx.o(.text)
    UsageFault_Handler                       0x080001ad   Thumb Code     2  startup_stm32f40_41xxx.o(.text)
    SVC_Handler                              0x080001af   Thumb Code     2  startup_stm32f40_41xxx.o(.text)
    DebugMon_Handler                         0x080001b1   Thumb Code     2  startup_stm32f40_41xxx.o(.text)
    PendSV_Handler                           0x080001b3   Thumb Code     2  startup_stm32f40_41xxx.o(.text)
    ADC_IRQHandler                           0x080001b7   Thumb Code     0  startup_stm32f40_41xxx.o(.text)
    CAN1_RX0_IRQHandler                      0x080001b7   Thumb Code     0  startup_stm32f40_41xxx.o(.text)
    CAN1_RX1_IRQHandler                      0x080001b7   Thumb Code     0  startup_stm32f40_41xxx.o(.text)
    CAN1_SCE_IRQHandler                      0x080001b7   Thumb Code     0  startup_stm32f40_41xxx.o(.text)
    CAN1_TX_IRQHandler                       0x080001b7   Thumb Code     0  startup_stm32f40_41xxx.o(.text)
    CAN2_RX0_IRQHandler                      0x080001b7   Thumb Code     0  startup_stm32f40_41xxx.o(.text)
    CAN2_RX1_IRQHandler                      0x080001b7   Thumb Code     0  startup_stm32f40_41xxx.o(.text)
    CAN2_SCE_IRQHandler                      0x080001b7   Thumb Code     0  startup_stm32f40_41xxx.o(.text)
    CAN2_TX_IRQHandler                       0x080001b7   Thumb Code     0  startup_stm32f40_41xxx.o(.text)
    CRYP_IRQHandler                          0x080001b7   Thumb Code     0  startup_stm32f40_41xxx.o(.text)
    DCMI_IRQHandler                          0x080001b7   Thumb Code     0  startup_stm32f40_41xxx.o(.text)
    DMA1_Stream0_IRQHandler                  0x080001b7   Thumb Code     0  startup_stm32f40_41xxx.o(.text)
    DMA1_Stream1_IRQHandler                  0x080001b7   Thumb Code     0  startup_stm32f40_41xxx.o(.text)
    DMA1_Stream2_IRQHandler                  0x080001b7   Thumb Code     0  startup_stm32f40_41xxx.o(.text)
    DMA1_Stream3_IRQHandler                  0x080001b7   Thumb Code     0  startup_stm32f40_41xxx.o(.text)
    DMA1_Stream4_IRQHandler                  0x080001b7   Thumb Code     0  startup_stm32f40_41xxx.o(.text)
    DMA1_Stream5_IRQHandler                  0x080001b7   Thumb Code     0  startup_stm32f40_41xxx.o(.text)
    DMA1_Stream6_IRQHandler                  0x080001b7   Thumb Code     0  startup_stm32f40_41xxx.o(.text)
    DMA1_Stream7_IRQHandler                  0x080001b7   Thumb Code     0  startup_stm32f40_41xxx.o(.text)
    DMA2_Stream0_IRQHandler                  0x080001b7   Thumb Code     0  startup_stm32f40_41xxx.o(.text)
    DMA2_Stream1_IRQHandler                  0x080001b7   Thumb Code     0  startup_stm32f40_41xxx.o(.text)
    DMA2_Stream2_IRQHandler                  0x080001b7   Thumb Code     0  startup_stm32f40_41xxx.o(.text)
    DMA2_Stream3_IRQHandler                  0x080001b7   Thumb Code     0  startup_stm32f40_41xxx.o(.text)
    DMA2_Stream4_IRQHandler                  0x080001b7   Thumb Code     0  startup_stm32f40_41xxx.o(.text)
    DMA2_Stream5_IRQHandler                  0x080001b7   Thumb Code     0  startup_stm32f40_41xxx.o(.text)
    DMA2_Stream6_IRQHandler                  0x080001b7   Thumb Code     0  startup_stm32f40_41xxx.o(.text)
    DMA2_Stream7_IRQHandler                  0x080001b7   Thumb Code     0  startup_stm32f40_41xxx.o(.text)
    ETH_IRQHandler                           0x080001b7   Thumb Code     0  startup_stm32f40_41xxx.o(.text)
    ETH_WKUP_IRQHandler                      0x080001b7   Thumb Code     0  startup_stm32f40_41xxx.o(.text)
    EXTI0_IRQHandler                         0x080001b7   Thumb Code     0  startup_stm32f40_41xxx.o(.text)
    EXTI1_IRQHandler                         0x080001b7   Thumb Code     0  startup_stm32f40_41xxx.o(.text)
    EXTI2_IRQHandler                         0x080001b7   Thumb Code     0  startup_stm32f40_41xxx.o(.text)
    EXTI3_IRQHandler                         0x080001b7   Thumb Code     0  startup_stm32f40_41xxx.o(.text)
    EXTI4_IRQHandler                         0x080001b7   Thumb Code     0  startup_stm32f40_41xxx.o(.text)
    EXTI9_5_IRQHandler                       0x080001b7   Thumb Code     0  startup_stm32f40_41xxx.o(.text)
    FLASH_IRQHandler                         0x080001b7   Thumb Code     0  startup_stm32f40_41xxx.o(.text)
    FPU_IRQHandler                           0x080001b7   Thumb Code     0  startup_stm32f40_41xxx.o(.text)
    FSMC_IRQHandler                          0x080001b7   Thumb Code     0  startup_stm32f40_41xxx.o(.text)
    HASH_RNG_IRQHandler                      0x080001b7   Thumb Code     0  startup_stm32f40_41xxx.o(.text)
    I2C1_ER_IRQHandler                       0x080001b7   Thumb Code     0  startup_stm32f40_41xxx.o(.text)
    I2C1_EV_IRQHandler                       0x080001b7   Thumb Code     0  startup_stm32f40_41xxx.o(.text)
    I2C2_ER_IRQHandler                       0x080001b7   Thumb Code     0  startup_stm32f40_41xxx.o(.text)
    I2C2_EV_IRQHandler                       0x080001b7   Thumb Code     0  startup_stm32f40_41xxx.o(.text)
    I2C3_ER_IRQHandler                       0x080001b7   Thumb Code     0  startup_stm32f40_41xxx.o(.text)
    I2C3_EV_IRQHandler                       0x080001b7   Thumb Code     0  startup_stm32f40_41xxx.o(.text)
    OTG_FS_IRQHandler                        0x080001b7   Thumb Code     0  startup_stm32f40_41xxx.o(.text)
    OTG_FS_WKUP_IRQHandler                   0x080001b7   Thumb Code     0  startup_stm32f40_41xxx.o(.text)
    OTG_HS_EP1_IN_IRQHandler                 0x080001b7   Thumb Code     0  startup_stm32f40_41xxx.o(.text)
    OTG_HS_EP1_OUT_IRQHandler                0x080001b7   Thumb Code     0  startup_stm32f40_41xxx.o(.text)
    OTG_HS_IRQHandler                        0x080001b7   Thumb Code     0  startup_stm32f40_41xxx.o(.text)
    OTG_HS_WKUP_IRQHandler                   0x080001b7   Thumb Code     0  startup_stm32f40_41xxx.o(.text)
    PVD_IRQHandler                           0x080001b7   Thumb Code     0  startup_stm32f40_41xxx.o(.text)
    RCC_IRQHandler                           0x080001b7   Thumb Code     0  startup_stm32f40_41xxx.o(.text)
    RTC_Alarm_IRQHandler                     0x080001b7   Thumb Code     0  startup_stm32f40_41xxx.o(.text)
    RTC_WKUP_IRQHandler                      0x080001b7   Thumb Code     0  startup_stm32f40_41xxx.o(.text)
    SDIO_IRQHandler                          0x080001b7   Thumb Code     0  startup_stm32f40_41xxx.o(.text)
    SPI1_IRQHandler                          0x080001b7   Thumb Code     0  startup_stm32f40_41xxx.o(.text)
    SPI2_IRQHandler                          0x080001b7   Thumb Code     0  startup_stm32f40_41xxx.o(.text)
    SPI3_IRQHandler                          0x080001b7   Thumb Code     0  startup_stm32f40_41xxx.o(.text)
    TAMP_STAMP_IRQHandler                    0x080001b7   Thumb Code     0  startup_stm32f40_41xxx.o(.text)
    TIM1_BRK_TIM9_IRQHandler                 0x080001b7   Thumb Code     0  startup_stm32f40_41xxx.o(.text)
    TIM1_CC_IRQHandler                       0x080001b7   Thumb Code     0  startup_stm32f40_41xxx.o(.text)
    TIM1_TRG_COM_TIM11_IRQHandler            0x080001b7   Thumb Code     0  startup_stm32f40_41xxx.o(.text)
    TIM1_UP_TIM10_IRQHandler                 0x080001b7   Thumb Code     0  startup_stm32f40_41xxx.o(.text)
    TIM2_IRQHandler                          0x080001b7   Thumb Code     0  startup_stm32f40_41xxx.o(.text)
    TIM3_IRQHandler                          0x080001b7   Thumb Code     0  startup_stm32f40_41xxx.o(.text)
    TIM4_IRQHandler                          0x080001b7   Thumb Code     0  startup_stm32f40_41xxx.o(.text)
    TIM5_IRQHandler                          0x080001b7   Thumb Code     0  startup_stm32f40_41xxx.o(.text)
    TIM6_DAC_IRQHandler                      0x080001b7   Thumb Code     0  startup_stm32f40_41xxx.o(.text)
    TIM7_IRQHandler                          0x080001b7   Thumb Code     0  startup_stm32f40_41xxx.o(.text)
    TIM8_BRK_TIM12_IRQHandler                0x080001b7   Thumb Code     0  startup_stm32f40_41xxx.o(.text)
    TIM8_CC_IRQHandler                       0x080001b7   Thumb Code     0  startup_stm32f40_41xxx.o(.text)
    TIM8_TRG_COM_TIM14_IRQHandler            0x080001b7   Thumb Code     0  startup_stm32f40_41xxx.o(.text)
    TIM8_UP_TIM13_IRQHandler                 0x080001b7   Thumb Code     0  startup_stm32f40_41xxx.o(.text)
    WWDG_IRQHandler                          0x080001b7   Thumb Code     0  startup_stm32f40_41xxx.o(.text)
    SystemInit                               0x0800029d   Thumb Code    88  system_stm32f4xx.o(.text)
    SystemCoreClockUpdate                    0x080002f5   Thumb Code   174  system_stm32f4xx.o(.text)
    LED_Init                                 0x080003d1   Thumb Code    92  led.o(.text)
    LED_On                                   0x0800042d   Thumb Code    18  led.o(.text)
    LED_Off                                  0x0800043f   Thumb Code    18  led.o(.text)
    LED_Out                                  0x08000451   Thumb Code    38  led.o(.text)
    getNrOfDelim                             0x08000485   Thumb Code    32  blinky.o(.text)
    getNumbers                               0x080004a5   Thumb Code   204  blinky.o(.text)
    spindle                                  0x08000571   Thumb Code    30  blinky.o(.text)
    Configure_PB12                           0x0800058f   Thumb Code   126  blinky.o(.text)
    EXTI15_10_IRQHandler                     0x0800060d   Thumb Code    72  blinky.o(.text)
    TM_Delay_Init                            0x08000655   Thumb Code    22  blinky.o(.text)
    TM_DelayMicros                           0x0800066b   Thumb Code    22  blinky.o(.text)
    TM_DelayMillis                           0x08000681   Thumb Code    28  blinky.o(.text)
    SysTick_Handler                          0x0800069d   Thumb Code    12  blinky.o(.text)
    Delay                                    0x080006a9   Thumb Code    18  blinky.o(.text)
    BTN_Init                                 0x080006bb   Thumb Code    56  blinky.o(.text)
    BTN_Get                                  0x080006f3   Thumb Code    10  blinky.o(.text)
    getNumberOfSteps                         0x080006fd   Thumb Code    34  blinky.o(.text)
    runDiag                                  0x0800071f   Thumb Code   494  blinky.o(.text)
    xStep                                    0x0800090d   Thumb Code    60  blinky.o(.text)
    yStep                                    0x08000949   Thumb Code    60  blinky.o(.text)
    zStepP                                   0x08000985   Thumb Code    44  blinky.o(.text)
    zStepN                                   0x080009b1   Thumb Code    44  blinky.o(.text)
    run2                                     0x080009dd   Thumb Code   104  blinky.o(.text)
    run                                      0x08000a45   Thumb Code   524  blinky.o(.text)
    lineZ                                    0x08000c51   Thumb Code   268  blinky.o(.text)
    line                                     0x08000d5d   Thumb Code   352  blinky.o(.text)
    getMM                                    0x08000ebd   Thumb Code    56  blinky.o(.text)
    drawCircle                               0x08000ef5   Thumb Code   300  blinky.o(.text)
    drawCircle2                              0x08001021   Thumb Code   304  blinky.o(.text)
    handShake                                0x08001151   Thumb Code   170  blinky.o(.text)
    main                                     0x080011fb   Thumb Code   574  blinky.o(.text)
    GPIO_DeInit                              0x08001471   Thumb Code   268  stm32f4xx_gpio.o(.text)
    GPIO_Init                                0x0800157d   Thumb Code   144  stm32f4xx_gpio.o(.text)
    GPIO_StructInit                          0x0800160d   Thumb Code    18  stm32f4xx_gpio.o(.text)
    GPIO_PinLockConfig                       0x0800161f   Thumb Code    34  stm32f4xx_gpio.o(.text)
    GPIO_ReadInputDataBit                    0x08001641   Thumb Code    18  stm32f4xx_gpio.o(.text)
    GPIO_ReadInputData                       0x08001653   Thumb Code     8  stm32f4xx_gpio.o(.text)
    GPIO_ReadOutputDataBit                   0x0800165b   Thumb Code    18  stm32f4xx_gpio.o(.text)
    GPIO_ReadOutputData                      0x0800166d   Thumb Code     8  stm32f4xx_gpio.o(.text)
    GPIO_SetBits                             0x08001675   Thumb Code     4  stm32f4xx_gpio.o(.text)
    GPIO_ResetBits                           0x08001679   Thumb Code     4  stm32f4xx_gpio.o(.text)
    GPIO_WriteBit                            0x0800167d   Thumb Code    10  stm32f4xx_gpio.o(.text)
    GPIO_Write                               0x08001687   Thumb Code     4  stm32f4xx_gpio.o(.text)
    GPIO_ToggleBits                          0x0800168b   Thumb Code     8  stm32f4xx_gpio.o(.text)
    GPIO_PinAFConfig                         0x08001693   Thumb Code    70  stm32f4xx_gpio.o(.text)
    RCC_DeInit                               0x08001705   Thumb Code    82  stm32f4xx_rcc.o(.text)
    RCC_HSEConfig                            0x08001757   Thumb Code    14  stm32f4xx_rcc.o(.text)
    RCC_GetFlagStatus                        0x08001765   Thumb Code    60  stm32f4xx_rcc.o(.text)
    RCC_WaitForHSEStartUp                    0x080017a1   Thumb Code    56  stm32f4xx_rcc.o(.text)
    RCC_AdjustHSICalibrationValue            0x080017d9   Thumb Code    20  stm32f4xx_rcc.o(.text)
    RCC_HSICmd                               0x080017ed   Thumb Code     6  stm32f4xx_rcc.o(.text)
    RCC_LSEConfig                            0x080017f3   Thumb Code    46  stm32f4xx_rcc.o(.text)
    RCC_LSICmd                               0x08001821   Thumb Code     6  stm32f4xx_rcc.o(.text)
    RCC_PLLConfig                            0x08001827   Thumb Code    32  stm32f4xx_rcc.o(.text)
    RCC_PLLCmd                               0x08001847   Thumb Code     6  stm32f4xx_rcc.o(.text)
    RCC_PLLI2SConfig                         0x0800184d   Thumb Code    14  stm32f4xx_rcc.o(.text)
    RCC_PLLI2SCmd                            0x0800185b   Thumb Code     6  stm32f4xx_rcc.o(.text)
    RCC_PLLSAIConfig                         0x08001861   Thumb Code    20  stm32f4xx_rcc.o(.text)
    RCC_PLLSAICmd                            0x08001875   Thumb Code     6  stm32f4xx_rcc.o(.text)
    RCC_ClockSecuritySystemCmd               0x0800187b   Thumb Code     6  stm32f4xx_rcc.o(.text)
    RCC_MCO1Config                           0x08001881   Thumb Code    28  stm32f4xx_rcc.o(.text)
    RCC_MCO2Config                           0x0800189d   Thumb Code    28  stm32f4xx_rcc.o(.text)
    RCC_SYSCLKConfig                         0x080018b9   Thumb Code    20  stm32f4xx_rcc.o(.text)
    RCC_GetSYSCLKSource                      0x080018cd   Thumb Code    12  stm32f4xx_rcc.o(.text)
    RCC_HCLKConfig                           0x080018d9   Thumb Code    20  stm32f4xx_rcc.o(.text)
    RCC_PCLK1Config                          0x080018ed   Thumb Code    20  stm32f4xx_rcc.o(.text)
    RCC_PCLK2Config                          0x08001901   Thumb Code    22  stm32f4xx_rcc.o(.text)
    RCC_GetClocksFreq                        0x08001917   Thumb Code   222  stm32f4xx_rcc.o(.text)
    RCC_RTCCLKConfig                         0x080019f5   Thumb Code    54  stm32f4xx_rcc.o(.text)
    RCC_RTCCLKCmd                            0x08001a2b   Thumb Code     8  stm32f4xx_rcc.o(.text)
    RCC_BackupResetCmd                       0x08001a33   Thumb Code     8  stm32f4xx_rcc.o(.text)
    RCC_I2SCLKConfig                         0x08001a3b   Thumb Code     6  stm32f4xx_rcc.o(.text)
    RCC_SAIBlockACLKConfig                   0x08001a41   Thumb Code    20  stm32f4xx_rcc.o(.text)
    RCC_SAIBlockBCLKConfig                   0x08001a55   Thumb Code    20  stm32f4xx_rcc.o(.text)
    RCC_SAIPLLI2SClkDivConfig                0x08001a69   Thumb Code    26  stm32f4xx_rcc.o(.text)
    RCC_SAIPLLSAIClkDivConfig                0x08001a83   Thumb Code    28  stm32f4xx_rcc.o(.text)
    RCC_LTDCCLKDivConfig                     0x08001a9f   Thumb Code    20  stm32f4xx_rcc.o(.text)
    RCC_TIMCLKPresConfig                     0x08001ab3   Thumb Code     6  stm32f4xx_rcc.o(.text)
    RCC_AHB1PeriphClockCmd                   0x08001ab9   Thumb Code    34  stm32f4xx_rcc.o(.text)
    RCC_AHB2PeriphClockCmd                   0x08001adb   Thumb Code    78  stm32f4xx_rcc.o(.text)
    RCC_AHB3PeriphClockCmd                   0x08001b29   Thumb Code    34  stm32f4xx_rcc.o(.text)
    RCC_APB1PeriphClockCmd                   0x08001b4b   Thumb Code    34  stm32f4xx_rcc.o(.text)
    RCC_APB2PeriphClockCmd                   0x08001b6d   Thumb Code    34  stm32f4xx_rcc.o(.text)
    RCC_AHB1PeriphResetCmd                   0x08001b8f   Thumb Code    34  stm32f4xx_rcc.o(.text)
    RCC_AHB2PeriphResetCmd                   0x08001bb1   Thumb Code    34  stm32f4xx_rcc.o(.text)
    RCC_AHB3PeriphResetCmd                   0x08001bd3   Thumb Code    34  stm32f4xx_rcc.o(.text)
    RCC_APB1PeriphResetCmd                   0x08001bf5   Thumb Code    34  stm32f4xx_rcc.o(.text)
    RCC_APB2PeriphResetCmd                   0x08001c17   Thumb Code    34  stm32f4xx_rcc.o(.text)
    RCC_AHB1PeriphClockLPModeCmd             0x08001c39   Thumb Code    34  stm32f4xx_rcc.o(.text)
    RCC_AHB2PeriphClockLPModeCmd             0x08001c5b   Thumb Code    34  stm32f4xx_rcc.o(.text)
    RCC_AHB3PeriphClockLPModeCmd             0x08001c7d   Thumb Code    34  stm32f4xx_rcc.o(.text)
    RCC_APB1PeriphClockLPModeCmd             0x08001c9f   Thumb Code    34  stm32f4xx_rcc.o(.text)
    RCC_APB2PeriphClockLPModeCmd             0x08001cc1   Thumb Code    34  stm32f4xx_rcc.o(.text)
    RCC_LSEModeConfig                        0x08001ce3   Thumb Code    40  stm32f4xx_rcc.o(.text)
    RCC_ITConfig                             0x08001d0b   Thumb Code    34  stm32f4xx_rcc.o(.text)
    RCC_ClearFlag                            0x08001d2d   Thumb Code    18  stm32f4xx_rcc.o(.text)
    RCC_GetITStatus                          0x08001d3f   Thumb Code    22  stm32f4xx_rcc.o(.text)
    RCC_ClearITPendingBit                    0x08001d55   Thumb Code     8  stm32f4xx_rcc.o(.text)
    TM_GPIO_GetPortSource                    0x08001d61   Thumb Code    14  tm_stm32f4_gpio.o(.text)
    TM_GPIO_INT_Init                         0x08001d6f   Thumb Code   170  tm_stm32f4_gpio.o(.text)
    TM_GPIO_INT_EnableClock                  0x08001e19   Thumb Code    28  tm_stm32f4_gpio.o(.text)
    TM_GPIO_Init                             0x08001e35   Thumb Code    48  tm_stm32f4_gpio.o(.text)
    TM_GPIO_InitAlternate                    0x08001e65   Thumb Code   110  tm_stm32f4_gpio.o(.text)
    TM_GPIO_DeInit                           0x08001ed3   Thumb Code    66  tm_stm32f4_gpio.o(.text)
    TM_GPIO_SetPinAsInput                    0x08001f15   Thumb Code    38  tm_stm32f4_gpio.o(.text)
    TM_GPIO_SetPinAsOutput                   0x08001f3b   Thumb Code    46  tm_stm32f4_gpio.o(.text)
    TM_GPIO_SetPinAsAnalog                   0x08001f69   Thumb Code    38  tm_stm32f4_gpio.o(.text)
    TM_GPIO_SetPinAsAlternate                0x08001f8f   Thumb Code    50  tm_stm32f4_gpio.o(.text)
    TM_GPIO_SetPullResistor                  0x08001fc1   Thumb Code    50  tm_stm32f4_gpio.o(.text)
    TM_GPIO_Lock                             0x08001ff3   Thumb Code    16  tm_stm32f4_gpio.o(.text)
    TM_GPIO_GetPinSource                     0x08002003   Thumb Code    18  tm_stm32f4_gpio.o(.text)
    TM_GPIO_INT_DisableClock                 0x08002015   Thumb Code    26  tm_stm32f4_gpio.o(.text)
    TM_GPIO_GetUsedPins                      0x0800202f   Thumb Code    18  tm_stm32f4_gpio.o(.text)
    TM_GPIO_GetFreePins                      0x08002041   Thumb Code    22  tm_stm32f4_gpio.o(.text)
    EXTI_DeInit                              0x08002061   Thumb Code    28  stm32f4xx_exti.o(.text)
    EXTI_Init                                0x0800207d   Thumb Code   142  stm32f4xx_exti.o(.text)
    EXTI_StructInit                          0x0800210b   Thumb Code    16  stm32f4xx_exti.o(.text)
    EXTI_GenerateSWInterrupt                 0x0800211b   Thumb Code    16  stm32f4xx_exti.o(.text)
    EXTI_GetFlagStatus                       0x0800212b   Thumb Code    22  stm32f4xx_exti.o(.text)
    EXTI_ClearFlag                           0x08002141   Thumb Code     8  stm32f4xx_exti.o(.text)
    EXTI_GetITStatus                         0x08002149   Thumb Code    22  stm32f4xx_exti.o(.text)
    EXTI_ClearITPendingBit                   0x0800215f   Thumb Code     8  stm32f4xx_exti.o(.text)
    SYSCFG_DeInit                            0x08002171   Thumb Code    22  stm32f4xx_syscfg.o(.text)
    SYSCFG_MemoryRemapConfig                 0x08002187   Thumb Code     6  stm32f4xx_syscfg.o(.text)
    SYSCFG_MemorySwappingBank                0x0800218d   Thumb Code     6  stm32f4xx_syscfg.o(.text)
    SYSCFG_EXTILineConfig                    0x08002193   Thumb Code    66  stm32f4xx_syscfg.o(.text)
    SYSCFG_ETH_MediaInterfaceConfig          0x080021d5   Thumb Code     8  stm32f4xx_syscfg.o(.text)
    SYSCFG_CompensationCellCmd               0x080021dd   Thumb Code     6  stm32f4xx_syscfg.o(.text)
    SYSCFG_GetCompensationCellStatus         0x080021e3   Thumb Code    22  stm32f4xx_syscfg.o(.text)
    NVIC_PriorityGroupConfig                 0x08002205   Thumb Code    10  misc.o(.text)
    NVIC_Init                                0x0800220f   Thumb Code   106  misc.o(.text)
    NVIC_SetVectorTable                      0x08002279   Thumb Code    14  misc.o(.text)
    NVIC_SystemLPConfig                      0x08002287   Thumb Code    34  misc.o(.text)
    SysTick_CLKSourceConfig                  0x080022a9   Thumb Code    40  misc.o(.text)
    TM_USART_INT_GetSubPriority              0x080022e5   Thumb Code    52  tm_stm32f4_usart.o(.text)
    TM_USART_InitCustomPinsCallback          0x08002319   Thumb Code     2  tm_stm32f4_usart.o(.text)
    TM_USART6_InitPins                       0x0800231b   Thumb Code    66  tm_stm32f4_usart.o(.text)
    TM_UART5_InitPins                        0x0800235d   Thumb Code    60  tm_stm32f4_usart.o(.text)
    TM_UART4_InitPins                        0x08002399   Thumb Code    62  tm_stm32f4_usart.o(.text)
    TM_USART3_InitPins                       0x080023d7   Thumb Code    88  tm_stm32f4_usart.o(.text)
    TM_USART2_InitPins                       0x0800242f   Thumb Code    64  tm_stm32f4_usart.o(.text)
    TM_USART1_InitPins                       0x0800246f   Thumb Code    64  tm_stm32f4_usart.o(.text)
    TM_USART_INT_GetUsart                    0x080024af   Thumb Code    52  tm_stm32f4_usart.o(.text)
    TM_USART_Init                            0x0800264d   Thumb Code   264  tm_stm32f4_usart.o(.text)
    TM_USART_InitWithFlowControl             0x08002755   Thumb Code   196  tm_stm32f4_usart.o(.text)
    TM_USART_Getc                            0x08002819   Thumb Code    68  tm_stm32f4_usart.o(.text)
    TM_USART_FindCharacter                   0x0800285d   Thumb Code    56  tm_stm32f4_usart.o(.text)
    TM_USART_Gets                            0x08002895   Thumb Code    94  tm_stm32f4_usart.o(.text)
    TM_USART_BufferEmpty                     0x080028f3   Thumb Code    32  tm_stm32f4_usart.o(.text)
    TM_USART_BufferFull                      0x08002913   Thumb Code    28  tm_stm32f4_usart.o(.text)
    TM_USART_ClearBuffer                     0x0800292f   Thumb Code    22  tm_stm32f4_usart.o(.text)
    TM_USART_SetCustomStringEndCharacter     0x08002945   Thumb Code    18  tm_stm32f4_usart.o(.text)
    TM_USART_Puts                            0x08002957   Thumb Code    70  tm_stm32f4_usart.o(.text)
    TM_USART_Send                            0x0800299d   Thumb Code    74  tm_stm32f4_usart.o(.text)
    TM_USART_INT_InsertToBuffer              0x080029e7   Thumb Code    40  tm_stm32f4_usart.o(.text)
    USART1_IRQHandler                        0x08002a0f   Thumb Code    26  tm_stm32f4_usart.o(.text)
    USART2_IRQHandler                        0x08002a29   Thumb Code    28  tm_stm32f4_usart.o(.text)
    USART3_IRQHandler                        0x08002a45   Thumb Code    28  tm_stm32f4_usart.o(.text)
    UART4_IRQHandler                         0x08002a61   Thumb Code    28  tm_stm32f4_usart.o(.text)
    UART5_IRQHandler                         0x08002a7d   Thumb Code    26  tm_stm32f4_usart.o(.text)
    USART6_IRQHandler                        0x08002a97   Thumb Code    28  tm_stm32f4_usart.o(.text)
    USART_DeInit                             0x08002ae5   Thumb Code   206  stm32f4xx_usart.o(.text)
    USART_Init                               0x08002bb3   Thumb Code   204  stm32f4xx_usart.o(.text)
    USART_StructInit                         0x08002c7f   Thumb Code    24  stm32f4xx_usart.o(.text)
    USART_ClockInit                          0x08002c97   Thumb Code    32  stm32f4xx_usart.o(.text)
    USART_ClockStructInit                    0x08002cb7   Thumb Code    12  stm32f4xx_usart.o(.text)
    USART_Cmd                                0x08002cc3   Thumb Code    24  stm32f4xx_usart.o(.text)
    USART_SetPrescaler                       0x08002cdb   Thumb Code    16  stm32f4xx_usart.o(.text)
    USART_OverSampling8Cmd                   0x08002ceb   Thumb Code    22  stm32f4xx_usart.o(.text)
    USART_OneBitMethodCmd                    0x08002d01   Thumb Code    24  stm32f4xx_usart.o(.text)
    USART_SendData                           0x08002d19   Thumb Code     8  stm32f4xx_usart.o(.text)
    USART_ReceiveData                        0x08002d21   Thumb Code    10  stm32f4xx_usart.o(.text)
    USART_SetAddress                         0x08002d2b   Thumb Code    18  stm32f4xx_usart.o(.text)
    USART_ReceiverWakeUpCmd                  0x08002d3d   Thumb Code    24  stm32f4xx_usart.o(.text)
    USART_WakeUpConfig                       0x08002d55   Thumb Code    18  stm32f4xx_usart.o(.text)
    USART_LINBreakDetectLengthConfig         0x08002d67   Thumb Code    18  stm32f4xx_usart.o(.text)
    USART_LINCmd                             0x08002d79   Thumb Code    24  stm32f4xx_usart.o(.text)
    USART_SendBreak                          0x08002d91   Thumb Code    10  stm32f4xx_usart.o(.text)
    USART_HalfDuplexCmd                      0x08002d9b   Thumb Code    24  stm32f4xx_usart.o(.text)
    USART_SetGuardTime                       0x08002db3   Thumb Code    16  stm32f4xx_usart.o(.text)
    USART_SmartCardCmd                       0x08002dc3   Thumb Code    24  stm32f4xx_usart.o(.text)
    USART_SmartCardNACKCmd                   0x08002ddb   Thumb Code    24  stm32f4xx_usart.o(.text)
    USART_IrDAConfig                         0x08002df3   Thumb Code    18  stm32f4xx_usart.o(.text)
    USART_IrDACmd                            0x08002e05   Thumb Code    24  stm32f4xx_usart.o(.text)
    USART_DMACmd                             0x08002e1d   Thumb Code    18  stm32f4xx_usart.o(.text)
    USART_ITConfig                           0x08002e2f   Thumb Code    74  stm32f4xx_usart.o(.text)
    USART_GetFlagStatus                      0x08002e79   Thumb Code    26  stm32f4xx_usart.o(.text)
    USART_ClearFlag                          0x08002e93   Thumb Code    18  stm32f4xx_usart.o(.text)
    USART_GetITStatus                        0x08002ea5   Thumb Code   118  stm32f4xx_usart.o(.text)
    USART_ClearITPendingBit                  0x08002f1b   Thumb Code    30  stm32f4xx_usart.o(.text)
    __aeabi_memset                           0x08002f39   Thumb Code    14  memseta.o(.text)
    __aeabi_memset4                          0x08002f39   Thumb Code     0  memseta.o(.text)
    __aeabi_memset8                          0x08002f39   Thumb Code     0  memseta.o(.text)
    __aeabi_memclr                           0x08002f47   Thumb Code     4  memseta.o(.text)
    __aeabi_memclr4                          0x08002f47   Thumb Code     0  memseta.o(.text)
    __aeabi_memclr8                          0x08002f47   Thumb Code     0  memseta.o(.text)
    _memset$wrapper                          0x08002f4b   Thumb Code    18  memseta.o(.text)
    strlen                                   0x08002f5d   Thumb Code    14  strlen.o(.text)
    strtok                                   0x08002f6d   Thumb Code    62  strtok.o(.text)
    __aeabi_dadd                             0x08002fb1   Thumb Code   322  dadd.o(.text)
    __aeabi_dsub                             0x080030f3   Thumb Code     6  dadd.o(.text)
    __aeabi_drsub                            0x080030f9   Thumb Code     6  dadd.o(.text)
    __aeabi_dmul                             0x080030ff   Thumb Code   228  dmul.o(.text)
    __aeabi_ddiv                             0x080031e3   Thumb Code   222  ddiv.o(.text)
    __aeabi_i2d                              0x080032c1   Thumb Code    34  dflti.o(.text)
    __aeabi_d2iz                             0x080032e3   Thumb Code    62  dfixi.o(.text)
    __aeabi_d2uiz                            0x08003321   Thumb Code    50  dfixui.o(.text)
    __aeabi_f2d                              0x08003353   Thumb Code    38  f2d.o(.text)
    __aeabi_d2f                              0x08003379   Thumb Code    56  d2f.o(.text)
    __aeabi_uidiv                            0x080033b1   Thumb Code     0  uidiv.o(.text)
    __aeabi_uidivmod                         0x080033b1   Thumb Code    44  uidiv.o(.text)
    __aeabi_uldivmod                         0x080033dd   Thumb Code    98  uldiv.o(.text)
    __aeabi_llsl                             0x0800343f   Thumb Code    30  llshl.o(.text)
    _ll_shift_l                              0x0800343f   Thumb Code     0  llshl.o(.text)
    __aeabi_llsr                             0x0800345d   Thumb Code    32  llushr.o(.text)
    _ll_ushift_r                             0x0800345d   Thumb Code     0  llushr.o(.text)
    __aeabi_lasr                             0x0800347d   Thumb Code    36  llsshr.o(.text)
    _ll_sshift_r                             0x0800347d   Thumb Code     0  llsshr.o(.text)
    __strtod_int                             0x080034d7   Thumb Code    88  strtod.o(.text)
    __I$use$fp                               0x0800353d   Thumb Code     0  iusefp.o(.text)
    _float_round                             0x0800353d   Thumb Code    18  fepilogue.o(.text)
    _float_epilogue                          0x0800354f   Thumb Code    92  fepilogue.o(.text)
    _double_round                            0x080035ab   Thumb Code    30  depilogue.o(.text)
    _double_epilogue                         0x080035c9   Thumb Code   156  depilogue.o(.text)
    __aeabi_d2ulz                            0x08003665   Thumb Code    48  dfixul.o(.text)
    __aeabi_cdrcmple                         0x08003695   Thumb Code    48  cdrcmple.o(.text)
    __scatterload                            0x080036c5   Thumb Code    28  init.o(.text)
    __scatterload_rt2                        0x080036c5   Thumb Code     0  init.o(.text)
    isspace                                  0x080036e9   Thumb Code    10  isspace_c.o(.text)
    _scanf_real                              0x080037f5   Thumb Code     0  scanf_fp.o(.text)
    _scanf_really_real                       0x080037f5   Thumb Code   556  scanf_fp.o(.text)
    _sgetc                                   0x08003a2d   Thumb Code    30  _sgetc.o(.text)
    _sbackspace                              0x08003a4b   Thumb Code    34  _sgetc.o(.text)
    __aeabi_ui2d                             0x08003a6d   Thumb Code    26  dfltui.o(.text)
    __ctype_lookup                           0x08003a89   Thumb Code    34  ctype_c.o(.text)
    __aeabi_ul2d                             0x08003ab1   Thumb Code    24  dfltul.o(.text)
    __0sprintf                               0x08003ac9   Thumb Code    34  printfa.o(i.__0sprintf)
    __1sprintf                               0x08003ac9   Thumb Code     0  printfa.o(i.__0sprintf)
    __2sprintf                               0x08003ac9   Thumb Code     0  printfa.o(i.__0sprintf)
    __c89sprintf                             0x08003ac9   Thumb Code     0  printfa.o(i.__0sprintf)
    sprintf                                  0x08003ac9   Thumb Code     0  printfa.o(i.__0sprintf)
    __ARM_fpclassify                         0x08003af1   Thumb Code    48  fpclassify.o(i.__ARM_fpclassify)
    __hardfp_atof                            0x08003b21   Thumb Code    44  atof.o(i.__hardfp_atof)
    __hardfp_cos                             0x08003b59   Thumb Code   180  cos.o(i.__hardfp_cos)
    __hardfp_fabs                            0x08003c21   Thumb Code    20  fabs.o(i.__hardfp_fabs)
    __hardfp_sin                             0x08003c39   Thumb Code   180  sin.o(i.__hardfp_sin)
    __ieee754_rem_pio2                       0x08003d01   Thumb Code   938  rred.o(i.__ieee754_rem_pio2)
    __kernel_cos                             0x08004139   Thumb Code   322  cos_i.o(i.__kernel_cos)
    __kernel_poly                            0x080042a9   Thumb Code   248  poly.o(i.__kernel_poly)
    __kernel_sin                             0x080043a1   Thumb Code   280  sin_i.o(i.__kernel_sin)
    __mathlib_dbl_infnan                     0x080044d1   Thumb Code    20  dunder.o(i.__mathlib_dbl_infnan)
    __mathlib_dbl_invalid                    0x080044e9   Thumb Code    24  dunder.o(i.__mathlib_dbl_invalid)
    __mathlib_dbl_underflow                  0x08004509   Thumb Code    24  dunder.o(i.__mathlib_dbl_underflow)
    __read_errno                             0x08004529   Thumb Code     6  errno.o(i.__read_errno)
    __scatterload_copy                       0x08004535   Thumb Code    14  handlers.o(i.__scatterload_copy)
    __scatterload_null                       0x08004543   Thumb Code     2  handlers.o(i.__scatterload_null)
    __scatterload_zeroinit                   0x08004545   Thumb Code    14  handlers.o(i.__scatterload_zeroinit)
    __set_errno                              0x08004555   Thumb Code     6  errno.o(i.__set_errno)
    _is_digit                                0x080046c5   Thumb Code    14  scanf_fp.o(i._is_digit)
    fabs                                     0x08004e0d   Thumb Code    24  fabs.o(i.fabs)
    led_mask                                 0x08004e24   Data          16  led.o(.constdata)
    __ctype_categories                       0x08004f58   Data          64  ctype_c.o(.constdata)
    Region$$Table$$Base                      0x08004f98   Number         0  anon$$obj.o(Region$$Table)
    Region$$Table$$Limit                     0x08004fb8   Number         0  anon$$obj.o(Region$$Table)
    SystemCoreClock                          0x20000000   Data           4  system_stm32f4xx.o(.data)
    AHBPrescTable                            0x20000004   Data          16  system_stm32f4xx.o(.data)
    multiplier                               0x20000018   Data           4  blinky.o(.data)
    counter                                  0x2000001c   Data           4  blinky.o(.data)
    PI                                       0x20000020   Data           8  blinky.o(.data)
    btns                                     0x20000028   Data           4  blinky.o(.data)
    GPIO_InitStructureC                      0x2000002c   Data           8  blinky.o(.data)
    GPIO_InitStructureE                      0x20000034   Data           8  blinky.o(.data)
    step                                     0x2000003c   Data           4  blinky.o(.data)
    MM_PER_SEGMENT                           0x20000040   Data           4  blinky.o(.data)
    step_delay                               0x20000044   Data           4  blinky.o(.data)
    px                                       0x20000048   Data           4  blinky.o(.data)
    py                                       0x2000004c   Data           4  blinky.o(.data)
    pz                                       0x20000050   Data           4  blinky.o(.data)
    msTicks                                  0x20000054   Data           4  blinky.o(.data)
    c                                        0x20000058   Data           2  blinky.o(.data)
    TM_USART1                                0x2000006c   Data          16  tm_stm32f4_usart.o(.data)
    TM_USART2                                0x2000007c   Data          16  tm_stm32f4_usart.o(.data)
    TM_USART3                                0x2000008c   Data          16  tm_stm32f4_usart.o(.data)
    TM_UART4                                 0x2000009c   Data          16  tm_stm32f4_usart.o(.data)
    TM_UART5                                 0x200000ac   Data          16  tm_stm32f4_usart.o(.data)
    TM_USART6                                0x200000bc   Data          16  tm_stm32f4_usart.o(.data)
    buffer                                   0x200000d4   Data         256  blinky.o(.bss)
    serialCoordinates                        0x200001d4   Data         256  blinky.o(.bss)
    TM_USART1_Buffer                         0x200002ea   Data          32  tm_stm32f4_usart.o(.bss)
    TM_USART2_Buffer                         0x2000030a   Data          32  tm_stm32f4_usart.o(.bss)
    TM_USART3_Buffer                         0x2000032a   Data          32  tm_stm32f4_usart.o(.bss)
    TM_UART4_Buffer                          0x2000034a   Data          32  tm_stm32f4_usart.o(.bss)
    TM_UART5_Buffer                          0x2000036a   Data          32  tm_stm32f4_usart.o(.bss)
    TM_USART6_Buffer                         0x2000038a   Data          32  tm_stm32f4_usart.o(.bss)
    __initial_sp                             0x200007b0   Data           0  startup_stm32f40_41xxx.o(STACK)



==============================================================================

Memory Map of the image

  Image Entry point : 0x08000189

  Load Region LR_IROM1 (Base: 0x08000000, Size: 0x0000508c, Max: 0x00100000, ABSOLUTE)

    Execution Region ER_IROM1 (Base: 0x08000000, Size: 0x00004fb8, Max: 0x00100000, ABSOLUTE)

    Base Addr    Size         Type   Attr      Idx    E Section Name        Object

    0x08000000   0x00000188   Data   RO            3    RESET               startup_stm32f40_41xxx.o
    0x08000188   0x00000000   Code   RO          552  * .ARM.Collect$$$$00000000  mc_w.l(entry.o)
    0x08000188   0x00000004   Code   RO          870    .ARM.Collect$$$$00000001  mc_w.l(entry2.o)
    0x0800018c   0x00000004   Code   RO          873    .ARM.Collect$$$$00000004  mc_w.l(entry5.o)
    0x08000190   0x00000000   Code   RO          875    .ARM.Collect$$$$00000008  mc_w.l(entry7b.o)
    0x08000190   0x00000000   Code   RO          877    .ARM.Collect$$$$0000000A  mc_w.l(entry8b.o)
    0x08000190   0x00000008   Code   RO          878    .ARM.Collect$$$$0000000B  mc_w.l(entry9a.o)
    0x08000198   0x00000000   Code   RO          880    .ARM.Collect$$$$0000000D  mc_w.l(entry10a.o)
    0x08000198   0x00000000   Code   RO          882    .ARM.Collect$$$$0000000F  mc_w.l(entry11a.o)
    0x08000198   0x00000004   Code   RO          871    .ARM.Collect$$$$00002712  mc_w.l(entry2.o)
    0x0800019c   0x00000024   Code   RO            4    .text               startup_stm32f40_41xxx.o
    0x080001c0   0x00000210   Code   RO           13    .text               system_stm32f4xx.o
    0x080003d0   0x000000b4   Code   RO          147    .text               led.o
    0x08000484   0x00000fec   Code   RO          200    .text               blinky.o
    0x08001470   0x00000294   Code   RO          281    .text               stm32f4xx_gpio.o
    0x08001704   0x0000065c   Code   RO          305    .text               stm32f4xx_rcc.o
    0x08001d60   0x00000300   Code   RO          357    .text               tm_stm32f4_gpio.o
    0x08002060   0x00000110   Code   RO          389    .text               stm32f4xx_exti.o
    0x08002170   0x00000094   Code   RO          413    .text               stm32f4xx_syscfg.o
    0x08002204   0x000000e0   Code   RO          437    .text               misc.o
    0x080022e4   0x00000800   Code   RO          461    .text               tm_stm32f4_usart.o
    0x08002ae4   0x00000454   Code   RO          495    .text               stm32f4xx_usart.o
    0x08002f38   0x00000024   Code   RO          555    .text               mc_w.l(memseta.o)
    0x08002f5c   0x0000000e   Code   RO          557    .text               mc_w.l(strlen.o)
    0x08002f6a   0x00000002   PAD
    0x08002f6c   0x00000044   Code   RO          559    .text               mc_w.l(strtok.o)
    0x08002fb0   0x0000014e   Code   RO          826    .text               mf_w.l(dadd.o)
    0x080030fe   0x000000e4   Code   RO          828    .text               mf_w.l(dmul.o)
    0x080031e2   0x000000de   Code   RO          830    .text               mf_w.l(ddiv.o)
    0x080032c0   0x00000022   Code   RO          832    .text               mf_w.l(dflti.o)
    0x080032e2   0x0000003e   Code   RO          834    .text               mf_w.l(dfixi.o)
    0x08003320   0x00000032   Code   RO          836    .text               mf_w.l(dfixui.o)
    0x08003352   0x00000026   Code   RO          838    .text               mf_w.l(f2d.o)
    0x08003378   0x00000038   Code   RO          840    .text               mf_w.l(d2f.o)
    0x080033b0   0x0000002c   Code   RO          887    .text               mc_w.l(uidiv.o)
    0x080033dc   0x00000062   Code   RO          889    .text               mc_w.l(uldiv.o)
    0x0800343e   0x0000001e   Code   RO          891    .text               mc_w.l(llshl.o)
    0x0800345c   0x00000020   Code   RO          893    .text               mc_w.l(llushr.o)
    0x0800347c   0x00000024   Code   RO          895    .text               mc_w.l(llsshr.o)
    0x080034a0   0x0000009c   Code   RO          904    .text               mc_w.l(strtod.o)
    0x0800353c   0x00000000   Code   RO          906    .text               mc_w.l(iusefp.o)
    0x0800353c   0x0000006e   Code   RO          907    .text               mf_w.l(fepilogue.o)
    0x080035aa   0x000000ba   Code   RO          909    .text               mf_w.l(depilogue.o)
    0x08003664   0x00000030   Code   RO          913    .text               mf_w.l(dfixul.o)
    0x08003694   0x00000030   Code   RO          915    .text               mf_w.l(cdrcmple.o)
    0x080036c4   0x00000024   Code   RO          921    .text               mc_w.l(init.o)
    0x080036e8   0x0000000a   Code   RO          924    .text               mc_w.l(isspace_c.o)
    0x080036f2   0x00000002   PAD
    0x080036f4   0x00000338   Code   RO          926    .text               mc_w.l(scanf_fp.o)
    0x08003a2c   0x00000040   Code   RO          930    .text               mc_w.l(_sgetc.o)
    0x08003a6c   0x0000001a   Code   RO          933    .text               mf_w.l(dfltui.o)
    0x08003a86   0x00000002   PAD
    0x08003a88   0x00000028   Code   RO          935    .text               mc_w.l(ctype_c.o)
    0x08003ab0   0x00000018   Code   RO          938    .text               mf_w.l(dfltul.o)
    0x08003ac8   0x00000028   Code   RO          800    i.__0sprintf        mc_w.l(printfa.o)
    0x08003af0   0x00000030   Code   RO          917    i.__ARM_fpclassify  m_wm.l(fpclassify.o)
    0x08003b20   0x00000038   Code   RO          516    i.__hardfp_atof     m_wm.l(atof.o)
    0x08003b58   0x000000c8   Code   RO          522    i.__hardfp_cos      m_wm.l(cos.o)
    0x08003c20   0x00000014   Code   RO          534    i.__hardfp_fabs     m_wm.l(fabs.o)
    0x08003c34   0x00000004   PAD
    0x08003c38   0x000000c8   Code   RO          540    i.__hardfp_sin      m_wm.l(sin.o)
    0x08003d00   0x00000438   Code   RO          859    i.__ieee754_rem_pio2  m_wm.l(rred.o)
    0x08004138   0x00000170   Code   RO          842    i.__kernel_cos      m_wm.l(cos_i.o)
    0x080042a8   0x000000f8   Code   RO          919    i.__kernel_poly     m_wm.l(poly.o)
    0x080043a0   0x00000130   Code   RO          864    i.__kernel_sin      m_wm.l(sin_i.o)
    0x080044d0   0x00000014   Code   RO          846    i.__mathlib_dbl_infnan  m_wm.l(dunder.o)
    0x080044e4   0x00000004   PAD
    0x080044e8   0x00000020   Code   RO          848    i.__mathlib_dbl_invalid  m_wm.l(dunder.o)
    0x08004508   0x00000020   Code   RO          851    i.__mathlib_dbl_underflow  m_wm.l(dunder.o)
    0x08004528   0x0000000c   Code   RO          898    i.__read_errno      mc_w.l(errno.o)
    0x08004534   0x0000000e   Code   RO          942    i.__scatterload_copy  mc_w.l(handlers.o)
    0x08004542   0x00000002   Code   RO          943    i.__scatterload_null  mc_w.l(handlers.o)
    0x08004544   0x0000000e   Code   RO          944    i.__scatterload_zeroinit  mc_w.l(handlers.o)
    0x08004552   0x00000002   PAD
    0x08004554   0x0000000c   Code   RO          899    i.__set_errno       mc_w.l(errno.o)
    0x08004560   0x00000164   Code   RO          805    i._fp_digits        mc_w.l(printfa.o)
    0x080046c4   0x0000000e   Code   RO          928    i._is_digit         mc_w.l(scanf_fp.o)
    0x080046d2   0x00000002   PAD
    0x080046d4   0x000006dc   Code   RO          806    i._printf_core      mc_w.l(printfa.o)
    0x08004db0   0x00000024   Code   RO          807    i._printf_post_padding  mc_w.l(printfa.o)
    0x08004dd4   0x0000002e   Code   RO          808    i._printf_pre_padding  mc_w.l(printfa.o)
    0x08004e02   0x0000000a   Code   RO          810    i._sputc            mc_w.l(printfa.o)
    0x08004e0c   0x00000018   Code   RO          536    i.fabs              m_wm.l(fabs.o)
    0x08004e24   0x00000010   Data   RO          148    .constdata          led.o
    0x08004e34   0x00000004   PAD
    0x08004e38   0x00000030   Data   RO          843    .constdata          m_wm.l(cos_i.o)
    0x08004e68   0x000000c8   Data   RO          861    .constdata          m_wm.l(rred.o)
    0x08004f30   0x00000028   Data   RO          865    .constdata          m_wm.l(sin_i.o)
    0x08004f58   0x00000040   Data   RO          936    .constdata          mc_w.l(ctype_c.o)
    0x08004f98   0x00000020   Data   RO          940    Region$$Table       anon$$obj.o


    Execution Region RW_IRAM1 (Base: 0x20000000, Size: 0x000007b0, Max: 0x00020000, ABSOLUTE)

    Base Addr    Size         Type   Attr      Idx    E Section Name        Object

    0x20000000   0x00000014   Data   RW           14    .data               system_stm32f4xx.o
    0x20000014   0x00000004   PAD
    0x20000018   0x00000042   Data   RW          202    .data               blinky.o
    0x2000005a   0x00000010   Data   RW          306    .data               stm32f4xx_rcc.o
    0x2000006a   0x00000002   PAD
    0x2000006c   0x00000060   Data   RW          463    .data               tm_stm32f4_usart.o
    0x200000cc   0x00000004   Data   RW          560    .data               mc_w.l(strtok.o)
    0x200000d0   0x00000004   Data   RW          900    .data               mc_w.l(errno.o)
    0x200000d4   0x00000200   Zero   RW          201    .bss                blinky.o
    0x200002d4   0x00000016   Zero   RW          358    .bss                tm_stm32f4_gpio.o
    0x200002ea   0x000000c0   Zero   RW          462    .bss                tm_stm32f4_usart.o
    0x200003aa   0x00000006   PAD
    0x200003b0   0x00000400   Zero   RW            1    STACK               startup_stm32f40_41xxx.o


==============================================================================

Image component sizes


      Code (inc. data)   RO Data    RW Data    ZI Data      Debug   Object Name

      4076        196          0         66        512       9600   blinky.o
       180         14         16          0          0       1605   led.o
       224         20          0          0          0       1949   misc.o
        36          8        392          0       1024        844   startup_stm32f40_41xxx.o
       272         10          0          0          0       2395   stm32f4xx_exti.o
       660         44          0          0          0       4069   stm32f4xx_gpio.o
      1628         52          0         16          0      12856   stm32f4xx_rcc.o
       148         12          0          0          0       1893   stm32f4xx_syscfg.o
      1108         34          0          0          0       7924   stm32f4xx_usart.o
       528         46          0         20          0     272559   system_stm32f4xx.o
       768         10          0          0         22       7396   tm_stm32f4_gpio.o
      2048        122          0         96        192      12367   tm_stm32f4_usart.o

    ----------------------------------------------------------------------
     11676        568        444        204       1756     335457   Object Totals
         0          0         32          0          0          0   (incl. Generated)
         0          0          4          6          6          0   (incl. Padding)

    ----------------------------------------------------------------------

      Code (inc. data)   RO Data    RW Data    ZI Data      Debug   Library Member Name

        56         12          0          0          0        132   atof.o
       200         20          0          0          0        164   cos.o
       368         46         48          0          0        200   cos_i.o
        84         16          0          0          0        372   dunder.o
        44          0          0          0          0        248   fabs.o
        48          0          0          0          0        124   fpclassify.o
       248          0          0          0          0        152   poly.o
      1080        142        200          0          0        188   rred.o
       200         20          0          0          0        164   sin.o
       304         24         40          0          0        208   sin_i.o
        64          0          0          0          0         84   _sgetc.o
        40          6         64          0          0         68   ctype_c.o
         0          0          0          0          0          0   entry.o
         0          0          0          0          0          0   entry10a.o
         0          0          0          0          0          0   entry11a.o
         8          4          0          0          0          0   entry2.o
         4          0          0          0          0          0   entry5.o
         0          0          0          0          0          0   entry7b.o
         0          0          0          0          0          0   entry8b.o
         8          4          0          0          0          0   entry9a.o
        24         12          0          4          0        136   errno.o
        30          0          0          0          0          0   handlers.o
        36          8          0          0          0         68   init.o
        10          0          0          0          0         68   isspace_c.o
         0          0          0          0          0          0   iusefp.o
        30          0          0          0          0         68   llshl.o
        36          0          0          0          0         68   llsshr.o
        32          0          0          0          0         68   llushr.o
        36          0          0          0          0        108   memseta.o
      2244         86          0          0          0        512   printfa.o
       838         12          0          0          0        216   scanf_fp.o
        14          0          0          0          0         68   strlen.o
       156         14          0          0          0        120   strtod.o
        68          6          0          4          0         80   strtok.o
        44          0          0          0          0         80   uidiv.o
        98          0          0          0          0         92   uldiv.o
        48          0          0          0          0         68   cdrcmple.o
        56          0          0          0          0         88   d2f.o
       334          0          0          0          0        148   dadd.o
       222          0          0          0          0        100   ddiv.o
       186          0          0          0          0        176   depilogue.o
        62          0          0          0          0         80   dfixi.o
        50          0          0          0          0         76   dfixui.o
        48          0          0          0          0         68   dfixul.o
        34          0          0          0          0         76   dflti.o
        26          0          0          0          0         76   dfltui.o
        24          0          0          0          0         76   dfltul.o
       228          0          0          0          0         96   dmul.o
        38          0          0          0          0         68   f2d.o
       110          0          0          0          0        168   fepilogue.o

    ----------------------------------------------------------------------
      7936        432        352          8          0       5220   Library Totals
        18          0          0          0          0          0   (incl. Padding)

    ----------------------------------------------------------------------

      Code (inc. data)   RO Data    RW Data    ZI Data      Debug   Library Name

      2632        280        288          0          0       1952   m_wm.l
      3820        152         64          8          0       1904   mc_w.l
      1466          0          0          0          0       1364   mf_w.l

    ----------------------------------------------------------------------
      7936        432        352          8          0       5220   Library Totals

    ----------------------------------------------------------------------

==============================================================================


      Code (inc. data)   RO Data    RW Data    ZI Data      Debug   

     19612       1000        796        212       1756     334765   Grand Totals
     19612       1000        796        212       1756     334765   ELF Image Totals
     19612       1000        796        212          0          0   ROM Totals

==============================================================================

    Total RO  Size (Code + RO Data)                20408 (  19.93kB)
    Total RW  Size (RW Data + ZI Data)              1968 (   1.92kB)
    Total ROM Size (Code + RO Data + RW Data)      20620 (  20.14kB)

==============================================================================

