<html>
<body>
<pre>
<h1>µVision Build Log</h1>
<h2>Tool Versions:</h2>
IDE-Version: µVision V5.15
Copyright (C) 2015 ARM Ltd and ARM Germany GmbH. All rights reserved.
License Information: m b, world, LIC=----
 
Tool Versions:
Toolchain:       MDK-Lite  Version: 5.15.0
Toolchain Path:  C:\Keil_v5\ARM\ARMCC\Bin
C Compiler:      Armcc.exe V5.05 update 2 (build 169)
Assembler:       Armasm.exe V5.05 update 2 (build 169)
Linker/Locator:  ArmLink.exe V5.05 update 2 (build 169)
Library Manager: ArmAr.exe V5.05 update 2 (build 169)
Hex Converter:   FromElf.exe V5.05 update 2 (build 169)
CPU DLL:         SARMCM3.DLL V5.15.0
Dialog DLL:      DCM.DLL V1.13.2.0
Target DLL:      STLink\ST-LINKIII-KEIL_SWO.dll V2.0.15.0_KEIL
Dialog DLL:      TCM.DLL V1.14.5.0
 
<h2>Project:</h2>
C:\Users\JumpMan\Desktop\Serial Pre-Release Test v2\Serial Betal Test\Blinky\Blinky.uvproj
Project File Date:  09/24/2015

<h2>Output:</h2>
*** Using Compiler 'V5.05 update 2 (build 169)', folder: 'C:\Keil_v5\ARM\ARMCC\Bin'
Build target 'STM32F407 Flash'
compiling Blinky.c...
Blinky.c(52): warning:  #177-D: variable "size" was declared but never referenced
        int size = 0;
Blinky.c(599): warning:  #550-D: variable "xmm" was set but never used
        double xmm=0;
Blinky.c(600): warning:  #550-D: variable "ymm" was set but never used
        double ymm=0;
Blinky.c(727): warning:  #111-D: statement is unreachable
                                clickCNT++;
Blinky.c(630): warning:  #177-D: variable "i" was declared but never referenced
                int i=0;
Blinky.c(632): warning:  #177-D: variable "size" was declared but never referenced
                int size;
Blinky.c(635): warning:  #177-D: variable "bufferX" was declared but never referenced
                char bufferX[128];
Blinky.c(636): warning:  #177-D: variable "bufferY" was declared but never referenced
                char bufferY[128];
Blinky.c(637): warning:  #177-D: variable "bufferZ" was declared but never referenced
                char bufferZ[128];
Blinky.c(535): warning:  #177-D: function "arc" was declared but never referenced
  static void arc(float cx,float cy,float x,float y,float dir) {
Blinky.c: 10 warnings, 0 errors
linking...
Program Size: Code=21860 RO-data=956 RW-data=212 ZI-data=1244  
".\Flash\Blinky.axf" - 0 Error(s), 10 Warning(s).
</pre>
</body>
</html>
