Component: ARM Compiler 5.05 update 2 (build 169) Tool: armlink [4d0f33]

==============================================================================

Section Cross References

    startup_stm32f40_41xxx.o(RESET) refers to startup_stm32f40_41xxx.o(STACK) for __initial_sp
    startup_stm32f40_41xxx.o(RESET) refers to startup_stm32f40_41xxx.o(.text) for Reset_Handler
    startup_stm32f40_41xxx.o(RESET) refers to blinky.o(.text) for SysTick_Handler
    startup_stm32f40_41xxx.o(RESET) refers to tm_stm32f4_usart.o(.text) for USART1_IRQHandler
    startup_stm32f40_41xxx.o(.text) refers to system_stm32f4xx.o(.text) for SystemInit
    startup_stm32f40_41xxx.o(.text) refers to entry.o(.ARM.Collect$$$$00000000) for __main
    system_stm32f4xx.o(.text) refers to system_stm32f4xx.o(.data) for SystemCoreClock
    led.o(.text) refers to led.o(.constdata) for led_mask
    blinky.o(.text) refers to strlen.o(.text) for strlen
    blinky.o(.text) refers to atof.o(i.__hardfp_atof) for __hardfp_atof
    blinky.o(.text) refers to strtok.o(.text) for strtok
    blinky.o(.text) refers to stm32f4xx_gpio.o(.text) for GPIO_ResetBits
    blinky.o(.text) refers to stm32f4xx_rcc.o(.text) for RCC_AHB1PeriphClockCmd
    blinky.o(.text) refers to stm32f4xx_syscfg.o(.text) for SYSCFG_EXTILineConfig
    blinky.o(.text) refers to stm32f4xx_exti.o(.text) for EXTI_Init
    blinky.o(.text) refers to misc.o(.text) for NVIC_Init
    blinky.o(.text) refers to led.o(.text) for LED_Out
    blinky.o(.text) refers to dflti.o(.text) for __aeabi_i2d
    blinky.o(.text) refers to ddiv.o(.text) for __aeabi_ddiv
    blinky.o(.text) refers to dfixui.o(.text) for __aeabi_d2uiz
    blinky.o(.text) refers to blinky.o(.data) for counter
    blinky.o(.text) refers to fabs.o(i.__hardfp_fabs) for __hardfp_fabs
    blinky.o(.text) refers to dfixi.o(.text) for __aeabi_d2iz
    blinky.o(.text) refers to dmul.o(.text) for __aeabi_dmul
    blinky.o(.text) refers to d2f.o(.text) for __aeabi_d2f
    blinky.o(.text) refers to f2d.o(.text) for __aeabi_f2d
    blinky.o(.text) refers to cos.o(i.__hardfp_cos) for __hardfp_cos
    blinky.o(.text) refers to dadd.o(.text) for __aeabi_dadd
    blinky.o(.text) refers to sin.o(i.__hardfp_sin) for __hardfp_sin
    blinky.o(.text) refers to memseta.o(.text) for __aeabi_memclr4
    blinky.o(.text) refers to system_stm32f4xx.o(.text) for SystemInit
    blinky.o(.text) refers to tm_stm32f4_usart.o(.text) for TM_USART_Init
    blinky.o(.text) refers to printfa.o(i.__0sprintf) for __2sprintf
    stm32f4xx_gpio.o(.text) refers to stm32f4xx_rcc.o(.text) for RCC_AHB1PeriphResetCmd
    stm32f4xx_rcc.o(.text) refers to stm32f4xx_rcc.o(.data) for APBAHBPrescTable
    tm_stm32f4_disco.o(.text) refers to tm_stm32f4_gpio.o(.text) for TM_GPIO_Init
    tm_stm32f4_disco.o(.text) refers to tm_stm32f4_disco.o(.data) for TM_INT_DISCO_ButtonPressed
    tm_stm32f4_gpio.o(.text) refers to tm_stm32f4_gpio.o(.bss) for GPIO_UsedPins
    stm32f4xx_syscfg.o(.text) refers to stm32f4xx_rcc.o(.text) for RCC_APB2PeriphResetCmd
    tm_stm32f4_usart.o(.text) refers to tm_stm32f4_gpio.o(.text) for TM_GPIO_InitAlternate
    tm_stm32f4_usart.o(.text) refers to stm32f4xx_usart.o(.text) for USART_DeInit
    tm_stm32f4_usart.o(.text) refers to misc.o(.text) for NVIC_Init
    tm_stm32f4_usart.o(.text) refers to tm_stm32f4_usart.o(.data) for TM_USART1
    tm_stm32f4_usart.o(.data) refers to tm_stm32f4_usart.o(.bss) for TM_USART1_Buffer
    stm32f4xx_usart.o(.text) refers to stm32f4xx_rcc.o(.text) for RCC_APB2PeriphResetCmd
    atof.o(i.__hardfp_atof) refers (Special) to iusefp.o(.text) for __I$use$fp
    atof.o(i.__hardfp_atof) refers to errno.o(i.__read_errno) for __read_errno
    atof.o(i.__hardfp_atof) refers to strtod.o(.text) for __strtod_int
    atof.o(i.__hardfp_atof) refers to errno.o(i.__set_errno) for __set_errno
    atof.o(i.__softfp_atof) refers (Special) to iusefp.o(.text) for __I$use$fp
    atof.o(i.__softfp_atof) refers to errno.o(i.__read_errno) for __read_errno
    atof.o(i.__softfp_atof) refers to strtod.o(.text) for __strtod_int
    atof.o(i.__softfp_atof) refers to errno.o(i.__set_errno) for __set_errno
    atof.o(i.atof) refers (Special) to iusefp.o(.text) for __I$use$fp
    atof.o(i.atof) refers to errno.o(i.__read_errno) for __read_errno
    atof.o(i.atof) refers to strtod.o(.text) for __strtod_int
    atof.o(i.atof) refers to errno.o(i.__set_errno) for __set_errno
    cos.o(i.__hardfp_cos) refers (Special) to iusefp.o(.text) for __I$use$fp
    cos.o(i.__hardfp_cos) refers to errno.o(i.__set_errno) for __set_errno
    cos.o(i.__hardfp_cos) refers to dunder.o(i.__mathlib_dbl_invalid) for __mathlib_dbl_invalid
    cos.o(i.__hardfp_cos) refers to dunder.o(i.__mathlib_dbl_infnan) for __mathlib_dbl_infnan
    cos.o(i.__hardfp_cos) refers to rred.o(i.__ieee754_rem_pio2) for __ieee754_rem_pio2
    cos.o(i.__hardfp_cos) refers to sin_i.o(i.__kernel_sin) for __kernel_sin
    cos.o(i.__hardfp_cos) refers to cos_i.o(i.__kernel_cos) for __kernel_cos
[...]
    printf8.o(i.__0vfprintf$8) refers to printf8.o(i._printf_core) for _printf_core
    printf8.o(i.__0vfprintf$8) refers to fputc.o(i.fputc) for fputc
    printf8.o(i.__0vprintf$8) refers to printf8.o(i._printf_core) for _printf_core
    printf8.o(i.__0vprintf$8) refers to fputc.o(i.fputc) for fputc
    printf8.o(i.__0vprintf$8) refers to stdout.o(.data) for __stdout
    printf8.o(i.__0vsnprintf$8) refers to printf8.o(i._printf_core) for _printf_core
    printf8.o(i.__0vsnprintf$8) refers to printf8.o(i._snputc) for _snputc
    printf8.o(i.__0vsprintf$8) refers to printf8.o(i._printf_core) for _printf_core
    printf8.o(i.__0vsprintf$8) refers to printf8.o(i._sputc) for _sputc
    printf8.o(i._printf_core) refers to printf8.o(i._printf_pre_padding) for _printf_pre_padding
    printf8.o(i._printf_core) refers to uldiv.o(.text) for __aeabi_uldivmod
    printf8.o(i._printf_core) refers to printf8.o(i._printf_post_padding) for _printf_post_padding
    printfa.o(i.__0fprintf) refers (Special) to iusefp.o(.text) for __I$use$fp
    printfa.o(i.__0fprintf) refers to printfa.o(i._printf_core) for _printf_core
    printfa.o(i.__0fprintf) refers to fputc.o(i.fputc) for fputc
    printfa.o(i.__0printf) refers (Special) to iusefp.o(.text) for __I$use$fp
    printfa.o(i.__0printf) refers to printfa.o(i._printf_core) for _printf_core
    printfa.o(i.__0printf) refers to fputc.o(i.fputc) for fputc
    printfa.o(i.__0printf) refers to stdout.o(.data) for __stdout
    printfa.o(i.__0snprintf) refers (Special) to iusefp.o(.text) for __I$use$fp
    printfa.o(i.__0snprintf) refers to printfa.o(i._printf_core) for _printf_core
    printfa.o(i.__0snprintf) refers to printfa.o(i._snputc) for _snputc
    printfa.o(i.__0sprintf) refers (Special) to iusefp.o(.text) for __I$use$fp
    printfa.o(i.__0sprintf) refers to printfa.o(i._printf_core) for _printf_core
    printfa.o(i.__0sprintf) refers to printfa.o(i._sputc) for _sputc
    printfa.o(i.__0vfprintf) refers (Special) to iusefp.o(.text) for __I$use$fp
    printfa.o(i.__0vfprintf) refers to printfa.o(i._printf_core) for _printf_core
    printfa.o(i.__0vfprintf) refers to fputc.o(i.fputc) for fputc
    printfa.o(i.__0vprintf) refers (Special) to iusefp.o(.text) for __I$use$fp
    printfa.o(i.__0vprintf) refers to printfa.o(i._printf_core) for _printf_core
    printfa.o(i.__0vprintf) refers to fputc.o(i.fputc) for fputc
    printfa.o(i.__0vprintf) refers to stdout.o(.data) for __stdout
    printfa.o(i.__0vsnprintf) refers (Special) to iusefp.o(.text) for __I$use$fp
    printfa.o(i.__0vsnprintf) refers to printfa.o(i._printf_core) for _printf_core
    printfa.o(i.__0vsnprintf) refers to printfa.o(i._snputc) for _snputc
    printfa.o(i.__0vsprintf) refers (Special) to iusefp.o(.text) for __I$use$fp
    printfa.o(i.__0vsprintf) refers to printfa.o(i._printf_core) for _printf_core
    printfa.o(i.__0vsprintf) refers to printfa.o(i._sputc) for _sputc
    printfa.o(i._fp_digits) refers (Special) to iusefp.o(.text) for __I$use$fp
    printfa.o(i._fp_digits) refers to dmul.o(.text) for __aeabi_dmul
    printfa.o(i._fp_digits) refers to ddiv.o(.text) for __aeabi_ddiv
    printfa.o(i._fp_digits) refers to cdrcmple.o(.text) for __aeabi_cdrcmple
    printfa.o(i._fp_digits) refers to dadd.o(.text) for __aeabi_dadd
    printfa.o(i._fp_digits) refers to dfixul.o(.text) for __aeabi_d2ulz
    printfa.o(i._fp_digits) refers to uldiv.o(.text) for __aeabi_uldivmod
    printfa.o(i._printf_core) refers (Special) to iusefp.o(.text) for __I$use$fp
    printfa.o(i._printf_core) refers to printfa.o(i._printf_pre_padding) for _printf_pre_padding
    printfa.o(i._printf_core) refers to uldiv.o(.text) for __aeabi_uldivmod
    printfa.o(i._printf_core) refers to printfa.o(i._printf_post_padding) for _printf_post_padding
    printfa.o(i._printf_core) refers to printfa.o(i._fp_digits) for _fp_digits
    printfa.o(i._printf_core) refers to uidiv.o(.text) for __aeabi_uidivmod
    printfa.o(i._printf_post_padding) refers (Special) to iusefp.o(.text) for __I$use$fp
    printfa.o(i._printf_pre_padding) refers (Special) to iusefp.o(.text) for __I$use$fp
    printfa.o(i._snputc) refers (Special) to iusefp.o(.text) for __I$use$fp
    printfa.o(i._sputc) refers (Special) to iusefp.o(.text) for __I$use$fp
    dadd.o(.text) refers (Special) to iusefp.o(.text) for __I$use$fp
    dadd.o(.text) refers to llshl.o(.text) for __aeabi_llsl
    dadd.o(.text) refers to llsshr.o(.text) for __aeabi_lasr
    dadd.o(.text) refers to depilogue.o(.text) for _double_epilogue
    dmul.o(.text) refers (Special) to iusefp.o(.text) for __I$use$fp
    dmul.o(.text) refers to depilogue.o(.text) for _double_epilogue
    ddiv.o(.text) refers (Special) to iusefp.o(.text) for __I$use$fp
    ddiv.o(.text) refers to depilogue.o(.text) for _double_round
    dflti.o(.text) refers (Special) to iusefp.o(.text) for __I$use$fp
    dflti.o(.text) refers to depilogue.o(.text) for _double_epilogue
    dfixi.o(.text) refers (Special) to iusefp.o(.text) for __I$use$fp
    dfixi.o(.text) refers to llushr.o(.text) for __aeabi_llsr
    dfixui.o(.text) refers (Special) to iusefp.o(.text) for __I$use$fp
    dfixui.o(.text) refers to llushr.o(.text) for __aeabi_llsr
    f2d.o(.text) refers (Special) to iusefp.o(.text) for __I$use$fp
    d2f.o(.text) refers (Special) to iusefp.o(.text) for __I$use$fp
    d2f.o(.text) refers to fepilogue.o(.text) for _float_round
    cos_i.o(i.__kernel_cos) refers (Special) to iusefp.o(.text) for __I$use$fp
    cos_i.o(i.__kernel_cos) refers to dfixi.o(.text) for __aeabi_d2iz
    cos_i.o(i.__kernel_cos) refers to dmul.o(.text) for __aeabi_dmul
    cos_i.o(i.__kernel_cos) refers to poly.o(i.__kernel_poly) for __kernel_poly
    cos_i.o(i.__kernel_cos) refers to dadd.o(.text) for __aeabi_dsub
    cos_i.o(i.__kernel_cos) refers to cos_i.o(.constdata) for .constdata
    cos_i.o(.constdata) refers (Special) to iusefp.o(.text) for __I$use$fp
    dunder.o(i.__mathlib_dbl_divzero) refers to ddiv.o(.text) for __aeabi_ddiv
    dunder.o(i.__mathlib_dbl_infnan) refers to dadd.o(.text) for __aeabi_dadd
    dunder.o(i.__mathlib_dbl_infnan2) refers to dadd.o(.text) for __aeabi_dadd
    dunder.o(i.__mathlib_dbl_invalid) refers to ddiv.o(.text) for __aeabi_ddiv
    dunder.o(i.__mathlib_dbl_overflow) refers to dmul.o(.text) for __aeabi_dmul
    dunder.o(i.__mathlib_dbl_posinfnan) refers to dmul.o(.text) for __aeabi_dmul
    dunder.o(i.__mathlib_dbl_underflow) refers to dmul.o(.text) for __aeabi_dmul
    rred.o(i.__ieee754_rem_pio2) refers (Special) to iusefp.o(.text) for __I$use$fp
    rred.o(i.__ieee754_rem_pio2) refers to dadd.o(.text) for __aeabi_dsub
    rred.o(i.__ieee754_rem_pio2) refers to fabs.o(i.fabs) for fabs
    rred.o(i.__ieee754_rem_pio2) refers to dmul.o(.text) for __aeabi_dmul
    rred.o(i.__ieee754_rem_pio2) refers to dfixi.o(.text) for __aeabi_d2iz
    rred.o(i.__ieee754_rem_pio2) refers to dflti.o(.text) for __aeabi_i2d
    rred.o(i.__ieee754_rem_pio2) refers to dfltui.o(.text) for __aeabi_ui2d
    rred.o(i.__ieee754_rem_pio2) refers to rred.o(.constdata) for .constdata
    rred.o(i.__use_accurate_range_reduction) refers (Special) to iusefp.o(.text) for __I$use$fp
    rred.o(.constdata) refers (Special) to iusefp.o(.text) for __I$use$fp
    sin_i.o(i.__kernel_sin) refers (Special) to iusefp.o(.text) for __I$use$fp
    sin_i.o(i.__kernel_sin) refers to fpclassify.o(i.__ARM_fpclassify) for __ARM_fpclassify
    sin_i.o(i.__kernel_sin) refers to dunder.o(i.__mathlib_dbl_underflow) for __mathlib_dbl_underflow
    sin_i.o(i.__kernel_sin) refers to dmul.o(.text) for __aeabi_dmul
    sin_i.o(i.__kernel_sin) refers to poly.o(i.__kernel_poly) for __kernel_poly
    sin_i.o(i.__kernel_sin) refers to dadd.o(.text) for __aeabi_dsub
    sin_i.o(i.__kernel_sin) refers to sin_i.o(.constdata) for .constdata
    sin_i.o(.constdata) refers (Special) to iusefp.o(.text) for __I$use$fp
    sin_i_x.o(i.____kernel_sin$lsc) refers (Special) to iusefp.o(.text) for __I$use$fp
    sin_i_x.o(i.____kernel_sin$lsc) refers to dmul.o(.text) for __aeabi_dmul
    sin_i_x.o(i.____kernel_sin$lsc) refers to poly.o(i.__kernel_poly) for __kernel_poly
    sin_i_x.o(i.____kernel_sin$lsc) refers to dadd.o(.text) for __aeabi_dsub
    sin_i_x.o(i.____kernel_sin$lsc) refers to sin_i_x.o(.constdata) for .constdata
    sin_i_x.o(.constdata) refers (Special) to iusefp.o(.text) for __I$use$fp
    entry2.o(.ARM.Collect$$$$00000001) refers to entry2.o(.ARM.Collect$$$$00002712) for __lit__00000000
    entry2.o(.ARM.Collect$$$$00002712) refers to startup_stm32f40_41xxx.o(STACK) for __initial_sp
    entry2.o(__vectab_stack_and_reset_area) refers to startup_stm32f40_41xxx.o(STACK) for __initial_sp
    entry2.o(__vectab_stack_and_reset_area) refers to entry.o(.ARM.Collect$$$$00000000) for __main
    entry5.o(.ARM.Collect$$$$00000004) refers to init.o(.text) for __scatterload
    entry9a.o(.ARM.Collect$$$$0000000B) refers to blinky.o(.text) for main
    entry9b.o(.ARM.Collect$$$$0000000C) refers to blinky.o(.text) for main
    fputc.o(i.fputc) refers (Special) to iusesemip.o(.text) for __I$use$semihosting$fputc
    fputc.o(i.fputc) refers (Special) to semi.o(.text) for __semihosting_library_function
    uldiv.o(.text) refers to llushr.o(.text) for __aeabi_llsr
    uldiv.o(.text) refers to llshl.o(.text) for __aeabi_llsl
    errno.o(i.__aeabi_errno_addr) refers to errno.o(.data) for .data
    errno.o(i.__read_errno) refers to errno.o(.data) for .data
    errno.o(i.__set_errno) refers to errno.o(.data) for .data
    strtod.o(.text) refers to scanf_fp.o(.text) for _scanf_real
    strtod.o(.text) refers to _sgetc.o(.text) for _sgetc
    strtod.o(.text) refers to isspace_c.o(.text) for isspace
    depilogue.o(.text) refers to llshl.o(.text) for __aeabi_llsl
    depilogue.o(.text) refers to llushr.o(.text) for __aeabi_llsr
    dfixul.o(.text) refers to llushr.o(.text) for __aeabi_llsr
    dfixul.o(.text) refers to llshl.o(.text) for __aeabi_llsl
    fpclassify.o(i.__ARM_fpclassify) refers (Special) to iusefp.o(.text) for __I$use$fp
    poly.o(i.__kernel_poly) refers (Special) to iusefp.o(.text) for __I$use$fp
    poly.o(i.__kernel_poly) refers to dmul.o(.text) for __aeabi_dmul
    poly.o(i.__kernel_poly) refers to dadd.o(.text) for __aeabi_dadd
    init.o(.text) refers to entry5.o(.ARM.Collect$$$$00000004) for __main_after_scatterload
    isspace_c.o(.text) refers to ctype_c.o(.text) for __ctype_lookup
    scanf_fp.o(.text) refers (Special) to iusefp.o(.text) for __I$use$fp
    scanf_fp.o(.text) refers to dfltul.o(.text) for __aeabi_ul2d
    scanf_fp.o(.text) refers to dmul.o(.text) for __aeabi_dmul
    scanf_fp.o(.text) refers to ddiv.o(.text) for __aeabi_ddiv
    scanf_fp.o(.text) refers to scanf_fp.o(i._is_digit) for _is_digit
    scanf_fp.o(.text) refers to d2f.o(.text) for __aeabi_d2f
    dfltui.o(.text) refers to depilogue.o(.text) for _double_epilogue
    ctype_c.o(.text) refers to ctype_c.o(.constdata) for .constdata
    dfltul.o(.text) refers to depilogue.o(.text) for _double_epilogue
    scanf_fp.o(i._is_digit) refers (Special) to iusefp.o(.text) for __I$use$fp


==============================================================================

Removing Unused input sections from the image.

    Removing startup_stm32f40_41xxx.o(HEAP), (512 bytes).
    Removing system_stm32f4xx.o(.rev16_text), (4 bytes).
    Removing system_stm32f4xx.o(.revsh_text), (4 bytes).
    Removing system_stm32f4xx.o(.rrx_text), (6 bytes).
    Removing led.o(.rev16_text), (4 bytes).
    Removing led.o(.revsh_text), (4 bytes).
    Removing led.o(.rrx_text), (6 bytes).
    Removing blinky.o(.rev16_text), (4 bytes).
    Removing blinky.o(.revsh_text), (4 bytes).
    Removing blinky.o(.rrx_text), (6 bytes).
    Removing stm32f4xx_flash.o(.rev16_text), (4 bytes).
    Removing stm32f4xx_flash.o(.revsh_text), (4 bytes).
    Removing stm32f4xx_flash.o(.rrx_text), (6 bytes).
    Removing stm32f4xx_flash.o(.text), (1684 bytes).
    Removing stm32f4xx_gpio.o(.rev16_text), (4 bytes).
    Removing stm32f4xx_gpio.o(.revsh_text), (4 bytes).
    Removing stm32f4xx_gpio.o(.rrx_text), (6 bytes).
    Removing stm32f4xx_rcc.o(.rev16_text), (4 bytes).
    Removing stm32f4xx_rcc.o(.revsh_text), (4 bytes).
    Removing stm32f4xx_rcc.o(.rrx_text), (6 bytes).
    Removing tm_stm32f4_disco.o(.rev16_text), (4 bytes).
    Removing tm_stm32f4_disco.o(.revsh_text), (4 bytes).
    Removing tm_stm32f4_disco.o(.rrx_text), (6 bytes).
    Removing tm_stm32f4_disco.o(.text), (152 bytes).
    Removing tm_stm32f4_disco.o(.data), (1 bytes).
    Removing tm_stm32f4_gpio.o(.rev16_text), (4 bytes).
    Removing tm_stm32f4_gpio.o(.revsh_text), (4 bytes).
    Removing tm_stm32f4_gpio.o(.rrx_text), (6 bytes).
    Removing stm32f4xx_exti.o(.rev16_text), (4 bytes).
    Removing stm32f4xx_exti.o(.revsh_text), (4 bytes).
    Removing stm32f4xx_exti.o(.rrx_text), (6 bytes).
    Removing stm32f4xx_syscfg.o(.rev16_text), (4 bytes).
    Removing stm32f4xx_syscfg.o(.revsh_text), (4 bytes).
    Removing stm32f4xx_syscfg.o(.rrx_text), (6 bytes).
    Removing misc.o(.rev16_text), (4 bytes).
    Removing misc.o(.revsh_text), (4 bytes).
    Removing misc.o(.rrx_text), (6 bytes).
    Removing tm_stm32f4_usart.o(.rev16_text), (4 bytes).
    Removing tm_stm32f4_usart.o(.revsh_text), (4 bytes).
    Removing tm_stm32f4_usart.o(.rrx_text), (6 bytes).
    Removing stm32f4xx_usart.o(.rev16_text), (4 bytes).
    Removing stm32f4xx_usart.o(.revsh_text), (4 bytes).
    Removing stm32f4xx_usart.o(.rrx_text), (6 bytes).
    Removing dneg.o(.text), (6 bytes).

44 unused section(s) (total 2537 bytes) removed from the image.

==============================================================================

Image Symbol Table

    Local Symbols

    Symbol Name                              Value     Ov Type        Size  Object(Section)

    ../clib/microlib/ctype/ctype.c           0x00000000   Number         0  isspace_c.o ABSOLUTE
    ../clib/microlib/ctype/ctype.c           0x00000000   Number         0  ctype_c.o ABSOLUTE
    ../clib/microlib/division.c              0x00000000   Number         0  uidiv.o ABSOLUTE
    ../clib/microlib/division.c              0x00000000   Number         0  uldiv.o ABSOLUTE
    ../clib/microlib/errno.c                 0x00000000   Number         0  errno.o ABSOLUTE
    ../clib/microlib/init/entry.s            0x00000000   Number         0  entry7a.o ABSOLUTE
    ../clib/microlib/init/entry.s            0x00000000   Number         0  entry10b.o ABSOLUTE
    ../clib/microlib/init/entry.s            0x00000000   Number         0  entry11a.o ABSOLUTE
    ../clib/microlib/init/entry.s            0x00000000   Number         0  entry8b.o ABSOLUTE
    ../clib/microlib/init/entry.s            0x00000000   Number         0  entry.o ABSOLUTE
    ../clib/microlib/init/entry.s            0x00000000   Number         0  entry5.o ABSOLUTE
    ../clib/microlib/init/entry.s            0x00000000   Number         0  entry2.o ABSOLUTE
    ../clib/microlib/init/entry.s            0x00000000   Number         0  entry11b.o ABSOLUTE
    ../clib/microlib/init/entry.s            0x00000000   Number         0  entry7b.o ABSOLUTE
    ../clib/microlib/init/entry.s            0x00000000   Number         0  entry10a.o ABSOLUTE
    ../clib/microlib/init/entry.s            0x00000000   Number         0  entry9b.o ABSOLUTE
    ../clib/microlib/init/entry.s            0x00000000   Number         0  entry8a.o ABSOLUTE
    ../clib/microlib/init/entry.s            0x00000000   Number         0  entry9a.o ABSOLUTE
    ../clib/microlib/longlong.c              0x00000000   Number         0  llsshr.o ABSOLUTE
    ../clib/microlib/longlong.c              0x00000000   Number         0  llushr.o ABSOLUTE
    ../clib/microlib/longlong.c              0x00000000   Number         0  llshl.o ABSOLUTE
    ../clib/microlib/printf/printf.c         0x00000000   Number         0  printfb.o ABSOLUTE
    ../clib/microlib/printf/printf.c         0x00000000   Number         0  printf0.o ABSOLUTE
    ../clib/microlib/printf/printf.c         0x00000000   Number         0  printf1.o ABSOLUTE
    ../clib/microlib/printf/printf.c         0x00000000   Number         0  printf2.o ABSOLUTE
    ../clib/microlib/printf/printf.c         0x00000000   Number         0  printf3.o ABSOLUTE
    ../clib/microlib/printf/printf.c         0x00000000   Number         0  printf4.o ABSOLUTE
    ../clib/microlib/printf/printf.c         0x00000000   Number         0  printf5.o ABSOLUTE
    ../clib/microlib/printf/printf.c         0x00000000   Number         0  printf6.o ABSOLUTE
    ../clib/microlib/printf/printf.c         0x00000000   Number         0  printf7.o ABSOLUTE
    ../clib/microlib/printf/printf.c         0x00000000   Number         0  printf8.o ABSOLUTE
    ../clib/microlib/printf/printf.c         0x00000000   Number         0  printfa.o ABSOLUTE
    ../clib/microlib/printf/stubs.s          0x00000000   Number         0  stubs.o ABSOLUTE
    ../clib/microlib/stdio/fputc.c           0x00000000   Number         0  fputc.o ABSOLUTE
    ../clib/microlib/stdio/semi.s            0x00000000   Number         0  semi.o ABSOLUTE
    ../clib/microlib/stdio/streams.c         0x00000000   Number         0  stdout.o ABSOLUTE
    ../clib/microlib/string/memset.c         0x00000000   Number         0  memseta.o ABSOLUTE
    ../clib/microlib/string/strlen.c         0x00000000   Number         0  strlen.o ABSOLUTE
    ../clib/microlib/string/strtok.c         0x00000000   Number         0  strtok_r.o ABSOLUTE
    ../clib/microlib/string/strtok.c         0x00000000   Number         0  strtok.o ABSOLUTE
    ../clib/microlib/stubs.s                 0x00000000   Number         0  iusesemip.o ABSOLUTE
    ../clib/microlib/stubs.s                 0x00000000   Number         0  iusefp.o ABSOLUTE
    ../clib/scanf.c                          0x00000000   Number         0  strtod.o ABSOLUTE
    ../clib/scanf.c                          0x00000000   Number         0  scanf_fp.o ABSOLUTE
    ../clib/scanf.c                          0x00000000   Number         0  _sgetc.o ABSOLUTE
    ../fplib/microlib/d2f.c                  0x00000000   Number         0  d2f.o ABSOLUTE
    ../fplib/microlib/f2d.c                  0x00000000   Number         0  f2d.o ABSOLUTE
    ../fplib/microlib/fpadd.c                0x00000000   Number         0  dadd.o ABSOLUTE
    ../fplib/microlib/fpdiv.c                0x00000000   Number         0  ddiv.o ABSOLUTE
    ../fplib/microlib/fpepilogue.c           0x00000000   Number         0  fepilogue.o ABSOLUTE
    ../fplib/microlib/fpepilogue.c           0x00000000   Number         0  depilogue.o ABSOLUTE
    ../fplib/microlib/fpfix.c                0x00000000   Number         0  dfixui.o ABSOLUTE
    ../fplib/microlib/fpfix.c                0x00000000   Number         0  dfixi.o ABSOLUTE
    ../fplib/microlib/fpfix.c                0x00000000   Number         0  dfixul.o ABSOLUTE
    ../fplib/microlib/fpflt.c                0x00000000   Number         0  dflti.o ABSOLUTE
    ../fplib/microlib/fpflt.c                0x00000000   Number         0  dfltui.o ABSOLUTE
    ../fplib/microlib/fpflt.c                0x00000000   Number         0  dfltul.o ABSOLUTE
    ../fplib/microlib/fpmul.c                0x00000000   Number         0  dmul.o ABSOLUTE
    ../fplib/microlib/fpneg.c                0x00000000   Number         0  dneg.o ABSOLUTE
    ../mathlib/atof.c                        0x00000000   Number         0  atof.o ABSOLUTE
    ../mathlib/cos.c                         0x00000000   Number         0  cos_x.o ABSOLUTE
    ../mathlib/cos.c                         0x00000000   Number         0  cos.o ABSOLUTE
    ../mathlib/cos_i.c                       0x00000000   Number         0  cos_i.o ABSOLUTE
    ../mathlib/dunder.c                      0x00000000   Number         0  dunder.o ABSOLUTE
    ../mathlib/fabs.c                        0x00000000   Number         0  fabs.o ABSOLUTE
    ../mathlib/fpclassify.c                  0x00000000   Number         0  fpclassify.o ABSOLUTE
    ../mathlib/poly.c                        0x00000000   Number         0  poly.o ABSOLUTE
    ../mathlib/rred.c                        0x00000000   Number         0  rred.o ABSOLUTE
    ../mathlib/sin.c                         0x00000000   Number         0  sin.o ABSOLUTE
    ../mathlib/sin.c                         0x00000000   Number         0  sin_x.o ABSOLUTE
    ../mathlib/sin_i.c                       0x00000000   Number         0  sin_i.o ABSOLUTE
    ../mathlib/sin_i.c                       0x00000000   Number         0  sin_i_x.o ABSOLUTE
    Blinky.c                                 0x00000000   Number         0  blinky.o ABSOLUTE
    Blinky.c                                 0x00000000   Number         0  blinky.o ABSOLUTE
    LED.c                                    0x00000000   Number         0  led.o ABSOLUTE
    LED.c                                    0x00000000   Number         0  led.o ABSOLUTE
    Library\STM32F4xx_StdPeriph_Driver\src\misc.c 0x00000000   Number         0  misc.o ABSOLUTE
    Library\STM32F4xx_StdPeriph_Driver\src\stm32f4xx_exti.c 0x00000000   Number         0  stm32f4xx_exti.o ABSOLUTE
    Library\STM32F4xx_StdPeriph_Driver\src\stm32f4xx_syscfg.c 0x00000000   Number         0  stm32f4xx_syscfg.o ABSOLUTE
    Library\STM32F4xx_StdPeriph_Driver\src\stm32f4xx_usart.c 0x00000000   Number         0  stm32f4xx_usart.o ABSOLUTE
    Library\\STM32F4xx_StdPeriph_Driver\\src\\misc.c 0x00000000   Number         0  misc.o ABSOLUTE
    Library\\STM32F4xx_StdPeriph_Driver\\src\\stm32f4xx_exti.c 0x00000000   Number         0  stm32f4xx_exti.o ABSOLUTE
    Library\\STM32F4xx_StdPeriph_Driver\\src\\stm32f4xx_syscfg.c 0x00000000   Number         0  stm32f4xx_syscfg.o ABSOLUTE
    Library\\STM32F4xx_StdPeriph_Driver\\src\\stm32f4xx_usart.c 0x00000000   Number         0  stm32f4xx_usart.o ABSOLUTE
    Library\\tm_stm32fall\\tm_stm32f4_gpio.c 0x00000000   Number         0  tm_stm32f4_gpio.o ABSOLUTE
    Library\\tm_stm32fall\\tm_stm32f4_usart.c 0x00000000   Number         0  tm_stm32f4_usart.o ABSOLUTE
    Library\tm_stm32fall\tm_stm32f4_gpio.c   0x00000000   Number         0  tm_stm32f4_gpio.o ABSOLUTE
    Library\tm_stm32fall\tm_stm32f4_usart.c  0x00000000   Number         0  tm_stm32f4_usart.o ABSOLUTE
    cdrcmple.s                               0x00000000   Number         0  cdrcmple.o ABSOLUTE
    dc.s                                     0x00000000   Number         0  dc.o ABSOLUTE
    handlers.s                               0x00000000   Number         0  handlers.o ABSOLUTE
    init.s                                   0x00000000   Number         0  init.o ABSOLUTE
    startup_stm32f40_41xxx.s                 0x00000000   Number         0  startup_stm32f40_41xxx.o ABSOLUTE
    stm32f4xx_flash.c                        0x00000000   Number         0  stm32f4xx_flash.o ABSOLUTE
    stm32f4xx_flash.c                        0x00000000   Number         0  stm32f4xx_flash.o ABSOLUTE
    stm32f4xx_gpio.c                         0x00000000   Number         0  stm32f4xx_gpio.o ABSOLUTE
    stm32f4xx_gpio.c                         0x00000000   Number         0  stm32f4xx_gpio.o ABSOLUTE
    stm32f4xx_rcc.c                          0x00000000   Number         0  stm32f4xx_rcc.o ABSOLUTE
    stm32f4xx_rcc.c                          0x00000000   Number         0  stm32f4xx_rcc.o ABSOLUTE
    system_stm32f4xx.c                       0x00000000   Number         0  system_stm32f4xx.o ABSOLUTE
    system_stm32f4xx.c                       0x00000000   Number         0  system_stm32f4xx.o ABSOLUTE
    tm_stm32f4_disco.c                       0x00000000   Number         0  tm_stm32f4_disco.o ABSOLUTE
    tm_stm32f4_disco.c                       0x00000000   Number         0  tm_stm32f4_disco.o ABSOLUTE
    RESET                                    0x08000000   Section      392  startup_stm32f40_41xxx.o(RESET)
    .ARM.Collect$$$$00000000                 0x08000188   Section        0  entry.o(.ARM.Collect$$$$00000000)
    .ARM.Collect$$$$00000001                 0x08000188   Section        4  entry2.o(.ARM.Collect$$$$00000001)
    .ARM.Collect$$$$00000004                 0x0800018c   Section        4  entry5.o(.ARM.Collect$$$$00000004)
    .ARM.Collect$$$$00000008                 0x08000190   Section        0  entry7b.o(.ARM.Collect$$$$00000008)
    .ARM.Collect$$$$0000000A                 0x08000190   Section        0  entry8b.o(.ARM.Collect$$$$0000000A)
    .ARM.Collect$$$$0000000B                 0x08000190   Section        8  entry9a.o(.ARM.Collect$$$$0000000B)
    .ARM.Collect$$$$0000000D                 0x08000198   Section        0  entry10a.o(.ARM.Collect$$$$0000000D)
    .ARM.Collect$$$$0000000F                 0x08000198   Section        0  entry11a.o(.ARM.Collect$$$$0000000F)
    .ARM.Collect$$$$00002712                 0x08000198   Section        4  entry2.o(.ARM.Collect$$$$00002712)
    __lit__00000000                          0x08000198   Data           4  entry2.o(.ARM.Collect$$$$00002712)
    .text                                    0x0800019c   Section       36  startup_stm32f40_41xxx.o(.text)
    $v0                                      0x0800019c   Number         0  startup_stm32f40_41xxx.o(.text)
    .text                                    0x080001c0   Section        0  system_stm32f4xx.o(.text)
    SetSysClock                              0x080001c1   Thumb Code   220  system_stm32f4xx.o(.text)
    .text                                    0x080003d0   Section        0  led.o(.text)
    .text                                    0x08000484   Section        0  blinky.o(.text)
    .text                                    0x080013d8   Section        0  stm32f4xx_gpio.o(.text)
    .text                                    0x0800166c   Section        0  stm32f4xx_rcc.o(.text)
    .text                                    0x08001cc8   Section        0  tm_stm32f4_gpio.o(.text)
    .text                                    0x08001fc8   Section        0  stm32f4xx_exti.o(.text)
    .text                                    0x080020d8   Section        0  stm32f4xx_syscfg.o(.text)
    .text                                    0x0800216c   Section        0  misc.o(.text)
    .text                                    0x0800224c   Section        0  tm_stm32f4_usart.o(.text)
    TM_USART_INT_Init                        0x0800244b   Thumb Code   362  tm_stm32f4_usart.o(.text)
    .text                                    0x08002a4c   Section        0  stm32f4xx_usart.o(.text)
    .text                                    0x08002ea0   Section        0  memseta.o(.text)
    .text                                    0x08002ec4   Section        0  strlen.o(.text)
    .text                                    0x08002ed4   Section        0  strtok.o(.text)
    .text                                    0x08002f18   Section        0  dadd.o(.text)
    .text                                    0x08003066   Section        0  dmul.o(.text)
    .text                                    0x0800314a   Section        0  ddiv.o(.text)
    .text                                    0x08003228   Section        0  dflti.o(.text)
    .text                                    0x0800324a   Section        0  dfixi.o(.text)
    .text                                    0x08003288   Section        0  dfixui.o(.text)
    .text                                    0x080032ba   Section        0  f2d.o(.text)
    .text                                    0x080032e0   Section        0  d2f.o(.text)
    .text                                    0x08003318   Section        0  uidiv.o(.text)
    .text                                    0x08003344   Section        0  uldiv.o(.text)
    .text                                    0x080033a6   Section        0  llshl.o(.text)
    .text                                    0x080033c4   Section        0  llushr.o(.text)
    .text                                    0x080033e4   Section        0  llsshr.o(.text)
    .text                                    0x08003408   Section        0  strtod.o(.text)
    _local_sscanf                            0x08003409   Thumb Code    54  strtod.o(.text)
    .text                                    0x080034a4   Section        0  iusefp.o(.text)
    .text                                    0x080034a4   Section        0  fepilogue.o(.text)
    .text                                    0x08003512   Section        0  depilogue.o(.text)
    .text                                    0x080035cc   Section        0  dfixul.o(.text)
    .text                                    0x080035fc   Section       48  cdrcmple.o(.text)
    .text                                    0x0800362c   Section       36  init.o(.text)
    .text                                    0x08003650   Section        0  isspace_c.o(.text)
    .text                                    0x0800365c   Section        0  scanf_fp.o(.text)
    _fp_value                                0x0800365d   Thumb Code   256  scanf_fp.o(.text)
    .text                                    0x08003994   Section        0  _sgetc.o(.text)
    .text                                    0x080039d4   Section        0  dfltui.o(.text)
    .text                                    0x080039f0   Section        0  ctype_c.o(.text)
    .text                                    0x08003a18   Section        0  dfltul.o(.text)
    i.__0sprintf                             0x08003a30   Section        0  printfa.o(i.__0sprintf)
    i.__ARM_fpclassify                       0x08003a58   Section        0  fpclassify.o(i.__ARM_fpclassify)
    i.__hardfp_atof                          0x08003a88   Section        0  atof.o(i.__hardfp_atof)
    i.__hardfp_cos                           0x08003ac0   Section        0  cos.o(i.__hardfp_cos)
    i.__hardfp_fabs                          0x08003b88   Section        0  fabs.o(i.__hardfp_fabs)
    i.__hardfp_sin                           0x08003ba0   Section        0  sin.o(i.__hardfp_sin)
    i.__ieee754_rem_pio2                     0x08003c68   Section        0  rred.o(i.__ieee754_rem_pio2)
    i.__kernel_cos                           0x080040a0   Section        0  cos_i.o(i.__kernel_cos)
    i.__kernel_poly                          0x08004210   Section        0  poly.o(i.__kernel_poly)
    i.__kernel_sin                           0x08004308   Section        0  sin_i.o(i.__kernel_sin)
    i.__mathlib_dbl_infnan                   0x08004438   Section        0  dunder.o(i.__mathlib_dbl_infnan)
    i.__mathlib_dbl_invalid                  0x08004450   Section        0  dunder.o(i.__mathlib_dbl_invalid)
    i.__mathlib_dbl_underflow                0x08004470   Section        0  dunder.o(i.__mathlib_dbl_underflow)
    i.__read_errno                           0x08004490   Section        0  errno.o(i.__read_errno)
    i.__scatterload_copy                     0x0800449c   Section       14  handlers.o(i.__scatterload_copy)
    i.__scatterload_null                     0x080044aa   Section        2  handlers.o(i.__scatterload_null)
    i.__scatterload_zeroinit                 0x080044ac   Section       14  handlers.o(i.__scatterload_zeroinit)
    i.__set_errno                            0x080044bc   Section        0  errno.o(i.__set_errno)
    i._fp_digits                             0x080044c8   Section        0  printfa.o(i._fp_digits)
    _fp_digits                               0x080044c9   Thumb Code   334  printfa.o(i._fp_digits)
    i._is_digit                              0x0800462c   Section        0  scanf_fp.o(i._is_digit)
    i._printf_core                           0x0800463c   Section        0  printfa.o(i._printf_core)
    _printf_core                             0x0800463d   Thumb Code  1744  printfa.o(i._printf_core)
    i._printf_post_padding                   0x08004d18   Section        0  printfa.o(i._printf_post_padding)
    _printf_post_padding                     0x08004d19   Thumb Code    36  printfa.o(i._printf_post_padding)
    i._printf_pre_padding                    0x08004d3c   Section        0  printfa.o(i._printf_pre_padding)
    _printf_pre_padding                      0x08004d3d   Thumb Code    46  printfa.o(i._printf_pre_padding)
    i._sputc                                 0x08004d6a   Section        0  printfa.o(i._sputc)
    _sputc                                   0x08004d6b   Thumb Code    10  printfa.o(i._sputc)
    i.fabs                                   0x08004d74   Section        0  fabs.o(i.fabs)
    .constdata                               0x08004d8c   Section       16  led.o(.constdata)
    .constdata                               0x08004da0   Section       48  cos_i.o(.constdata)
    C                                        0x08004da0   Data          48  cos_i.o(.constdata)
    .constdata                               0x08004dd0   Section      200  rred.o(.constdata)
    pio2s                                    0x08004dd0   Data          48  rred.o(.constdata)
    twooverpi                                0x08004e00   Data         152  rred.o(.constdata)
    .constdata                               0x08004e98   Section       40  sin_i.o(.constdata)
    S                                        0x08004e98   Data          40  sin_i.o(.constdata)
    .constdata                               0x08004ec0   Section       64  ctype_c.o(.constdata)
    .data                                    0x20000000   Section       20  system_stm32f4xx.o(.data)
    .data                                    0x20000018   Section       64  blinky.o(.data)
    .data                                    0x20000058   Section       16  stm32f4xx_rcc.o(.data)
    APBAHBPrescTable                         0x20000058   Data          16  stm32f4xx_rcc.o(.data)
    .data                                    0x20000068   Section       96  tm_stm32f4_usart.o(.data)
    .data                                    0x200000c8   Section        4  strtok.o(.data)
    state                                    0x200000c8   Data           4  strtok.o(.data)
    .data                                    0x200000cc   Section        4  errno.o(.data)
    _errno                                   0x200000cc   Data           4  errno.o(.data)
    .bss                                     0x200000d0   Section       22  tm_stm32f4_gpio.o(.bss)
    GPIO_UsedPins                            0x200000d0   Data          22  tm_stm32f4_gpio.o(.bss)
    .bss                                     0x200000e6   Section      192  tm_stm32f4_usart.o(.bss)
    STACK                                    0x200001a8   Section     1024  startup_stm32f40_41xxx.o(STACK)

    Global Symbols

    Symbol Name                              Value     Ov Type        Size  Object(Section)

    BuildAttributes$$THM_ISAv4$E$P$D$K$B$S$7EM$VFPi3$EXTD16$VFPS$VFMA$PE$A:L22UL41UL21$X:L11$S22US41US21$IEEE1$IW$USESV6$~STKCKD$USESV7$~SHL$OTIME$ROPI$IEEEX$EBA8$MICROLIB$REQ8$PRES8$EABIv2 0x00000000   Number         0  anon$$obj.o ABSOLUTE
    __ARM_use_no_argv                        0x00000000   Number         0  blinky.o ABSOLUTE
    _printf_a                                0x00000000   Number         0  stubs.o ABSOLUTE
    _printf_c                                0x00000000   Number         0  stubs.o ABSOLUTE
    _printf_charcount                        0x00000000   Number         0  stubs.o ABSOLUTE
    _printf_d                                0x00000000   Number         0  stubs.o ABSOLUTE
    _printf_e                                0x00000000   Number         0  stubs.o ABSOLUTE
    _printf_f                                0x00000000   Number         0  stubs.o ABSOLUTE
    _printf_flags                            0x00000000   Number         0  stubs.o ABSOLUTE
    _printf_fp_dec                           0x00000000   Number         0  stubs.o ABSOLUTE
    _printf_fp_hex                           0x00000000   Number         0  stubs.o ABSOLUTE
    _printf_g                                0x00000000   Number         0  stubs.o ABSOLUTE
    _printf_i                                0x00000000   Number         0  stubs.o ABSOLUTE
    _printf_int_dec                          0x00000000   Number         0  stubs.o ABSOLUTE
    _printf_l                                0x00000000   Number         0  stubs.o ABSOLUTE
    _printf_lc                               0x00000000   Number         0  stubs.o ABSOLUTE
    _printf_ll                               0x00000000   Number         0  stubs.o ABSOLUTE
    _printf_lld                              0x00000000   Number         0  stubs.o ABSOLUTE
    _printf_lli                              0x00000000   Number         0  stubs.o ABSOLUTE
    _printf_llo                              0x00000000   Number         0  stubs.o ABSOLUTE
    _printf_llu                              0x00000000   Number         0  stubs.o ABSOLUTE
    _printf_llx                              0x00000000   Number         0  stubs.o ABSOLUTE
    _printf_longlong_dec                     0x00000000   Number         0  stubs.o ABSOLUTE
    _printf_longlong_hex                     0x00000000   Number         0  stubs.o ABSOLUTE
    _printf_longlong_oct                     0x00000000   Number         0  stubs.o ABSOLUTE
    _printf_ls                               0x00000000   Number         0  stubs.o ABSOLUTE
    _printf_mbtowc                           0x00000000   Number         0  stubs.o ABSOLUTE
    _printf_n                                0x00000000   Number         0  stubs.o ABSOLUTE
    _printf_o                                0x00000000   Number         0  stubs.o ABSOLUTE
    _printf_p                                0x00000000   Number         0  stubs.o ABSOLUTE
    _printf_percent                          0x00000000   Number         0  stubs.o ABSOLUTE
    _printf_pre_padding                      0x00000000   Number         0  stubs.o ABSOLUTE
    _printf_return_value                     0x00000000   Number         0  stubs.o ABSOLUTE
    _printf_s                                0x00000000   Number         0  stubs.o ABSOLUTE
    _printf_sizespec                         0x00000000   Number         0  stubs.o ABSOLUTE
    _printf_str                              0x00000000   Number         0  stubs.o ABSOLUTE
    _printf_truncate_signed                  0x00000000   Number         0  stubs.o ABSOLUTE
    _printf_truncate_unsigned                0x00000000   Number         0  stubs.o ABSOLUTE
    _printf_u                                0x00000000   Number         0  stubs.o ABSOLUTE
    _printf_wc                               0x00000000   Number         0  stubs.o ABSOLUTE
    _printf_wctomb                           0x00000000   Number         0  stubs.o ABSOLUTE
    _printf_widthprec                        0x00000000   Number         0  stubs.o ABSOLUTE
    _printf_x                                0x00000000   Number         0  stubs.o ABSOLUTE
    __cpp_initialize__aeabi_                  - Undefined Weak Reference
    __cxa_finalize                            - Undefined Weak Reference
    __decompress                              - Undefined Weak Reference
    _clock_init                               - Undefined Weak Reference
    _microlib_exit                            - Undefined Weak Reference
    __Vectors_Size                           0x00000188   Number         0  startup_stm32f40_41xxx.o ABSOLUTE
    __Vectors                                0x08000000   Data           4  startup_stm32f40_41xxx.o(RESET)
    __Vectors_End                            0x08000188   Data           0  startup_stm32f40_41xxx.o(RESET)
    __main                                   0x08000189   Thumb Code     0  entry.o(.ARM.Collect$$$$00000000)
    _main_stk                                0x08000189   Thumb Code     0  entry2.o(.ARM.Collect$$$$00000001)
    _main_scatterload                        0x0800018d   Thumb Code     0  entry5.o(.ARM.Collect$$$$00000004)
    __main_after_scatterload                 0x08000191   Thumb Code     0  entry5.o(.ARM.Collect$$$$00000004)
    _main_clock                              0x08000191   Thumb Code     0  entry7b.o(.ARM.Collect$$$$00000008)
    _main_cpp_init                           0x08000191   Thumb Code     0  entry8b.o(.ARM.Collect$$$$0000000A)
    _main_init                               0x08000191   Thumb Code     0  entry9a.o(.ARM.Collect$$$$0000000B)
    __rt_final_cpp                           0x08000199   Thumb Code     0  entry10a.o(.ARM.Collect$$$$0000000D)
    __rt_final_exit                          0x08000199   Thumb Code     0  entry11a.o(.ARM.Collect$$$$0000000F)
    Reset_Handler                            0x0800019d   Thumb Code     8  startup_stm32f40_41xxx.o(.text)
    NMI_Handler                              0x080001a5   Thumb Code     2  startup_stm32f40_41xxx.o(.text)
    HardFault_Handler                        0x080001a7   Thumb Code     2  startup_stm32f40_41xxx.o(.text)
    MemManage_Handler                        0x080001a9   Thumb Code     2  startup_stm32f40_41xxx.o(.text)
    BusFault_Handler                         0x080001ab   Thumb Code     2  startup_stm32f40_41xxx.o(.text)
    UsageFault_Handler                       0x080001ad   Thumb Code     2  startup_stm32f40_41xxx.o(.text)
    SVC_Handler                              0x080001af   Thumb Code     2  startup_stm32f40_41xxx.o(.text)
    DebugMon_Handler                         0x080001b1   Thumb Code     2  startup_stm32f40_41xxx.o(.text)
    PendSV_Handler                           0x080001b3   Thumb Code     2  startup_stm32f40_41xxx.o(.text)
    ADC_IRQHandler                           0x080001b7   Thumb Code     0  startup_stm32f40_41xxx.o(.text)
    CAN1_RX0_IRQHandler                      0x080001b7   Thumb Code     0  startup_stm32f40_41xxx.o(.text)
    CAN1_RX1_IRQHandler                      0x080001b7   Thumb Code     0  startup_stm32f40_41xxx.o(.text)
    CAN1_SCE_IRQHandler                      0x080001b7   Thumb Code     0  startup_stm32f40_41xxx.o(.text)
    CAN1_TX_IRQHandler                       0x080001b7   Thumb Code     0  startup_stm32f40_41xxx.o(.text)
    CAN2_RX0_IRQHandler                      0x080001b7   Thumb Code     0  startup_stm32f40_41xxx.o(.text)
    CAN2_RX1_IRQHandler                      0x080001b7   Thumb Code     0  startup_stm32f40_41xxx.o(.text)
    CAN2_SCE_IRQHandler                      0x080001b7   Thumb Code     0  startup_stm32f40_41xxx.o(.text)
    CAN2_TX_IRQHandler                       0x080001b7   Thumb Code     0  startup_stm32f40_41xxx.o(.text)
    CRYP_IRQHandler                          0x080001b7   Thumb Code     0  startup_stm32f40_41xxx.o(.text)
    DCMI_IRQHandler                          0x080001b7   Thumb Code     0  startup_stm32f40_41xxx.o(.text)
    DMA1_Stream0_IRQHandler                  0x080001b7   Thumb Code     0  startup_stm32f40_41xxx.o(.text)
    DMA1_Stream1_IRQHandler                  0x080001b7   Thumb Code     0  startup_stm32f40_41xxx.o(.text)
    DMA1_Stream2_IRQHandler                  0x080001b7   Thumb Code     0  startup_stm32f40_41xxx.o(.text)
    DMA1_Stream3_IRQHandler                  0x080001b7   Thumb Code     0  startup_stm32f40_41xxx.o(.text)
    DMA1_Stream4_IRQHandler                  0x080001b7   Thumb Code     0  startup_stm32f40_41xxx.o(.text)
    DMA1_Stream5_IRQHandler                  0x080001b7   Thumb Code     0  startup_stm32f40_41xxx.o(.text)
    DMA1_Stream6_IRQHandler                  0x080001b7   Thumb Code     0  startup_stm32f40_41xxx.o(.text)
    DMA1_Stream7_IRQHandler                  0x080001b7   Thumb Code     0  startup_stm32f40_41xxx.o(.text)
    DMA2_Stream0_IRQHandler                  0x080001b7   Thumb Code     0  startup_stm32f40_41xxx.o(.text)
    DMA2_Stream1_IRQHandler                  0x080001b7   Thumb Code     0  startup_stm32f40_41xxx.o(.text)
    DMA2_Stream2_IRQHandler                  0x080001b7   Thumb Code     0  startup_stm32f40_41xxx.o(.text)
    DMA2_Stream3_IRQHandler                  0x080001b7   Thumb Code     0  startup_stm32f40_41xxx.o(.text)
    DMA2_Stream4_IRQHandler                  0x080001b7   Thumb Code     0  startup_stm32f40_41xxx.o(.text)
    DMA2_Stream5_IRQHandler                  0x080001b7   Thumb Code     0  startup_stm32f40_41xxx.o(.text)
    DMA2_Stream6_IRQHandler                  0x080001b7   Thumb Code     0  startup_stm32f40_41xxx.o(.text)
    DMA2_Stream7_IRQHandler                  0x080001b7   Thumb Code     0  startup_stm32f40_41xxx.o(.text)
    ETH_IRQHandler                           0x080001b7   Thumb Code     0  startup_stm32f40_41xxx.o(.text)
    ETH_WKUP_IRQHandler                      0x080001b7   Thumb Code     0  startup_stm32f40_41xxx.o(.text)
    EXTI0_IRQHandler                         0x080001b7   Thumb Code     0  startup_stm32f40_41xxx.o(.text)
    EXTI1_IRQHandler                         0x080001b7   Thumb Code     0  startup_stm32f40_41xxx.o(.text)
    EXTI2_IRQHandler                         0x080001b7   Thumb Code     0  startup_stm32f40_41xxx.o(.text)
    EXTI3_IRQHandler                         0x080001b7   Thumb Code     0  startup_stm32f40_41xxx.o(.text)
    EXTI4_IRQHandler                         0x080001b7   Thumb Code     0  startup_stm32f40_41xxx.o(.text)
    EXTI9_5_IRQHandler                       0x080001b7   Thumb Code     0  startup_stm32f40_41xxx.o(.text)
    FLASH_IRQHandler                         0x080001b7   Thumb Code     0  startup_stm32f40_41xxx.o(.text)
    FPU_IRQHandler                           0x080001b7   Thumb Code     0  startup_stm32f40_41xxx.o(.text)
    FSMC_IRQHandler                          0x080001b7   Thumb Code     0  startup_stm32f40_41xxx.o(.text)
    HASH_RNG_IRQHandler                      0x080001b7   Thumb Code     0  startup_stm32f40_41xxx.o(.text)
    I2C1_ER_IRQHandler                       0x080001b7   Thumb Code     0  startup_stm32f40_41xxx.o(.text)
    I2C1_EV_IRQHandler                       0x080001b7   Thumb Code     0  startup_stm32f40_41xxx.o(.text)
    I2C2_ER_IRQHandler                       0x080001b7   Thumb Code     0  startup_stm32f40_41xxx.o(.text)
    I2C2_EV_IRQHandler                       0x080001b7   Thumb Code     0  startup_stm32f40_41xxx.o(.text)
    I2C3_ER_IRQHandler                       0x080001b7   Thumb Code     0  startup_stm32f40_41xxx.o(.text)
    I2C3_EV_IRQHandler                       0x080001b7   Thumb Code     0  startup_stm32f40_41xxx.o(.text)
    OTG_FS_IRQHandler                        0x080001b7   Thumb Code     0  startup_stm32f40_41xxx.o(.text)
    OTG_FS_WKUP_IRQHandler                   0x080001b7   Thumb Code     0  startup_stm32f40_41xxx.o(.text)
    OTG_HS_EP1_IN_IRQHandler                 0x080001b7   Thumb Code     0  startup_stm32f40_41xxx.o(.text)
    OTG_HS_EP1_OUT_IRQHandler                0x080001b7   Thumb Code     0  startup_stm32f40_41xxx.o(.text)
    OTG_HS_IRQHandler                        0x080001b7   Thumb Code     0  startup_stm32f40_41xxx.o(.text)
    OTG_HS_WKUP_IRQHandler                   0x080001b7   Thumb Code     0  startup_stm32f40_41xxx.o(.text)
    PVD_IRQHandler                           0x080001b7   Thumb Code     0  startup_stm32f40_41xxx.o(.text)
    RCC_IRQHandler                           0x080001b7   Thumb Code     0  startup_stm32f40_41xxx.o(.text)
    RTC_Alarm_IRQHandler                     0x080001b7   Thumb Code     0  startup_stm32f40_41xxx.o(.text)
    RTC_WKUP_IRQHandler                      0x080001b7   Thumb Code     0  startup_stm32f40_41xxx.o(.text)
    SDIO_IRQHandler                          0x080001b7   Thumb Code     0  startup_stm32f40_41xxx.o(.text)
    SPI1_IRQHandler                          0x080001b7   Thumb Code     0  startup_stm32f40_41xxx.o(.text)
    SPI2_IRQHandler                          0x080001b7   Thumb Code     0  startup_stm32f40_41xxx.o(.text)
    SPI3_IRQHandler                          0x080001b7   Thumb Code     0  startup_stm32f40_41xxx.o(.text)
    TAMP_STAMP_IRQHandler                    0x080001b7   Thumb Code     0  startup_stm32f40_41xxx.o(.text)
    TIM1_BRK_TIM9_IRQHandler                 0x080001b7   Thumb Code     0  startup_stm32f40_41xxx.o(.text)
    TIM1_CC_IRQHandler                       0x080001b7   Thumb Code     0  startup_stm32f40_41xxx.o(.text)
    TIM1_TRG_COM_TIM11_IRQHandler            0x080001b7   Thumb Code     0  startup_stm32f40_41xxx.o(.text)
    TIM1_UP_TIM10_IRQHandler                 0x080001b7   Thumb Code     0  startup_stm32f40_41xxx.o(.text)
    TIM2_IRQHandler                          0x080001b7   Thumb Code     0  startup_stm32f40_41xxx.o(.text)
    TIM3_IRQHandler                          0x080001b7   Thumb Code     0  startup_stm32f40_41xxx.o(.text)
    TIM4_IRQHandler                          0x080001b7   Thumb Code     0  startup_stm32f40_41xxx.o(.text)
    TIM5_IRQHandler                          0x080001b7   Thumb Code     0  startup_stm32f40_41xxx.o(.text)
    TIM6_DAC_IRQHandler                      0x080001b7   Thumb Code     0  startup_stm32f40_41xxx.o(.text)
    TIM7_IRQHandler                          0x080001b7   Thumb Code     0  startup_stm32f40_41xxx.o(.text)
    TIM8_BRK_TIM12_IRQHandler                0x080001b7   Thumb Code     0  startup_stm32f40_41xxx.o(.text)
    TIM8_CC_IRQHandler                       0x080001b7   Thumb Code     0  startup_stm32f40_41xxx.o(.text)
    TIM8_TRG_COM_TIM14_IRQHandler            0x080001b7   Thumb Code     0  startup_stm32f40_41xxx.o(.text)
    TIM8_UP_TIM13_IRQHandler                 0x080001b7   Thumb Code     0  startup_stm32f40_41xxx.o(.text)
    WWDG_IRQHandler                          0x080001b7   Thumb Code     0  startup_stm32f40_41xxx.o(.text)
    SystemInit                               0x0800029d   Thumb Code    88  system_stm32f4xx.o(.text)
    SystemCoreClockUpdate                    0x080002f5   Thumb Code   174  system_stm32f4xx.o(.text)
    LED_Init                                 0x080003d1   Thumb Code    92  led.o(.text)
    LED_On                                   0x0800042d   Thumb Code    18  led.o(.text)
    LED_Off                                  0x0800043f   Thumb Code    18  led.o(.text)
    LED_Out                                  0x08000451   Thumb Code    38  led.o(.text)
    getNrOfDelim                             0x08000485   Thumb Code    32  blinky.o(.text)
    getNumbers                               0x080004a5   Thumb Code   188  blinky.o(.text)
    spindle                                  0x08000561   Thumb Code    30  blinky.o(.text)
    Configure_PB12                           0x0800057f   Thumb Code   126  blinky.o(.text)
    EXTI15_10_IRQHandler                     0x080005fd   Thumb Code    72  blinky.o(.text)
    TM_Delay_Init                            0x08000645   Thumb Code    22  blinky.o(.text)
    TM_DelayMicros                           0x0800065b   Thumb Code    22  blinky.o(.text)
    TM_DelayMillis                           0x08000671   Thumb Code    28  blinky.o(.text)
    SysTick_Handler                          0x0800068d   Thumb Code    12  blinky.o(.text)
    Delay                                    0x08000699   Thumb Code    18  blinky.o(.text)
    BTN_Init                                 0x080006ab   Thumb Code    56  blinky.o(.text)
    BTN_Get                                  0x080006e3   Thumb Code    10  blinky.o(.text)
    getNumberOfSteps                         0x080006ed   Thumb Code    34  blinky.o(.text)
    runDiag                                  0x0800070f   Thumb Code   494  blinky.o(.text)
    xStep                                    0x080008fd   Thumb Code    60  blinky.o(.text)
    yStep                                    0x08000939   Thumb Code    60  blinky.o(.text)
    zStepP                                   0x08000975   Thumb Code    44  blinky.o(.text)
    zStepN                                   0x080009a1   Thumb Code    44  blinky.o(.text)
    run2                                     0x080009cd   Thumb Code   104  blinky.o(.text)
    run                                      0x08000a35   Thumb Code   524  blinky.o(.text)
    lineZ                                    0x08000c41   Thumb Code   268  blinky.o(.text)
    line                                     0x08000d4d   Thumb Code   352  blinky.o(.text)
    getMM                                    0x08000ead   Thumb Code    56  blinky.o(.text)
    drawCircle                               0x08000ee5   Thumb Code   300  blinky.o(.text)
    drawCircle2                              0x08001011   Thumb Code   300  blinky.o(.text)
    main                                     0x0800113d   Thumb Code   616  blinky.o(.text)
    GPIO_DeInit                              0x080013d9   Thumb Code   268  stm32f4xx_gpio.o(.text)
    GPIO_Init                                0x080014e5   Thumb Code   144  stm32f4xx_gpio.o(.text)
    GPIO_StructInit                          0x08001575   Thumb Code    18  stm32f4xx_gpio.o(.text)
    GPIO_PinLockConfig                       0x08001587   Thumb Code    34  stm32f4xx_gpio.o(.text)
    GPIO_ReadInputDataBit                    0x080015a9   Thumb Code    18  stm32f4xx_gpio.o(.text)
    GPIO_ReadInputData                       0x080015bb   Thumb Code     8  stm32f4xx_gpio.o(.text)
    GPIO_ReadOutputDataBit                   0x080015c3   Thumb Code    18  stm32f4xx_gpio.o(.text)
    GPIO_ReadOutputData                      0x080015d5   Thumb Code     8  stm32f4xx_gpio.o(.text)
    GPIO_SetBits                             0x080015dd   Thumb Code     4  stm32f4xx_gpio.o(.text)
    GPIO_ResetBits                           0x080015e1   Thumb Code     4  stm32f4xx_gpio.o(.text)
    GPIO_WriteBit                            0x080015e5   Thumb Code    10  stm32f4xx_gpio.o(.text)
    GPIO_Write                               0x080015ef   Thumb Code     4  stm32f4xx_gpio.o(.text)
    GPIO_ToggleBits                          0x080015f3   Thumb Code     8  stm32f4xx_gpio.o(.text)
    GPIO_PinAFConfig                         0x080015fb   Thumb Code    70  stm32f4xx_gpio.o(.text)
    RCC_DeInit                               0x0800166d   Thumb Code    82  stm32f4xx_rcc.o(.text)
    RCC_HSEConfig                            0x080016bf   Thumb Code    14  stm32f4xx_rcc.o(.text)
    RCC_GetFlagStatus                        0x080016cd   Thumb Code    60  stm32f4xx_rcc.o(.text)
    RCC_WaitForHSEStartUp                    0x08001709   Thumb Code    56  stm32f4xx_rcc.o(.text)
    RCC_AdjustHSICalibrationValue            0x08001741   Thumb Code    20  stm32f4xx_rcc.o(.text)
    RCC_HSICmd                               0x08001755   Thumb Code     6  stm32f4xx_rcc.o(.text)
    RCC_LSEConfig                            0x0800175b   Thumb Code    46  stm32f4xx_rcc.o(.text)
    RCC_LSICmd                               0x08001789   Thumb Code     6  stm32f4xx_rcc.o(.text)
    RCC_PLLConfig                            0x0800178f   Thumb Code    32  stm32f4xx_rcc.o(.text)
    RCC_PLLCmd                               0x080017af   Thumb Code     6  stm32f4xx_rcc.o(.text)
    RCC_PLLI2SConfig                         0x080017b5   Thumb Code    14  stm32f4xx_rcc.o(.text)
    RCC_PLLI2SCmd                            0x080017c3   Thumb Code     6  stm32f4xx_rcc.o(.text)
    RCC_PLLSAIConfig                         0x080017c9   Thumb Code    20  stm32f4xx_rcc.o(.text)
    RCC_PLLSAICmd                            0x080017dd   Thumb Code     6  stm32f4xx_rcc.o(.text)
    RCC_ClockSecuritySystemCmd               0x080017e3   Thumb Code     6  stm32f4xx_rcc.o(.text)
    RCC_MCO1Config                           0x080017e9   Thumb Code    28  stm32f4xx_rcc.o(.text)
    RCC_MCO2Config                           0x08001805   Thumb Code    28  stm32f4xx_rcc.o(.text)
    RCC_SYSCLKConfig                         0x08001821   Thumb Code    20  stm32f4xx_rcc.o(.text)
    RCC_GetSYSCLKSource                      0x08001835   Thumb Code    12  stm32f4xx_rcc.o(.text)
    RCC_HCLKConfig                           0x08001841   Thumb Code    20  stm32f4xx_rcc.o(.text)
    RCC_PCLK1Config                          0x08001855   Thumb Code    20  stm32f4xx_rcc.o(.text)
    RCC_PCLK2Config                          0x08001869   Thumb Code    22  stm32f4xx_rcc.o(.text)
    RCC_GetClocksFreq                        0x0800187f   Thumb Code   222  stm32f4xx_rcc.o(.text)
    RCC_RTCCLKConfig                         0x0800195d   Thumb Code    54  stm32f4xx_rcc.o(.text)
    RCC_RTCCLKCmd                            0x08001993   Thumb Code     8  stm32f4xx_rcc.o(.text)
    RCC_BackupResetCmd                       0x0800199b   Thumb Code     8  stm32f4xx_rcc.o(.text)
    RCC_I2SCLKConfig                         0x080019a3   Thumb Code     6  stm32f4xx_rcc.o(.text)
    RCC_SAIBlockACLKConfig                   0x080019a9   Thumb Code    20  stm32f4xx_rcc.o(.text)
    RCC_SAIBlockBCLKConfig                   0x080019bd   Thumb Code    20  stm32f4xx_rcc.o(.text)
    RCC_SAIPLLI2SClkDivConfig                0x080019d1   Thumb Code    26  stm32f4xx_rcc.o(.text)
    RCC_SAIPLLSAIClkDivConfig                0x080019eb   Thumb Code    28  stm32f4xx_rcc.o(.text)
    RCC_LTDCCLKDivConfig                     0x08001a07   Thumb Code    20  stm32f4xx_rcc.o(.text)
    RCC_TIMCLKPresConfig                     0x08001a1b   Thumb Code     6  stm32f4xx_rcc.o(.text)
    RCC_AHB1PeriphClockCmd                   0x08001a21   Thumb Code    34  stm32f4xx_rcc.o(.text)
    RCC_AHB2PeriphClockCmd                   0x08001a43   Thumb Code    78  stm32f4xx_rcc.o(.text)
    RCC_AHB3PeriphClockCmd                   0x08001a91   Thumb Code    34  stm32f4xx_rcc.o(.text)
    RCC_APB1PeriphClockCmd                   0x08001ab3   Thumb Code    34  stm32f4xx_rcc.o(.text)
    RCC_APB2PeriphClockCmd                   0x08001ad5   Thumb Code    34  stm32f4xx_rcc.o(.text)
    RCC_AHB1PeriphResetCmd                   0x08001af7   Thumb Code    34  stm32f4xx_rcc.o(.text)
    RCC_AHB2PeriphResetCmd                   0x08001b19   Thumb Code    34  stm32f4xx_rcc.o(.text)
    RCC_AHB3PeriphResetCmd                   0x08001b3b   Thumb Code    34  stm32f4xx_rcc.o(.text)
    RCC_APB1PeriphResetCmd                   0x08001b5d   Thumb Code    34  stm32f4xx_rcc.o(.text)
    RCC_APB2PeriphResetCmd                   0x08001b7f   Thumb Code    34  stm32f4xx_rcc.o(.text)
    RCC_AHB1PeriphClockLPModeCmd             0x08001ba1   Thumb Code    34  stm32f4xx_rcc.o(.text)
    RCC_AHB2PeriphClockLPModeCmd             0x08001bc3   Thumb Code    34  stm32f4xx_rcc.o(.text)
    RCC_AHB3PeriphClockLPModeCmd             0x08001be5   Thumb Code    34  stm32f4xx_rcc.o(.text)
    RCC_APB1PeriphClockLPModeCmd             0x08001c07   Thumb Code    34  stm32f4xx_rcc.o(.text)
    RCC_APB2PeriphClockLPModeCmd             0x08001c29   Thumb Code    34  stm32f4xx_rcc.o(.text)
    RCC_LSEModeConfig                        0x08001c4b   Thumb Code    40  stm32f4xx_rcc.o(.text)
    RCC_ITConfig                             0x08001c73   Thumb Code    34  stm32f4xx_rcc.o(.text)
    RCC_ClearFlag                            0x08001c95   Thumb Code    18  stm32f4xx_rcc.o(.text)
    RCC_GetITStatus                          0x08001ca7   Thumb Code    22  stm32f4xx_rcc.o(.text)
    RCC_ClearITPendingBit                    0x08001cbd   Thumb Code     8  stm32f4xx_rcc.o(.text)
    TM_GPIO_GetPortSource                    0x08001cc9   Thumb Code    14  tm_stm32f4_gpio.o(.text)
    TM_GPIO_INT_Init                         0x08001cd7   Thumb Code   170  tm_stm32f4_gpio.o(.text)
    TM_GPIO_INT_EnableClock                  0x08001d81   Thumb Code    28  tm_stm32f4_gpio.o(.text)
    TM_GPIO_Init                             0x08001d9d   Thumb Code    48  tm_stm32f4_gpio.o(.text)
    TM_GPIO_InitAlternate                    0x08001dcd   Thumb Code   110  tm_stm32f4_gpio.o(.text)
    TM_GPIO_DeInit                           0x08001e3b   Thumb Code    66  tm_stm32f4_gpio.o(.text)
    TM_GPIO_SetPinAsInput                    0x08001e7d   Thumb Code    38  tm_stm32f4_gpio.o(.text)
    TM_GPIO_SetPinAsOutput                   0x08001ea3   Thumb Code    46  tm_stm32f4_gpio.o(.text)
    TM_GPIO_SetPinAsAnalog                   0x08001ed1   Thumb Code    38  tm_stm32f4_gpio.o(.text)
    TM_GPIO_SetPinAsAlternate                0x08001ef7   Thumb Code    50  tm_stm32f4_gpio.o(.text)
    TM_GPIO_SetPullResistor                  0x08001f29   Thumb Code    50  tm_stm32f4_gpio.o(.text)
    TM_GPIO_Lock                             0x08001f5b   Thumb Code    16  tm_stm32f4_gpio.o(.text)
    TM_GPIO_GetPinSource                     0x08001f6b   Thumb Code    18  tm_stm32f4_gpio.o(.text)
    TM_GPIO_INT_DisableClock                 0x08001f7d   Thumb Code    26  tm_stm32f4_gpio.o(.text)
    TM_GPIO_GetUsedPins                      0x08001f97   Thumb Code    18  tm_stm32f4_gpio.o(.text)
    TM_GPIO_GetFreePins                      0x08001fa9   Thumb Code    22  tm_stm32f4_gpio.o(.text)
    EXTI_DeInit                              0x08001fc9   Thumb Code    28  stm32f4xx_exti.o(.text)
    EXTI_Init                                0x08001fe5   Thumb Code   142  stm32f4xx_exti.o(.text)
    EXTI_StructInit                          0x08002073   Thumb Code    16  stm32f4xx_exti.o(.text)
    EXTI_GenerateSWInterrupt                 0x08002083   Thumb Code    16  stm32f4xx_exti.o(.text)
    EXTI_GetFlagStatus                       0x08002093   Thumb Code    22  stm32f4xx_exti.o(.text)
    EXTI_ClearFlag                           0x080020a9   Thumb Code     8  stm32f4xx_exti.o(.text)
    EXTI_GetITStatus                         0x080020b1   Thumb Code    22  stm32f4xx_exti.o(.text)
    EXTI_ClearITPendingBit                   0x080020c7   Thumb Code     8  stm32f4xx_exti.o(.text)
    SYSCFG_DeInit                            0x080020d9   Thumb Code    22  stm32f4xx_syscfg.o(.text)
    SYSCFG_MemoryRemapConfig                 0x080020ef   Thumb Code     6  stm32f4xx_syscfg.o(.text)
    SYSCFG_MemorySwappingBank                0x080020f5   Thumb Code     6  stm32f4xx_syscfg.o(.text)
    SYSCFG_EXTILineConfig                    0x080020fb   Thumb Code    66  stm32f4xx_syscfg.o(.text)
    SYSCFG_ETH_MediaInterfaceConfig          0x0800213d   Thumb Code     8  stm32f4xx_syscfg.o(.text)
    SYSCFG_CompensationCellCmd               0x08002145   Thumb Code     6  stm32f4xx_syscfg.o(.text)
    SYSCFG_GetCompensationCellStatus         0x0800214b   Thumb Code    22  stm32f4xx_syscfg.o(.text)
    NVIC_PriorityGroupConfig                 0x0800216d   Thumb Code    10  misc.o(.text)
    NVIC_Init                                0x08002177   Thumb Code   106  misc.o(.text)
    NVIC_SetVectorTable                      0x080021e1   Thumb Code    14  misc.o(.text)
    NVIC_SystemLPConfig                      0x080021ef   Thumb Code    34  misc.o(.text)
    SysTick_CLKSourceConfig                  0x08002211   Thumb Code    40  misc.o(.text)
    TM_USART_INT_GetSubPriority              0x0800224d   Thumb Code    52  tm_stm32f4_usart.o(.text)
    TM_USART_InitCustomPinsCallback          0x08002281   Thumb Code     2  tm_stm32f4_usart.o(.text)
    TM_USART6_InitPins                       0x08002283   Thumb Code    66  tm_stm32f4_usart.o(.text)
    TM_UART5_InitPins                        0x080022c5   Thumb Code    60  tm_stm32f4_usart.o(.text)
    TM_UART4_InitPins                        0x08002301   Thumb Code    62  tm_stm32f4_usart.o(.text)
    TM_USART3_InitPins                       0x0800233f   Thumb Code    88  tm_stm32f4_usart.o(.text)
    TM_USART2_InitPins                       0x08002397   Thumb Code    64  tm_stm32f4_usart.o(.text)
    TM_USART1_InitPins                       0x080023d7   Thumb Code    64  tm_stm32f4_usart.o(.text)
    TM_USART_INT_GetUsart                    0x08002417   Thumb Code    52  tm_stm32f4_usart.o(.text)
    TM_USART_Init                            0x080025b5   Thumb Code   264  tm_stm32f4_usart.o(.text)
    TM_USART_InitWithFlowControl             0x080026bd   Thumb Code   196  tm_stm32f4_usart.o(.text)
    TM_USART_Getc                            0x08002781   Thumb Code    68  tm_stm32f4_usart.o(.text)
    TM_USART_FindCharacter                   0x080027c5   Thumb Code    56  tm_stm32f4_usart.o(.text)
    TM_USART_Gets                            0x080027fd   Thumb Code    94  tm_stm32f4_usart.o(.text)
    TM_USART_BufferEmpty                     0x0800285b   Thumb Code    32  tm_stm32f4_usart.o(.text)
    TM_USART_BufferFull                      0x0800287b   Thumb Code    28  tm_stm32f4_usart.o(.text)
    TM_USART_ClearBuffer                     0x08002897   Thumb Code    22  tm_stm32f4_usart.o(.text)
    TM_USART_SetCustomStringEndCharacter     0x080028ad   Thumb Code    18  tm_stm32f4_usart.o(.text)
    TM_USART_Puts                            0x080028bf   Thumb Code    70  tm_stm32f4_usart.o(.text)
    TM_USART_Send                            0x08002905   Thumb Code    74  tm_stm32f4_usart.o(.text)
    TM_USART_INT_InsertToBuffer              0x0800294f   Thumb Code    40  tm_stm32f4_usart.o(.text)
    USART1_IRQHandler                        0x08002977   Thumb Code    26  tm_stm32f4_usart.o(.text)
    USART2_IRQHandler                        0x08002991   Thumb Code    28  tm_stm32f4_usart.o(.text)
    USART3_IRQHandler                        0x080029ad   Thumb Code    28  tm_stm32f4_usart.o(.text)
    UART4_IRQHandler                         0x080029c9   Thumb Code    28  tm_stm32f4_usart.o(.text)
    UART5_IRQHandler                         0x080029e5   Thumb Code    26  tm_stm32f4_usart.o(.text)
    USART6_IRQHandler                        0x080029ff   Thumb Code    28  tm_stm32f4_usart.o(.text)
    USART_DeInit                             0x08002a4d   Thumb Code   206  stm32f4xx_usart.o(.text)
    USART_Init                               0x08002b1b   Thumb Code   204  stm32f4xx_usart.o(.text)
    USART_StructInit                         0x08002be7   Thumb Code    24  stm32f4xx_usart.o(.text)
    USART_ClockInit                          0x08002bff   Thumb Code    32  stm32f4xx_usart.o(.text)
    USART_ClockStructInit                    0x08002c1f   Thumb Code    12  stm32f4xx_usart.o(.text)
    USART_Cmd                                0x08002c2b   Thumb Code    24  stm32f4xx_usart.o(.text)
    USART_SetPrescaler                       0x08002c43   Thumb Code    16  stm32f4xx_usart.o(.text)
    USART_OverSampling8Cmd                   0x08002c53   Thumb Code    22  stm32f4xx_usart.o(.text)
    USART_OneBitMethodCmd                    0x08002c69   Thumb Code    24  stm32f4xx_usart.o(.text)
    USART_SendData                           0x08002c81   Thumb Code     8  stm32f4xx_usart.o(.text)
    USART_ReceiveData                        0x08002c89   Thumb Code    10  stm32f4xx_usart.o(.text)
    USART_SetAddress                         0x08002c93   Thumb Code    18  stm32f4xx_usart.o(.text)
    USART_ReceiverWakeUpCmd                  0x08002ca5   Thumb Code    24  stm32f4xx_usart.o(.text)
    USART_WakeUpConfig                       0x08002cbd   Thumb Code    18  stm32f4xx_usart.o(.text)
    USART_LINBreakDetectLengthConfig         0x08002ccf   Thumb Code    18  stm32f4xx_usart.o(.text)
    USART_LINCmd                             0x08002ce1   Thumb Code    24  stm32f4xx_usart.o(.text)
    USART_SendBreak                          0x08002cf9   Thumb Code    10  stm32f4xx_usart.o(.text)
    USART_HalfDuplexCmd                      0x08002d03   Thumb Code    24  stm32f4xx_usart.o(.text)
    USART_SetGuardTime                       0x08002d1b   Thumb Code    16  stm32f4xx_usart.o(.text)
    USART_SmartCardCmd                       0x08002d2b   Thumb Code    24  stm32f4xx_usart.o(.text)
    USART_SmartCardNACKCmd                   0x08002d43   Thumb Code    24  stm32f4xx_usart.o(.text)
    USART_IrDAConfig                         0x08002d5b   Thumb Code    18  stm32f4xx_usart.o(.text)
    USART_IrDACmd                            0x08002d6d   Thumb Code    24  stm32f4xx_usart.o(.text)
    USART_DMACmd                             0x08002d85   Thumb Code    18  stm32f4xx_usart.o(.text)
    USART_ITConfig                           0x08002d97   Thumb Code    74  stm32f4xx_usart.o(.text)
    USART_GetFlagStatus                      0x08002de1   Thumb Code    26  stm32f4xx_usart.o(.text)
    USART_ClearFlag                          0x08002dfb   Thumb Code    18  stm32f4xx_usart.o(.text)
    USART_GetITStatus                        0x08002e0d   Thumb Code   118  stm32f4xx_usart.o(.text)
    USART_ClearITPendingBit                  0x08002e83   Thumb Code    30  stm32f4xx_usart.o(.text)
    __aeabi_memset                           0x08002ea1   Thumb Code    14  memseta.o(.text)
    __aeabi_memset4                          0x08002ea1   Thumb Code     0  memseta.o(.text)
    __aeabi_memset8                          0x08002ea1   Thumb Code     0  memseta.o(.text)
    __aeabi_memclr                           0x08002eaf   Thumb Code     4  memseta.o(.text)
    __aeabi_memclr4                          0x08002eaf   Thumb Code     0  memseta.o(.text)
    __aeabi_memclr8                          0x08002eaf   Thumb Code     0  memseta.o(.text)
    _memset$wrapper                          0x08002eb3   Thumb Code    18  memseta.o(.text)
    strlen                                   0x08002ec5   Thumb Code    14  strlen.o(.text)
    strtok                                   0x08002ed5   Thumb Code    62  strtok.o(.text)
    __aeabi_dadd                             0x08002f19   Thumb Code   322  dadd.o(.text)
    __aeabi_dsub                             0x0800305b   Thumb Code     6  dadd.o(.text)
    __aeabi_drsub                            0x08003061   Thumb Code     6  dadd.o(.text)
    __aeabi_dmul                             0x08003067   Thumb Code   228  dmul.o(.text)
    __aeabi_ddiv                             0x0800314b   Thumb Code   222  ddiv.o(.text)
    __aeabi_i2d                              0x08003229   Thumb Code    34  dflti.o(.text)
    __aeabi_d2iz                             0x0800324b   Thumb Code    62  dfixi.o(.text)
    __aeabi_d2uiz                            0x08003289   Thumb Code    50  dfixui.o(.text)
    __aeabi_f2d                              0x080032bb   Thumb Code    38  f2d.o(.text)
    __aeabi_d2f                              0x080032e1   Thumb Code    56  d2f.o(.text)
    __aeabi_uidiv                            0x08003319   Thumb Code     0  uidiv.o(.text)
    __aeabi_uidivmod                         0x08003319   Thumb Code    44  uidiv.o(.text)
    __aeabi_uldivmod                         0x08003345   Thumb Code    98  uldiv.o(.text)
    __aeabi_llsl                             0x080033a7   Thumb Code    30  llshl.o(.text)
    _ll_shift_l                              0x080033a7   Thumb Code     0  llshl.o(.text)
    __aeabi_llsr                             0x080033c5   Thumb Code    32  llushr.o(.text)
    _ll_ushift_r                             0x080033c5   Thumb Code     0  llushr.o(.text)
    __aeabi_lasr                             0x080033e5   Thumb Code    36  llsshr.o(.text)
    _ll_sshift_r                             0x080033e5   Thumb Code     0  llsshr.o(.text)
    __strtod_int                             0x0800343f   Thumb Code    88  strtod.o(.text)
    __I$use$fp                               0x080034a5   Thumb Code     0  iusefp.o(.text)
    _float_round                             0x080034a5   Thumb Code    18  fepilogue.o(.text)
    _float_epilogue                          0x080034b7   Thumb Code    92  fepilogue.o(.text)
    _double_round                            0x08003513   Thumb Code    30  depilogue.o(.text)
    _double_epilogue                         0x08003531   Thumb Code   156  depilogue.o(.text)
    __aeabi_d2ulz                            0x080035cd   Thumb Code    48  dfixul.o(.text)
    __aeabi_cdrcmple                         0x080035fd   Thumb Code    48  cdrcmple.o(.text)
    __scatterload                            0x0800362d   Thumb Code    28  init.o(.text)
    __scatterload_rt2                        0x0800362d   Thumb Code     0  init.o(.text)
    isspace                                  0x08003651   Thumb Code    10  isspace_c.o(.text)
    _scanf_real                              0x0800375d   Thumb Code     0  scanf_fp.o(.text)
    _scanf_really_real                       0x0800375d   Thumb Code   556  scanf_fp.o(.text)
    _sgetc                                   0x08003995   Thumb Code    30  _sgetc.o(.text)
    _sbackspace                              0x080039b3   Thumb Code    34  _sgetc.o(.text)
    __aeabi_ui2d                             0x080039d5   Thumb Code    26  dfltui.o(.text)
    __ctype_lookup                           0x080039f1   Thumb Code    34  ctype_c.o(.text)
    __aeabi_ul2d                             0x08003a19   Thumb Code    24  dfltul.o(.text)
    __0sprintf                               0x08003a31   Thumb Code    34  printfa.o(i.__0sprintf)
    __1sprintf                               0x08003a31   Thumb Code     0  printfa.o(i.__0sprintf)
    __2sprintf                               0x08003a31   Thumb Code     0  printfa.o(i.__0sprintf)
    __c89sprintf                             0x08003a31   Thumb Code     0  printfa.o(i.__0sprintf)
    sprintf                                  0x08003a31   Thumb Code     0  printfa.o(i.__0sprintf)
    __ARM_fpclassify                         0x08003a59   Thumb Code    48  fpclassify.o(i.__ARM_fpclassify)
    __hardfp_atof                            0x08003a89   Thumb Code    44  atof.o(i.__hardfp_atof)
    __hardfp_cos                             0x08003ac1   Thumb Code   180  cos.o(i.__hardfp_cos)
    __hardfp_fabs                            0x08003b89   Thumb Code    20  fabs.o(i.__hardfp_fabs)
    __hardfp_sin                             0x08003ba1   Thumb Code   180  sin.o(i.__hardfp_sin)
    __ieee754_rem_pio2                       0x08003c69   Thumb Code   938  rred.o(i.__ieee754_rem_pio2)
    __kernel_cos                             0x080040a1   Thumb Code   322  cos_i.o(i.__kernel_cos)
    __kernel_poly                            0x08004211   Thumb Code   248  poly.o(i.__kernel_poly)
    __kernel_sin                             0x08004309   Thumb Code   280  sin_i.o(i.__kernel_sin)
    __mathlib_dbl_infnan                     0x08004439   Thumb Code    20  dunder.o(i.__mathlib_dbl_infnan)
    __mathlib_dbl_invalid                    0x08004451   Thumb Code    24  dunder.o(i.__mathlib_dbl_invalid)
    __mathlib_dbl_underflow                  0x08004471   Thumb Code    24  dunder.o(i.__mathlib_dbl_underflow)
    __read_errno                             0x08004491   Thumb Code     6  errno.o(i.__read_errno)
    __scatterload_copy                       0x0800449d   Thumb Code    14  handlers.o(i.__scatterload_copy)
    __scatterload_null                       0x080044ab   Thumb Code     2  handlers.o(i.__scatterload_null)
    __scatterload_zeroinit                   0x080044ad   Thumb Code    14  handlers.o(i.__scatterload_zeroinit)
    __set_errno                              0x080044bd   Thumb Code     6  errno.o(i.__set_errno)
    _is_digit                                0x0800462d   Thumb Code    14  scanf_fp.o(i._is_digit)
    fabs                                     0x08004d75   Thumb Code    24  fabs.o(i.fabs)
    led_mask                                 0x08004d8c   Data          16  led.o(.constdata)
    __ctype_categories                       0x08004ec0   Data          64  ctype_c.o(.constdata)
    Region$$Table$$Base                      0x08004f00   Number         0  anon$$obj.o(Region$$Table)
    Region$$Table$$Limit                     0x08004f20   Number         0  anon$$obj.o(Region$$Table)
    SystemCoreClock                          0x20000000   Data           4  system_stm32f4xx.o(.data)
    AHBPrescTable                            0x20000004   Data          16  system_stm32f4xx.o(.data)
    multiplier                               0x20000018   Data           4  blinky.o(.data)
    counter                                  0x2000001c   Data           4  blinky.o(.data)
    PI                                       0x20000020   Data           8  blinky.o(.data)
    btns                                     0x20000028   Data           4  blinky.o(.data)
    GPIO_InitStructureC                      0x2000002c   Data           8  blinky.o(.data)
    GPIO_InitStructureE                      0x20000034   Data           8  blinky.o(.data)
    step                                     0x2000003c   Data           4  blinky.o(.data)
    MM_PER_SEGMENT                           0x20000040   Data           4  blinky.o(.data)
    step_delay                               0x20000044   Data           4  blinky.o(.data)
    px                                       0x20000048   Data           4  blinky.o(.data)
    py                                       0x2000004c   Data           4  blinky.o(.data)
    pz                                       0x20000050   Data           4  blinky.o(.data)
    msTicks                                  0x20000054   Data           4  blinky.o(.data)
    TM_USART1                                0x20000068   Data          16  tm_stm32f4_usart.o(.data)
    TM_USART2                                0x20000078   Data          16  tm_stm32f4_usart.o(.data)
    TM_USART3                                0x20000088   Data          16  tm_stm32f4_usart.o(.data)
    TM_UART4                                 0x20000098   Data          16  tm_stm32f4_usart.o(.data)
    TM_UART5                                 0x200000a8   Data          16  tm_stm32f4_usart.o(.data)
    TM_USART6                                0x200000b8   Data          16  tm_stm32f4_usart.o(.data)
    TM_USART1_Buffer                         0x200000e6   Data          32  tm_stm32f4_usart.o(.bss)
    TM_USART2_Buffer                         0x20000106   Data          32  tm_stm32f4_usart.o(.bss)
    TM_USART3_Buffer                         0x20000126   Data          32  tm_stm32f4_usart.o(.bss)
    TM_UART4_Buffer                          0x20000146   Data          32  tm_stm32f4_usart.o(.bss)
    TM_UART5_Buffer                          0x20000166   Data          32  tm_stm32f4_usart.o(.bss)
    TM_USART6_Buffer                         0x20000186   Data          32  tm_stm32f4_usart.o(.bss)
    __initial_sp                             0x200005a8   Data           0  startup_stm32f40_41xxx.o(STACK)



==============================================================================

Memory Map of the image

  Image Entry point : 0x08000189

  Load Region LR_IROM1 (Base: 0x08000000, Size: 0x00004ff0, Max: 0x00100000, ABSOLUTE)

    Execution Region ER_IROM1 (Base: 0x08000000, Size: 0x00004f20, Max: 0x00100000, ABSOLUTE)

    Base Addr    Size         Type   Attr      Idx    E Section Name        Object

    0x08000000   0x00000188   Data   RO            3    RESET               startup_stm32f40_41xxx.o
    0x08000188   0x00000000   Code   RO          551  * .ARM.Collect$$$$00000000  mc_w.l(entry.o)
    0x08000188   0x00000004   Code   RO          869    .ARM.Collect$$$$00000001  mc_w.l(entry2.o)
    0x0800018c   0x00000004   Code   RO          872    .ARM.Collect$$$$00000004  mc_w.l(entry5.o)
    0x08000190   0x00000000   Code   RO          874    .ARM.Collect$$$$00000008  mc_w.l(entry7b.o)
    0x08000190   0x00000000   Code   RO          876    .ARM.Collect$$$$0000000A  mc_w.l(entry8b.o)
    0x08000190   0x00000008   Code   RO          877    .ARM.Collect$$$$0000000B  mc_w.l(entry9a.o)
    0x08000198   0x00000000   Code   RO          879    .ARM.Collect$$$$0000000D  mc_w.l(entry10a.o)
    0x08000198   0x00000000   Code   RO          881    .ARM.Collect$$$$0000000F  mc_w.l(entry11a.o)
    0x08000198   0x00000004   Code   RO          870    .ARM.Collect$$$$00002712  mc_w.l(entry2.o)
    0x0800019c   0x00000024   Code   RO            4    .text               startup_stm32f40_41xxx.o
    0x080001c0   0x00000210   Code   RO           13    .text               system_stm32f4xx.o
    0x080003d0   0x000000b4   Code   RO          147    .text               led.o
    0x08000484   0x00000f54   Code   RO          200    .text               blinky.o
    0x080013d8   0x00000294   Code   RO          280    .text               stm32f4xx_gpio.o
    0x0800166c   0x0000065c   Code   RO          304    .text               stm32f4xx_rcc.o
    0x08001cc8   0x00000300   Code   RO          356    .text               tm_stm32f4_gpio.o
    0x08001fc8   0x00000110   Code   RO          388    .text               stm32f4xx_exti.o
    0x080020d8   0x00000094   Code   RO          412    .text               stm32f4xx_syscfg.o
    0x0800216c   0x000000e0   Code   RO          436    .text               misc.o
    0x0800224c   0x00000800   Code   RO          460    .text               tm_stm32f4_usart.o
    0x08002a4c   0x00000454   Code   RO          494    .text               stm32f4xx_usart.o
    0x08002ea0   0x00000024   Code   RO          554    .text               mc_w.l(memseta.o)
    0x08002ec4   0x0000000e   Code   RO          556    .text               mc_w.l(strlen.o)
    0x08002ed2   0x00000002   PAD
    0x08002ed4   0x00000044   Code   RO          558    .text               mc_w.l(strtok.o)
    0x08002f18   0x0000014e   Code   RO          825    .text               mf_w.l(dadd.o)
    0x08003066   0x000000e4   Code   RO          827    .text               mf_w.l(dmul.o)
    0x0800314a   0x000000de   Code   RO          829    .text               mf_w.l(ddiv.o)
    0x08003228   0x00000022   Code   RO          831    .text               mf_w.l(dflti.o)
    0x0800324a   0x0000003e   Code   RO          833    .text               mf_w.l(dfixi.o)
    0x08003288   0x00000032   Code   RO          835    .text               mf_w.l(dfixui.o)
    0x080032ba   0x00000026   Code   RO          837    .text               mf_w.l(f2d.o)
    0x080032e0   0x00000038   Code   RO          839    .text               mf_w.l(d2f.o)
    0x08003318   0x0000002c   Code   RO          886    .text               mc_w.l(uidiv.o)
    0x08003344   0x00000062   Code   RO          888    .text               mc_w.l(uldiv.o)
    0x080033a6   0x0000001e   Code   RO          890    .text               mc_w.l(llshl.o)
    0x080033c4   0x00000020   Code   RO          892    .text               mc_w.l(llushr.o)
    0x080033e4   0x00000024   Code   RO          894    .text               mc_w.l(llsshr.o)
    0x08003408   0x0000009c   Code   RO          903    .text               mc_w.l(strtod.o)
    0x080034a4   0x00000000   Code   RO          905    .text               mc_w.l(iusefp.o)
    0x080034a4   0x0000006e   Code   RO          906    .text               mf_w.l(fepilogue.o)
    0x08003512   0x000000ba   Code   RO          908    .text               mf_w.l(depilogue.o)
    0x080035cc   0x00000030   Code   RO          912    .text               mf_w.l(dfixul.o)
    0x080035fc   0x00000030   Code   RO          914    .text               mf_w.l(cdrcmple.o)
    0x0800362c   0x00000024   Code   RO          920    .text               mc_w.l(init.o)
    0x08003650   0x0000000a   Code   RO          923    .text               mc_w.l(isspace_c.o)
    0x0800365a   0x00000002   PAD
    0x0800365c   0x00000338   Code   RO          925    .text               mc_w.l(scanf_fp.o)
    0x08003994   0x00000040   Code   RO          929    .text               mc_w.l(_sgetc.o)
    0x080039d4   0x0000001a   Code   RO          932    .text               mf_w.l(dfltui.o)
    0x080039ee   0x00000002   PAD
    0x080039f0   0x00000028   Code   RO          934    .text               mc_w.l(ctype_c.o)
    0x08003a18   0x00000018   Code   RO          937    .text               mf_w.l(dfltul.o)
    0x08003a30   0x00000028   Code   RO          799    i.__0sprintf        mc_w.l(printfa.o)
    0x08003a58   0x00000030   Code   RO          916    i.__ARM_fpclassify  m_wm.l(fpclassify.o)
    0x08003a88   0x00000038   Code   RO          515    i.__hardfp_atof     m_wm.l(atof.o)
    0x08003ac0   0x000000c8   Code   RO          521    i.__hardfp_cos      m_wm.l(cos.o)
    0x08003b88   0x00000014   Code   RO          533    i.__hardfp_fabs     m_wm.l(fabs.o)
    0x08003b9c   0x00000004   PAD
    0x08003ba0   0x000000c8   Code   RO          539    i.__hardfp_sin      m_wm.l(sin.o)
    0x08003c68   0x00000438   Code   RO          858    i.__ieee754_rem_pio2  m_wm.l(rred.o)
    0x080040a0   0x00000170   Code   RO          841    i.__kernel_cos      m_wm.l(cos_i.o)
    0x08004210   0x000000f8   Code   RO          918    i.__kernel_poly     m_wm.l(poly.o)
    0x08004308   0x00000130   Code   RO          863    i.__kernel_sin      m_wm.l(sin_i.o)
    0x08004438   0x00000014   Code   RO          845    i.__mathlib_dbl_infnan  m_wm.l(dunder.o)
    0x0800444c   0x00000004   PAD
    0x08004450   0x00000020   Code   RO          847    i.__mathlib_dbl_invalid  m_wm.l(dunder.o)
    0x08004470   0x00000020   Code   RO          850    i.__mathlib_dbl_underflow  m_wm.l(dunder.o)
    0x08004490   0x0000000c   Code   RO          897    i.__read_errno      mc_w.l(errno.o)
    0x0800449c   0x0000000e   Code   RO          941    i.__scatterload_copy  mc_w.l(handlers.o)
    0x080044aa   0x00000002   Code   RO          942    i.__scatterload_null  mc_w.l(handlers.o)
    0x080044ac   0x0000000e   Code   RO          943    i.__scatterload_zeroinit  mc_w.l(handlers.o)
    0x080044ba   0x00000002   PAD
    0x080044bc   0x0000000c   Code   RO          898    i.__set_errno       mc_w.l(errno.o)
    0x080044c8   0x00000164   Code   RO          804    i._fp_digits        mc_w.l(printfa.o)
    0x0800462c   0x0000000e   Code   RO          927    i._is_digit         mc_w.l(scanf_fp.o)
    0x0800463a   0x00000002   PAD
    0x0800463c   0x000006dc   Code   RO          805    i._printf_core      mc_w.l(printfa.o)
    0x08004d18   0x00000024   Code   RO          806    i._printf_post_padding  mc_w.l(printfa.o)
    0x08004d3c   0x0000002e   Code   RO          807    i._printf_pre_padding  mc_w.l(printfa.o)
    0x08004d6a   0x0000000a   Code   RO          809    i._sputc            mc_w.l(printfa.o)
    0x08004d74   0x00000018   Code   RO          535    i.fabs              m_wm.l(fabs.o)
    0x08004d8c   0x00000010   Data   RO          148    .constdata          led.o
    0x08004d9c   0x00000004   PAD
    0x08004da0   0x00000030   Data   RO          842    .constdata          m_wm.l(cos_i.o)
    0x08004dd0   0x000000c8   Data   RO          860    .constdata          m_wm.l(rred.o)
    0x08004e98   0x00000028   Data   RO          864    .constdata          m_wm.l(sin_i.o)
    0x08004ec0   0x00000040   Data   RO          935    .constdata          mc_w.l(ctype_c.o)
    0x08004f00   0x00000020   Data   RO          939    Region$$Table       anon$$obj.o


    Execution Region RW_IRAM1 (Base: 0x20000000, Size: 0x000005a8, Max: 0x00020000, ABSOLUTE)

    Base Addr    Size         Type   Attr      Idx    E Section Name        Object

    0x20000000   0x00000014   Data   RW           14    .data               system_stm32f4xx.o
    0x20000014   0x00000004   PAD
    0x20000018   0x00000040   Data   RW          201    .data               blinky.o
    0x20000058   0x00000010   Data   RW          305    .data               stm32f4xx_rcc.o
    0x20000068   0x00000060   Data   RW          462    .data               tm_stm32f4_usart.o
    0x200000c8   0x00000004   Data   RW          559    .data               mc_w.l(strtok.o)
    0x200000cc   0x00000004   Data   RW          899    .data               mc_w.l(errno.o)
    0x200000d0   0x00000016   Zero   RW          357    .bss                tm_stm32f4_gpio.o
    0x200000e6   0x000000c0   Zero   RW          461    .bss                tm_stm32f4_usart.o
    0x200001a6   0x00000002   PAD
    0x200001a8   0x00000400   Zero   RW            1    STACK               startup_stm32f40_41xxx.o


==============================================================================

Image component sizes


      Code (inc. data)   RO Data    RW Data    ZI Data      Debug   Object Name

      3924        190          0         64          0       9387   blinky.o
       180         14         16          0          0       1605   led.o
       224         20          0          0          0       1949   misc.o
        36          8        392          0       1024        844   startup_stm32f40_41xxx.o
       272         10          0          0          0       2395   stm32f4xx_exti.o
       660         44          0          0          0       4069   stm32f4xx_gpio.o
      1628         52          0         16          0      12856   stm32f4xx_rcc.o
       148         12          0          0          0       1893   stm32f4xx_syscfg.o
      1108         34          0          0          0       7924   stm32f4xx_usart.o
       528         46          0         20          0     272559   system_stm32f4xx.o
       768         10          0          0         22       7396   tm_stm32f4_gpio.o
      2048        122          0         96        192      12367   tm_stm32f4_usart.o

    ----------------------------------------------------------------------
     11524        562        444        200       1240     335244   Object Totals
         0          0         32          0          0          0   (incl. Generated)
         0          0          4          4          2          0   (incl. Padding)

    ----------------------------------------------------------------------

      Code (inc. data)   RO Data    RW Data    ZI Data      Debug   Library Member Name

        56         12          0          0          0        132   atof.o
       200         20          0          0          0        164   cos.o
       368         46         48          0          0        200   cos_i.o
        84         16          0          0          0        372   dunder.o
        44          0          0          0          0        248   fabs.o
        48          0          0          0          0        124   fpclassify.o
       248          0          0          0          0        152   poly.o
      1080        142        200          0          0        188   rred.o
       200         20          0          0          0        164   sin.o
       304         24         40          0          0        208   sin_i.o
        64          0          0          0          0         84   _sgetc.o
        40          6         64          0          0         68   ctype_c.o
         0          0          0          0          0          0   entry.o
         0          0          0          0          0          0   entry10a.o
         0          0          0          0          0          0   entry11a.o
         8          4          0          0          0          0   entry2.o
         4          0          0          0          0          0   entry5.o
         0          0          0          0          0          0   entry7b.o
         0          0          0          0          0          0   entry8b.o
         8          4          0          0          0          0   entry9a.o
        24         12          0          4          0        136   errno.o
        30          0          0          0          0          0   handlers.o
        36          8          0          0          0         68   init.o
        10          0          0          0          0         68   isspace_c.o
         0          0          0          0          0          0   iusefp.o
        30          0          0          0          0         68   llshl.o
        36          0          0          0          0         68   llsshr.o
        32          0          0          0          0         68   llushr.o
        36          0          0          0          0        108   memseta.o
      2244         86          0          0          0        512   printfa.o
       838         12          0          0          0        216   scanf_fp.o
        14          0          0          0          0         68   strlen.o
       156         14          0          0          0        120   strtod.o
        68          6          0          4          0         80   strtok.o
        44          0          0          0          0         80   uidiv.o
        98          0          0          0          0         92   uldiv.o
        48          0          0          0          0         68   cdrcmple.o
        56          0          0          0          0         88   d2f.o
       334          0          0          0          0        148   dadd.o
       222          0          0          0          0        100   ddiv.o
       186          0          0          0          0        176   depilogue.o
        62          0          0          0          0         80   dfixi.o
        50          0          0          0          0         76   dfixui.o
        48          0          0          0          0         68   dfixul.o
        34          0          0          0          0         76   dflti.o
        26          0          0          0          0         76   dfltui.o
        24          0          0          0          0         76   dfltul.o
       228          0          0          0          0         96   dmul.o
        38          0          0          0          0         68   f2d.o
       110          0          0          0          0        168   fepilogue.o

    ----------------------------------------------------------------------
      7936        432        352          8          0       5220   Library Totals
        18          0          0          0          0          0   (incl. Padding)

    ----------------------------------------------------------------------

      Code (inc. data)   RO Data    RW Data    ZI Data      Debug   Library Name

      2632        280        288          0          0       1952   m_wm.l
      3820        152         64          8          0       1904   mc_w.l
      1466          0          0          0          0       1364   mf_w.l

    ----------------------------------------------------------------------
      7936        432        352          8          0       5220   Library Totals

    ----------------------------------------------------------------------

==============================================================================


      Code (inc. data)   RO Data    RW Data    ZI Data      Debug   

     19460        994        796        208       1240     334552   Grand Totals
     19460        994        796        208       1240     334552   ELF Image Totals
     19460        994        796        208          0          0   ROM Totals

==============================================================================

    Total RO  Size (Code + RO Data)                20256 (  19.78kB)
    Total RW  Size (RW Data + ZI Data)              1448 (   1.41kB)
    Total ROM Size (Code + RO Data + RW Data)      20464 (  19.98kB)

==============================================================================

