
Allocating common symbols
Common symbol       size              file

HSEStartUpStatus    0x1               ..\obj\usb_bsp.o
USBH_MSC_CSWData    0x10              ..\obj\usbh_msc_bot.o
MSC_Machine         0x4a              ..\obj\usbh_msc_core.o
USBH_DataInBuffer   0x200             ..\obj\usbh_msc_scsi.o
USBH_MSC_Param      0x10              ..\obj\usbh_msc_scsi.o
USBH_MSC_BOTXferParam
                    0x10              ..\obj\usbh_msc_bot.o
USB_MSC_HOST_STATUS
                    0x1               ..\obj\stm32_ub_usb_msc_host.o
USB_OTG_Core        0x4b0             ..\obj\stm32_ub_usb_msc_host.o
USBH_DataOutBuffer  0x200             ..\obj\usbh_msc_scsi.o
MSC_Setup           0x8               ..\obj\usbh_msc_core.o
USBH_MSC_CBWData    0x20              ..\obj\usbh_msc_bot.o
USB_Host            0x84              ..\obj\stm32_ub_usb_msc_host.o

Discarded input sections

 .text          0x00000000        0x0 ..\obj\usb_core.o
 .data          0x00000000        0x0 ..\obj\usb_core.o
 .bss           0x00000000        0x0 ..\obj\usb_core.o
 .text.USB_OTG_IsDeviceMode
                0x00000000       0x24 ..\obj\usb_core.o
 .text.USB_OTG_ReadOtgItr
                0x00000000       0x1c ..\obj\usb_core.o
 .text.USB_OTG_StopHost
                0x00000000       0x90 ..\obj\usb_core.o
 .text          0x00000000        0x0 ..\obj\stm32_ub_usb_msc_host.o
 .data          0x00000000        0x0 ..\obj\stm32_ub_usb_msc_host.o
 .bss           0x00000000        0x0 ..\obj\stm32_ub_usb_msc_host.o
 .text          0x00000000        0x0 ..\obj\usbh_hcs.o
 .data          0x00000000        0x0 ..\obj\usbh_hcs.o
 .bss           0x00000000        0x0 ..\obj\usbh_hcs.o
 .text          0x00000000        0x0 ..\obj\usbh_stdreq.o
 .data          0x00000000        0x0 ..\obj\usbh_stdreq.o
 .bss           0x00000000        0x0 ..\obj\usbh_stdreq.o
 .text          0x00000000        0x0 ..\obj\diskio.o
 .data          0x00000000        0x0 ..\obj\diskio.o
 .bss           0x00000000        0x0 ..\obj\diskio.o
 .text          0x00000000        0x0 ..\obj\startup_stm32f4xx.o
 .data          0x00000000        0x0 ..\obj\startup_stm32f4xx.o
 .bss           0x00000000        0x0 ..\obj\startup_stm32f4xx.o
 .text          0x00000000        0x0 ..\obj\stm32_ub_led.o
 .bss           0x00000000        0x0 ..\obj\stm32_ub_led.o
 .text.UB_Led_Toggle
                0x00000000       0x74 ..\obj\stm32_ub_led.o
 .text.UB_Led_Switch
                0x00000000       0x30 ..\obj\stm32_ub_led.o
 .text          0x00000000        0x0 ..\obj\main.o
 .data          0x00000000        0x0 ..\obj\main.o
 .bss           0x00000000        0x0 ..\obj\main.o
 .text          0x00000000        0x0 ..\obj\stm32_ub_fatfs.o
 .data          0x00000000        0x0 ..\obj\stm32_ub_fatfs.o
 .text.UB_Fatfs_Init
                0x00000000       0x14 ..\obj\stm32_ub_fatfs.o
 .text.UB_Fatfs_CheckMedia
                0x00000000       0x44 ..\obj\stm32_ub_fatfs.o
 .text.UB_Fatfs_DelFile
                0x00000000       0x40 ..\obj\stm32_ub_fatfs.o
 .text.UB_Fatfs_ReadString
                0x00000000       0x6c ..\obj\stm32_ub_fatfs.o
 .text.UB_Fatfs_FileSize
                0x00000000       0x2c ..\obj\stm32_ub_fatfs.o
 .text.UB_Fatfs_ReadBlock
                0x00000000       0x88 ..\obj\stm32_ub_fatfs.o
 .text.UB_Fatfs_WriteBlock
                0x00000000       0x88 ..\obj\stm32_ub_fatfs.o
 .text          0x00000000        0x0 ..\obj\stm32f4xx_rcc.o
 .data          0x00000000       0x10 ..\obj\stm32f4xx_rcc.o
 .bss           0x00000000        0x0 ..\obj\stm32f4xx_rcc.o
 .text.RCC_DeInit
                0x00000000       0x84 ..\obj\stm32f4xx_rcc.o
 .text.RCC_HSEConfig
                0x00000000       0x30 ..\obj\stm32f4xx_rcc.o
 .text.RCC_WaitForHSEStartUp
                0x00000000       0x64 ..\obj\stm32f4xx_rcc.o
 .text.RCC_AdjustHSICalibrationValue
                0x00000000       0x48 ..\obj\stm32f4xx_rcc.o
 .text.RCC_HSICmd
                0x00000000       0x20 ..\obj\stm32f4xx_rcc.o
 .text.RCC_LSEConfig
                0x00000000       0x60 ..\obj\stm32f4xx_rcc.o
 .text.RCC_LSICmd
                0x00000000       0x20 ..\obj\stm32f4xx_rcc.o
 .text.RCC_PLLConfig
                0x00000000       0x48 ..\obj\stm32f4xx_rcc.o
 .text.RCC_PLLCmd
                0x00000000       0x20 ..\obj\stm32f4xx_rcc.o
 .text.RCC_PLLI2SConfig
                0x00000000       0x30 ..\obj\stm32f4xx_rcc.o
 .text.RCC_PLLI2SCmd
                0x00000000       0x20 ..\obj\stm32f4xx_rcc.o
 .text.RCC_ClockSecuritySystemCmd
                0x00000000       0x20 ..\obj\stm32f4xx_rcc.o
 .text.RCC_MCO1Config
                0x00000000       0x48 ..\obj\stm32f4xx_rcc.o
 .text.RCC_MCO2Config
                0x00000000       0x48 ..\obj\stm32f4xx_rcc.o
 .text.RCC_SYSCLKConfig
                0x00000000       0x40 ..\obj\stm32f4xx_rcc.o
 .text.RCC_GetSYSCLKSource
                0x00000000       0x20 ..\obj\stm32f4xx_rcc.o
 .text.RCC_HCLKConfig
                0x00000000       0x40 ..\obj\stm32f4xx_rcc.o
 .text.RCC_PCLK1Config
                0x00000000       0x40 ..\obj\stm32f4xx_rcc.o
 .text.RCC_PCLK2Config
                0x00000000       0x44 ..\obj\stm32f4xx_rcc.o
 .text.RCC_GetClocksFreq
                0x00000000      0x1cc ..\obj\stm32f4xx_rcc.o
 .text.RCC_RTCCLKConfig
                0x00000000       0x74 ..\obj\stm32f4xx_rcc.o
 .text.RCC_RTCCLKCmd
                0x00000000       0x20 ..\obj\stm32f4xx_rcc.o
 .text.RCC_BackupResetCmd
                0x00000000       0x20 ..\obj\stm32f4xx_rcc.o
 .text.RCC_I2SCLKConfig
                0x00000000       0x20 ..\obj\stm32f4xx_rcc.o
 .text.RCC_AHB3PeriphClockCmd
                0x00000000       0x54 ..\obj\stm32f4xx_rcc.o
 .text.RCC_APB1PeriphClockCmd
                0x00000000       0x54 ..\obj\stm32f4xx_rcc.o
 .text.RCC_APB2PeriphClockCmd
                0x00000000       0x54 ..\obj\stm32f4xx_rcc.o
 .text.RCC_AHB1PeriphResetCmd
                0x00000000       0x54 ..\obj\stm32f4xx_rcc.o
 .text.RCC_AHB2PeriphResetCmd
                0x00000000       0x54 ..\obj\stm32f4xx_rcc.o
 .text.RCC_AHB3PeriphResetCmd
                0x00000000       0x54 ..\obj\stm32f4xx_rcc.o
 .text.RCC_APB1PeriphResetCmd
                0x00000000       0x54 ..\obj\stm32f4xx_rcc.o
 .text.RCC_APB2PeriphResetCmd
                0x00000000       0x54 ..\obj\stm32f4xx_rcc.o
 .text.RCC_AHB1PeriphClockLPModeCmd
                0x00000000       0x54 ..\obj\stm32f4xx_rcc.o
 .text.RCC_AHB2PeriphClockLPModeCmd
                0x00000000       0x54 ..\obj\stm32f4xx_rcc.o
 .text.RCC_AHB3PeriphClockLPModeCmd
                0x00000000       0x54 ..\obj\stm32f4xx_rcc.o
 .text.RCC_APB1PeriphClockLPModeCmd
                0x00000000       0x54 ..\obj\stm32f4xx_rcc.o
 .text.RCC_APB2PeriphClockLPModeCmd
                0x00000000       0x54 ..\obj\stm32f4xx_rcc.o
 .text.RCC_ITConfig
                0x00000000       0x60 ..\obj\stm32f4xx_rcc.o
 .text.RCC_GetFlagStatus
                0x00000000       0x90 ..\obj\stm32f4xx_rcc.o
 .text.RCC_ClearFlag
                0x00000000       0x24 ..\obj\stm32f4xx_rcc.o
 .text.RCC_GetITStatus
                0x00000000       0x40 ..\obj\stm32f4xx_rcc.o
 .text.RCC_ClearITPendingBit
                0x00000000       0x20 ..\obj\stm32f4xx_rcc.o
 .text          0x00000000        0x0 ..\obj\usbh_msc_core.o
 .text          0x00000000        0x0 ..\obj\usbh_core.o
 .text          0x00000000        0x0 ..\obj\stm32_ub_sdcard.o
 .data          0x00000000        0x0 ..\obj\stm32_ub_sdcard.o
 .bss           0x00000000        0x0 ..\obj\stm32_ub_sdcard.o
 .text.UB_SDCard_Init
                0x00000000        0xc ..\obj\stm32_ub_sdcard.o
 .text.UB_SDCard_CheckMedia
                0x00000000       0x1c ..\obj\stm32_ub_sdcard.o
 .text          0x00000000        0x0 ..\obj\stm32f4xx_gpio.o
 .data          0x00000000        0x0 ..\obj\stm32f4xx_gpio.o
 .bss           0x00000000        0x0 ..\obj\stm32f4xx_gpio.o
 .text.GPIO_DeInit
                0x00000000      0x178 ..\obj\stm32f4xx_gpio.o
 .text.GPIO_StructInit
                0x00000000       0x3c ..\obj\stm32f4xx_gpio.o
 .text.GPIO_PinLockConfig
                0x00000000       0x44 ..\obj\stm32f4xx_gpio.o
 .text.GPIO_ReadInputDataBit
                0x00000000       0x3c ..\obj\stm32f4xx_gpio.o
 .text.GPIO_ReadInputData
                0x00000000       0x1c ..\obj\stm32f4xx_gpio.o
 .text.GPIO_ReadOutputDataBit
                0x00000000       0x3c ..\obj\stm32f4xx_gpio.o
 .text.GPIO_ReadOutputData
                0x00000000       0x1c ..\obj\stm32f4xx_gpio.o
 .text.GPIO_WriteBit
                0x00000000       0x30 ..\obj\stm32f4xx_gpio.o
 .text.GPIO_Write
                0x00000000       0x1c ..\obj\stm32f4xx_gpio.o
 .text.GPIO_ToggleBits
                0x00000000       0x24 ..\obj\stm32f4xx_gpio.o
 .text          0x00000000        0x0 ..\obj\stm32_ub_usbdisk.o
 .data          0x00000000        0x0 ..\obj\stm32_ub_usbdisk.o
 .bss           0x00000000        0x0 ..\obj\stm32_ub_usbdisk.o
 .text.UB_USBDisk_Init
                0x00000000        0xc ..\obj\stm32_ub_usbdisk.o
 .text.UB_USBDrive_CheckMedia
                0x00000000       0x48 ..\obj\stm32_ub_usbdisk.o
 .text          0x00000000        0x0 ..\obj\usbh_msc_scsi.o
 .bss           0x00000000        0x0 ..\obj\usbh_msc_scsi.o
 .text          0x00000000        0x0 ..\obj\system_stm32f4xx.o
 .data          0x00000000       0x14 ..\obj\system_stm32f4xx.o
 .bss           0x00000000        0x0 ..\obj\system_stm32f4xx.o
 .text.SystemCoreClockUpdate
                0x00000000      0x170 ..\obj\system_stm32f4xx.o
 .text          0x00000000        0x0 ..\obj\usbh_usr.o
 .text          0x00000000        0x0 ..\obj\usb_bsp.o
 .data          0x00000000        0x0 ..\obj\usb_bsp.o
 .bss           0x00000000        0x0 ..\obj\usb_bsp.o
 COMMON         0x00000000        0x1 ..\obj\usb_bsp.o
 .text          0x00000000        0x0 ..\obj\stm32_ub_atadrive.o
 .data          0x00000000        0x0 ..\obj\stm32_ub_atadrive.o
 .bss           0x00000000        0x0 ..\obj\stm32_ub_atadrive.o
 .text.UB_ATADrive_Init
                0x00000000        0xc ..\obj\stm32_ub_atadrive.o
 .text.UB_ATADrive_CheckMedia
                0x00000000       0x1c ..\obj\stm32_ub_atadrive.o
 .text          0x00000000        0x0 ..\obj\ff.o
 .data          0x00000000        0x0 ..\obj\ff.o
 .text.dir_read
                0x00000000       0xbc ..\obj\ff.o
 .text.dir_remove
                0x00000000       0x58 ..\obj\ff.o
 .text.get_fileinfo
                0x00000000      0x150 ..\obj\ff.o
 .text.f_read   0x00000000      0x2e8 ..\obj\ff.o
 .text.f_opendir
                0x00000000       0xd4 ..\obj\ff.o
 .text.f_readdir
                0x00000000       0x98 ..\obj\ff.o
 .text.f_stat   0x00000000       0x78 ..\obj\ff.o
 .text.f_truncate
                0x00000000      0x120 ..\obj\ff.o
 .text.f_unlink
                0x00000000      0x174 ..\obj\ff.o
 .text.f_mkdir  0x00000000      0x2a0 ..\obj\ff.o
 .text.f_chmod  0x00000000       0xbc ..\obj\ff.o
 .text.f_utime  0x00000000       0xcc ..\obj\ff.o
 .text.f_rename
                0x00000000      0x1e0 ..\obj\ff.o
 .text.f_gets   0x00000000       0x90 ..\obj\ff.o
 .text.f_printf
                0x00000000      0x4cc ..\obj\ff.o
 .text          0x00000000        0x0 ..\obj\usb_hcd.o
 .data          0x00000000        0x0 ..\obj\usb_hcd.o
 .bss           0x00000000        0x0 ..\obj\usb_hcd.o
 .text.HCD_GetHCState
                0x00000000       0x24 ..\obj\usb_hcd.o
 .text.HCD_HC_Init
                0x00000000       0x24 ..\obj\usb_hcd.o
 .text          0x00000000        0x0 ..\obj\usbh_msc_bot.o
 .data          0x00000000        0x0 ..\obj\usbh_msc_bot.o
 .text          0x00000000        0x0 ..\obj\usbh_ioreq.o
 .data          0x00000000        0x0 ..\obj\usbh_ioreq.o
 .bss           0x00000000        0x0 ..\obj\usbh_ioreq.o
 .text.USBH_InterruptReceiveData
                0x00000000       0xd0 ..\obj\usbh_ioreq.o
 .text.USBH_InterruptSendData
                0x00000000       0xd0 ..\obj\usbh_ioreq.o
 .text          0x00000000        0x0 ..\obj\misc.o
 .data          0x00000000        0x0 ..\obj\misc.o
 .bss           0x00000000        0x0 ..\obj\misc.o
 .text.NVIC_SetVectorTable
                0x00000000       0x2c ..\obj\misc.o
 .text.NVIC_SystemLPConfig
                0x00000000       0x54 ..\obj\misc.o
 .text.SysTick_CLKSourceConfig
                0x00000000       0x4c ..\obj\misc.o
 .text          0x00000000        0x0 ..\obj\usb_hcd_int.o
 .data          0x00000000        0x0 ..\obj\usb_hcd_int.o
 .bss           0x00000000        0x0 ..\obj\usb_hcd_int.o

Memory Configuration

Name             Origin             Length             Attributes
rom              0x08000000         0x00100000         xr
ram              0x20000000         0x00020000         xrw
ram1             0x10000000         0x00010000         xrw
*default*        0x00000000         0xffffffff

Linker script and memory map

                0x20020000                _eram = 0x20020000

.text           0x08000000     0x9858
 *(.isr_vector .isr_vector.*)
 .isr_vector    0x08000000      0x188 ..\obj\startup_stm32f4xx.o
                0x08000000                g_pfnVectors
 *(.text .text.* .gnu.linkonce.t.*)
 .text.USB_OTG_EnableCommonInt
                0x08000188       0x44 ..\obj\usb_core.o
 .text.USB_OTG_CoreReset
                0x080001cc       0xa8 ..\obj\usb_core.o
 .text.USB_OTG_WritePacket
                0x08000274       0x84 ..\obj\usb_core.o
                0x08000274                USB_OTG_WritePacket
 .text.USB_OTG_ReadPacket
                0x080002f8       0x68 ..\obj\usb_core.o
                0x080002f8                USB_OTG_ReadPacket
 .text.USB_OTG_SelectCore
                0x08000360      0x1b4 ..\obj\usb_core.o
                0x08000360                USB_OTG_SelectCore
 .text.USB_OTG_CoreInit
                0x08000514      0x1f8 ..\obj\usb_core.o
                0x08000514                USB_OTG_CoreInit
 .text.USB_OTG_EnableGlobalInt
                0x0800070c       0x3c ..\obj\usb_core.o
                0x0800070c                USB_OTG_EnableGlobalInt
 .text.USB_OTG_DisableGlobalInt
                0x08000748       0x40 ..\obj\usb_core.o
                0x08000748                USB_OTG_DisableGlobalInt
 .text.USB_OTG_FlushTxFifo
                0x08000788       0x80 ..\obj\usb_core.o
                0x08000788                USB_OTG_FlushTxFifo
 .text.USB_OTG_FlushRxFifo
                0x08000808       0x6c ..\obj\usb_core.o
                0x08000808                USB_OTG_FlushRxFifo
 .text.USB_OTG_SetCurrentMode
                0x08000874       0x64 ..\obj\usb_core.o
                0x08000874                USB_OTG_SetCurrentMode
 .text.USB_OTG_GetMode
                0x080008d8       0x20 ..\obj\usb_core.o
                0x080008d8                USB_OTG_GetMode
 .text.USB_OTG_IsHostMode
                0x080008f8       0x24 ..\obj\usb_core.o
                0x080008f8                USB_OTG_IsHostMode
 .text.USB_OTG_ReadCoreItr
                0x0800091c       0x30 ..\obj\usb_core.o
                0x0800091c                USB_OTG_ReadCoreItr
 .text.USB_OTG_CoreInitHost
                0x0800094c      0x124 ..\obj\usb_core.o
                0x0800094c                USB_OTG_CoreInitHost
 .text.USB_OTG_IsEvenFrame
                0x08000a70       0x28 ..\obj\usb_core.o
                0x08000a70                USB_OTG_IsEvenFrame
 .text.USB_OTG_DriveVbus
                0x08000a98       0x80 ..\obj\usb_core.o
                0x08000a98                USB_OTG_DriveVbus
 .text.USB_OTG_EnableHostInt
                0x08000b18       0x8c ..\obj\usb_core.o
                0x08000b18                USB_OTG_EnableHostInt
 .text.USB_OTG_InitFSLSPClkSel
                0x08000ba4       0x38 ..\obj\usb_core.o
                0x08000ba4                USB_OTG_InitFSLSPClkSel
 .text.USB_OTG_ReadHPRT0
                0x08000bdc       0x40 ..\obj\usb_core.o
                0x08000bdc                USB_OTG_ReadHPRT0
 .text.USB_OTG_ReadHostAllChannels_intr
                0x08000c1c       0x1c ..\obj\usb_core.o
                0x08000c1c                USB_OTG_ReadHostAllChannels_intr
 .text.USB_OTG_ResetPort
                0x08000c38       0x54 ..\obj\usb_core.o
                0x08000c38                USB_OTG_ResetPort
 .text.USB_OTG_HC_Init
                0x08000c8c      0x2d4 ..\obj\usb_core.o
                0x08000c8c                USB_OTG_HC_Init
 .text.USB_OTG_HC_StartXfer
                0x08000f60      0x308 ..\obj\usb_core.o
                0x08000f60                USB_OTG_HC_StartXfer
 .text.USB_OTG_HC_Halt
                0x08001268       0xac ..\obj\usb_core.o
                0x08001268                USB_OTG_HC_Halt
 .text.USB_OTG_HC_DoPing
                0x08001314       0x88 ..\obj\usb_core.o
                0x08001314                USB_OTG_HC_DoPing
 .text.UB_USB_MSC_HOST_Init
                0x0800139c       0x44 ..\obj\stm32_ub_usb_msc_host.o
                0x0800139c                UB_USB_MSC_HOST_Init
 .text.UB_USB_MSC_HOST_Do
                0x080013e0       0x34 ..\obj\stm32_ub_usb_msc_host.o
                0x080013e0                UB_USB_MSC_HOST_Do
 .text.USBH_Open_Channel
                0x08001414      0x108 ..\obj\usbh_hcs.o
                0x08001414                USBH_Open_Channel
 .text.USBH_Modify_Channel
                0x0800151c       0x9c ..\obj\usbh_hcs.o
                0x0800151c                USBH_Modify_Channel
 .text.USBH_Alloc_Channel
                0x080015b8       0x4c ..\obj\usbh_hcs.o
                0x080015b8                USBH_Alloc_Channel
 .text.USBH_Free_Channel
                0x08001604       0x4c ..\obj\usbh_hcs.o
                0x08001604                USBH_Free_Channel
 .text.USBH_DeAllocate_AllChannel
                0x08001650       0x44 ..\obj\usbh_hcs.o
                0x08001650                USBH_DeAllocate_AllChannel
 .text.USBH_GetFreeChannel
                0x08001694       0x54 ..\obj\usbh_hcs.o
 .text.USBH_Get_DevDesc
                0x080016e8       0x5c ..\obj\usbh_stdreq.o
                0x080016e8                USBH_Get_DevDesc
 .text.USBH_Get_CfgDesc
                0x08001744       0x60 ..\obj\usbh_stdreq.o
                0x08001744                USBH_Get_CfgDesc
 .text.USBH_Get_StringDesc
                0x080017a4       0x5c ..\obj\usbh_stdreq.o
                0x080017a4                USBH_Get_StringDesc
 .text.USBH_GetDescriptor
                0x08001800       0x64 ..\obj\usbh_stdreq.o
                0x08001800                USBH_GetDescriptor
 .text.USBH_SetAddress
                0x08001864       0x54 ..\obj\usbh_stdreq.o
                0x08001864                USBH_SetAddress
 .text.USBH_SetCfg
                0x080018b8       0x50 ..\obj\usbh_stdreq.o
                0x080018b8                USBH_SetCfg
 .text.USBH_ClrFeature
                0x08001908       0x84 ..\obj\usbh_stdreq.o
                0x08001908                USBH_ClrFeature
 .text.USBH_ParseDevDesc
                0x0800198c       0xf0 ..\obj\usbh_stdreq.o
 .text.USBH_ParseCfgDesc
                0x08001a7c      0x160 ..\obj\usbh_stdreq.o
 .text.USBH_ParseInterfaceDesc
                0x08001bdc       0x5c ..\obj\usbh_stdreq.o
 .text.USBH_ParseEPDesc
                0x08001c38       0x5c ..\obj\usbh_stdreq.o
 .text.USBH_ParseStringDesc
                0x08001c94       0x74 ..\obj\usbh_stdreq.o
 .text.USBH_GetNextDesc
                0x08001d08       0x34 ..\obj\usbh_stdreq.o
 .text.disk_initialize
                0x08001d3c       0x84 ..\obj\diskio.o
                0x08001d3c                disk_initialize
 .text.disk_status
                0x08001dc0       0x84 ..\obj\diskio.o
                0x08001dc0                disk_status
 .text.disk_read
                0x08001e44       0xa0 ..\obj\diskio.o
                0x08001e44                disk_read
 .text.disk_write
                0x08001ee4       0xa0 ..\obj\diskio.o
                0x08001ee4                disk_write
 .text.get_fattime
                0x08001f84       0x14 ..\obj\diskio.o
                0x08001f84                get_fattime
 .text.disk_ioctl
                0x08001f98       0x9c ..\obj\diskio.o
                0x08001f98                disk_ioctl
 .text.Default_Reset_Handler
                0x08002034       0x6c ..\obj\startup_stm32f4xx.o
                0x08002034                Default_Reset_Handler
                0x08002034                Reset_Handler
 .text.Default_Handler
                0x080020a0        0x8 ..\obj\startup_stm32f4xx.o
                0x080020a0                RTC_Alarm_IRQHandler
                0x080020a0                HASH_RNG_IRQHandler
                0x080020a0                EXTI2_IRQHandler
                0x080020a0                TIM8_CC_IRQHandler
                0x080020a0                DebugMon_Handler
                0x080020a0                TIM1_CC_IRQHandler
                0x080020a0                DMA2_Stream5_IRQHandler
                0x080020a0                HardFault_Handler
                0x080020a0                DMA1_Stream5_IRQHandler
                0x080020a0                SysTick_Handler
                0x080020a0                PVD_IRQHandler
                0x080020a0                SDIO_IRQHandler
                0x080020a0                TAMP_STAMP_IRQHandler
                0x080020a0                PendSV_Handler
                0x080020a0                NMI_Handler
                0x080020a0                CAN2_RX1_IRQHandler
                0x080020a0                EXTI3_IRQHandler
                0x080020a0                TIM8_TRG_COM_TIM14_IRQHandler
                0x080020a0                TIM1_UP_TIM10_IRQHandler
                0x080020a0                TIM8_UP_TIM13_IRQHandler
                0x080020a0                I2C3_ER_IRQHandler
                0x080020a0                EXTI0_IRQHandler
                0x080020a0                I2C2_EV_IRQHandler
                0x080020a0                DMA1_Stream2_IRQHandler
                0x080020a0                CAN1_RX0_IRQHandler
                0x080020a0                FPU_IRQHandler
                0x080020a0                OTG_HS_WKUP_IRQHandler
                0x080020a0                UsageFault_Handler
                0x080020a0                CAN2_SCE_IRQHandler
                0x080020a0                DMA2_Stream2_IRQHandler
                0x080020a0                SPI1_IRQHandler
                0x080020a0                TIM6_DAC_IRQHandler
                0x080020a0                TIM1_BRK_TIM9_IRQHandler
                0x080020a0                DCMI_IRQHandler
                0x080020a0                CAN2_RX0_IRQHandler
                0x080020a0                DMA2_Stream3_IRQHandler
                0x080020a0                USART6_IRQHandler
                0x080020a0                USART3_IRQHandler
                0x080020a0                CRYP_IRQHandler
                0x080020a0                CAN1_RX1_IRQHandler
                0x080020a0                UART5_IRQHandler
                0x080020a0                DMA2_Stream0_IRQHandler
                0x080020a0                TIM4_IRQHandler
                0x080020a0                I2C1_EV_IRQHandler
                0x080020a0                DMA1_Stream6_IRQHandler
                0x080020a0                DMA1_Stream1_IRQHandler
                0x080020a0                UART4_IRQHandler
                0x080020a0                TIM3_IRQHandler
                0x080020a0                RCC_IRQHandler
                0x080020a0                TIM8_BRK_TIM12_IRQHandler
                0x080020a0                EXTI15_10_IRQHandler
                0x080020a0                ADC_IRQHandler
                0x080020a0                DMA1_Stream7_IRQHandler
                0x080020a0                TIM7_IRQHandler
                0x080020a0                CAN2_TX_IRQHandler
                0x080020a0                TIM5_IRQHandler
                0x080020a0                DMA2_Stream7_IRQHandler
                0x080020a0                I2C3_EV_IRQHandler
                0x080020a0                EXTI9_5_IRQHandler
                0x080020a0                RTC_WKUP_IRQHandler
                0x080020a0                ETH_WKUP_IRQHandler
                0x080020a0                SPI2_IRQHandler
                0x080020a0                OTG_HS_EP1_IN_IRQHandler
                0x080020a0                MemManage_Handler
                0x080020a0                DMA1_Stream0_IRQHandler
                0x080020a0                CAN1_TX_IRQHandler
                0x080020a0                SVC_Handler
                0x080020a0                EXTI4_IRQHandler
                0x080020a0                FSMC_IRQHandler
                0x080020a0                ETH_IRQHandler
                0x080020a0                OTG_HS_EP1_OUT_IRQHandler
                0x080020a0                WWDG_IRQHandler
                0x080020a0                TIM2_IRQHandler
                0x080020a0                OTG_FS_WKUP_IRQHandler
                0x080020a0                TIM1_TRG_COM_TIM11_IRQHandler
                0x080020a0                OTG_HS_IRQHandler
                0x080020a0                EXTI1_IRQHandler
                0x080020a0                USART2_IRQHandler
                0x080020a0                I2C2_ER_IRQHandler
                0x080020a0                DMA2_Stream1_IRQHandler
                0x080020a0                CAN1_SCE_IRQHandler
                0x080020a0                FLASH_IRQHandler
                0x080020a0                DMA2_Stream4_IRQHandler
                0x080020a0                BusFault_Handler
                0x080020a0                USART1_IRQHandler
                0x080020a0                SPI3_IRQHandler
                0x080020a0                DMA1_Stream4_IRQHandler
                0x080020a0                I2C1_ER_IRQHandler
                0x080020a0                DMA2_Stream6_IRQHandler
                0x080020a0                DMA1_Stream3_IRQHandler
 .text.UB_Led_Init
                0x080020a8       0xe4 ..\obj\stm32_ub_led.o
                0x080020a8                UB_Led_Init
 .text.UB_Led_Off
                0x0800218c       0x54 ..\obj\stm32_ub_led.o
                0x0800218c                UB_Led_Off
 .text.UB_Led_On
                0x080021e0       0x54 ..\obj\stm32_ub_led.o
                0x080021e0                UB_Led_On
 .text.main     0x08002234       0xc8 ..\obj\main.o
                0x08002234                main
 .text.UB_Fatfs_Mount
                0x080022fc       0x80 ..\obj\stm32_ub_fatfs.o
                0x080022fc                UB_Fatfs_Mount
 .text.UB_Fatfs_UnMount
                0x0800237c       0x4c ..\obj\stm32_ub_fatfs.o
                0x0800237c                UB_Fatfs_UnMount
 .text.UB_Fatfs_OpenFile
                0x080023c8       0xbc ..\obj\stm32_ub_fatfs.o
                0x080023c8                UB_Fatfs_OpenFile
 .text.UB_Fatfs_CloseFile
                0x08002484       0x40 ..\obj\stm32_ub_fatfs.o
                0x08002484                UB_Fatfs_CloseFile
 .text.UB_Fatfs_WriteString
                0x080024c4       0x4c ..\obj\stm32_ub_fatfs.o
                0x080024c4                UB_Fatfs_WriteString
 .text.RCC_AHB1PeriphClockCmd
                0x08002510       0x54 ..\obj\stm32f4xx_rcc.o
                0x08002510                RCC_AHB1PeriphClockCmd
 .text.RCC_AHB2PeriphClockCmd
                0x08002564       0x54 ..\obj\stm32f4xx_rcc.o
                0x08002564                RCC_AHB2PeriphClockCmd
 .text.USBH_MSC_InterfaceInit
                0x080025b8      0x180 ..\obj\usbh_msc_core.o
 .text.USBH_MSC_InterfaceDeInit
                0x08002738       0x94 ..\obj\usbh_msc_core.o
 .text.USBH_MSC_ClassRequest
                0x080027cc       0x2c ..\obj\usbh_msc_core.o
 .text.USBH_MSC_Handle
                0x080027f8      0x2f4 ..\obj\usbh_msc_core.o
 .text.USBH_MSC_BOTReset
                0x08002aec       0x50 ..\obj\usbh_msc_core.o
 .text.USBH_MSC_GETMaxLUN
                0x08002b3c       0x50 ..\obj\usbh_msc_core.o
 .text.USBH_MSC_ErrorHandle
                0x08002b8c       0x84 ..\obj\usbh_msc_core.o
                0x08002b8c                USBH_MSC_ErrorHandle
 .text.USBH_Connect
                0x08002c10       0x30 ..\obj\usbh_core.o
                0x08002c10                USBH_Connect
 .text.USBH_Disconnect
                0x08002c40       0x30 ..\obj\usbh_core.o
                0x08002c40                USBH_Disconnect
 .text.USBH_Init
                0x08002c70       0x7c ..\obj\usbh_core.o
                0x08002c70                USBH_Init
 .text.USBH_DeInit
                0x08002cec       0x74 ..\obj\usbh_core.o
                0x08002cec                USBH_DeInit
 .text.USBH_Process
                0x08002d60      0x294 ..\obj\usbh_core.o
                0x08002d60                USBH_Process
 .text.USBH_ErrorHandle
                0x08002ff4       0x4c ..\obj\usbh_core.o
                0x08002ff4                USBH_ErrorHandle
 .text.USBH_HandleEnum
                0x08003040      0x338 ..\obj\usbh_core.o
 .text.USBH_HandleControl
                0x08003378      0x3ac ..\obj\usbh_core.o
                0x08003378                USBH_HandleControl
 .text.MMC_disk_initialize
                0x08003724       0x1c ..\obj\stm32_ub_sdcard.o
                0x08003724                MMC_disk_initialize
 .text.MMC_disk_status
                0x08003740       0x1c ..\obj\stm32_ub_sdcard.o
                0x08003740                MMC_disk_status
 .text.MMC_disk_read
                0x0800375c       0x24 ..\obj\stm32_ub_sdcard.o
                0x0800375c                MMC_disk_read
 .text.MMC_disk_write
                0x08003780       0x24 ..\obj\stm32_ub_sdcard.o
                0x08003780                MMC_disk_write
 .text.MMC_disk_ioctl
                0x080037a4       0x20 ..\obj\stm32_ub_sdcard.o
                0x080037a4                MMC_disk_ioctl
 .text.GPIO_Init
                0x080037c4      0x144 ..\obj\stm32f4xx_gpio.o
                0x080037c4                GPIO_Init
 .text.GPIO_SetBits
                0x08003908       0x1c ..\obj\stm32f4xx_gpio.o
                0x08003908                GPIO_SetBits
 .text.GPIO_ResetBits
                0x08003924       0x1c ..\obj\stm32f4xx_gpio.o
                0x08003924                GPIO_ResetBits
 .text.GPIO_PinAFConfig
                0x08003940       0xa8 ..\obj\stm32f4xx_gpio.o
                0x08003940                GPIO_PinAFConfig
 .text.USB_disk_initialize
                0x080039e8       0x48 ..\obj\stm32_ub_usbdisk.o
                0x080039e8                USB_disk_initialize
 .text.USB_disk_status
                0x08003a30       0x48 ..\obj\stm32_ub_usbdisk.o
                0x08003a30                USB_disk_status
 .text.USB_disk_read
                0x08003a78       0xb0 ..\obj\stm32_ub_usbdisk.o
                0x08003a78                USB_disk_read
 .text.USB_disk_write
                0x08003b28       0xb0 ..\obj\stm32_ub_usbdisk.o
                0x08003b28                USB_disk_write
 .text.USB_disk_ioctl
                0x08003bd8       0x7c ..\obj\stm32_ub_usbdisk.o
                0x08003bd8                USB_disk_ioctl
 .text.USBH_MSC_TestUnitReady
                0x08003c54      0x17c ..\obj\usbh_msc_scsi.o
                0x08003c54                USBH_MSC_TestUnitReady
 .text.USBH_MSC_ReadCapacity10
                0x08003dd0      0x1dc ..\obj\usbh_msc_scsi.o
                0x08003dd0                USBH_MSC_ReadCapacity10
 .text.USBH_MSC_ModeSense6
                0x08003fac      0x1b8 ..\obj\usbh_msc_scsi.o
                0x08003fac                USBH_MSC_ModeSense6
 .text.USBH_MSC_RequestSense
                0x08004164      0x1e4 ..\obj\usbh_msc_scsi.o
                0x08004164                USBH_MSC_RequestSense
 .text.USBH_MSC_Write10
                0x08004348      0x1b4 ..\obj\usbh_msc_scsi.o
                0x08004348                USBH_MSC_Write10
 .text.USBH_MSC_Read10
                0x080044fc      0x1f4 ..\obj\usbh_msc_scsi.o
                0x080044fc                USBH_MSC_Read10
 .text.SystemInit
                0x080046f0       0x94 ..\obj\system_stm32f4xx.o
                0x080046f0                SystemInit
 .text.SetSysClock
                0x08004784      0x188 ..\obj\system_stm32f4xx.o
 .text.USBH_USR_Init
                0x0800490c        0xc ..\obj\usbh_usr.o
                0x0800490c                USBH_USR_Init
 .text.USBH_USR_DeviceAttached
                0x08004918       0x18 ..\obj\usbh_usr.o
                0x08004918                USBH_USR_DeviceAttached
 .text.USBH_USR_UnrecoveredError
                0x08004930       0x18 ..\obj\usbh_usr.o
                0x08004930                USBH_USR_UnrecoveredError
 .text.USBH_USR_DeviceDisconnected
                0x08004948       0x18 ..\obj\usbh_usr.o
                0x08004948                USBH_USR_DeviceDisconnected
 .text.USBH_USR_ResetDevice
                0x08004960        0xc ..\obj\usbh_usr.o
                0x08004960                USBH_USR_ResetDevice
 .text.USBH_USR_DeviceSpeedDetected
                0x0800496c       0x30 ..\obj\usbh_usr.o
                0x0800496c                USBH_USR_DeviceSpeedDetected
 .text.USBH_USR_Device_DescAvailable
                0x0800499c       0x14 ..\obj\usbh_usr.o
                0x0800499c                USBH_USR_Device_DescAvailable
 .text.USBH_USR_DeviceAddressAssigned
                0x080049b0        0xc ..\obj\usbh_usr.o
                0x080049b0                USBH_USR_DeviceAddressAssigned
 .text.USBH_USR_Configuration_DescAvailable
                0x080049bc       0x18 ..\obj\usbh_usr.o
                0x080049bc                USBH_USR_Configuration_DescAvailable
 .text.USBH_USR_Manufacturer_String
                0x080049d4       0x14 ..\obj\usbh_usr.o
                0x080049d4                USBH_USR_Manufacturer_String
 .text.USBH_USR_Product_String
                0x080049e8       0x14 ..\obj\usbh_usr.o
                0x080049e8                USBH_USR_Product_String
 .text.USBH_USR_SerialNum_String
                0x080049fc       0x14 ..\obj\usbh_usr.o
                0x080049fc                USBH_USR_SerialNum_String
 .text.USBH_USR_EnumerationDone
                0x08004a10        0xc ..\obj\usbh_usr.o
                0x08004a10                USBH_USR_EnumerationDone
 .text.USBH_USR_DeviceNotSupported
                0x08004a1c       0x18 ..\obj\usbh_usr.o
                0x08004a1c                USBH_USR_DeviceNotSupported
 .text.USBH_USR_UserInput
                0x08004a34       0x10 ..\obj\usbh_usr.o
                0x08004a34                USBH_USR_UserInput
 .text.USBH_USR_OverCurrentDetected
                0x08004a44       0x18 ..\obj\usbh_usr.o
                0x08004a44                USBH_USR_OverCurrentDetected
 .text.USBH_USR_MSC_Application
                0x08004a5c       0x64 ..\obj\usbh_usr.o
                0x08004a5c                USBH_USR_MSC_Application
 .text.USBH_USR_DeInit
                0x08004ac0       0x18 ..\obj\usbh_usr.o
                0x08004ac0                USBH_USR_DeInit
 .text.USB_OTG_BSP_Init
                0x08004ad8       0xd4 ..\obj\usb_bsp.o
                0x08004ad8                USB_OTG_BSP_Init
 .text.USB_OTG_BSP_EnableInterrupt
                0x08004bac       0x3c ..\obj\usb_bsp.o
                0x08004bac                USB_OTG_BSP_EnableInterrupt
 .text.USB_OTG_BSP_DriveVBUS
                0x08004be8       0x3c ..\obj\usb_bsp.o
                0x08004be8                USB_OTG_BSP_DriveVBUS
 .text.USB_OTG_BSP_ConfigVBUS
                0x08004c24       0x64 ..\obj\usb_bsp.o
                0x08004c24                USB_OTG_BSP_ConfigVBUS
 .text.USB_OTG_BSP_uDelay
                0x08004c88       0x58 ..\obj\usb_bsp.o
                0x08004c88                USB_OTG_BSP_uDelay
 .text.USB_OTG_BSP_mDelay
                0x08004ce0       0x20 ..\obj\usb_bsp.o
                0x08004ce0                USB_OTG_BSP_mDelay
 .text.OTG_FS_IRQHandler
                0x08004d00       0x14 ..\obj\usb_bsp.o
                0x08004d00                OTG_FS_IRQHandler
 .text.ATA_disk_initialize
                0x08004d14       0x1c ..\obj\stm32_ub_atadrive.o
                0x08004d14                ATA_disk_initialize
 .text.ATA_disk_status
                0x08004d30       0x1c ..\obj\stm32_ub_atadrive.o
                0x08004d30                ATA_disk_status
 .text.ATA_disk_read
                0x08004d4c       0x24 ..\obj\stm32_ub_atadrive.o
                0x08004d4c                ATA_disk_read
 .text.ATA_disk_write
                0x08004d70       0x24 ..\obj\stm32_ub_atadrive.o
                0x08004d70                ATA_disk_write
 .text.ATA_disk_ioctl
                0x08004d94       0x20 ..\obj\stm32_ub_atadrive.o
                0x08004d94                ATA_disk_ioctl
 .text.mem_cpy  0x08004db4       0x50 ..\obj\ff.o
 .text.mem_set  0x08004e04       0x44 ..\obj\ff.o
 .text.mem_cmp  0x08004e48       0x70 ..\obj\ff.o
 .text.chk_chr  0x08004eb8       0x38 ..\obj\ff.o
 .text.sync_window
                0x08004ef0       0xa4 ..\obj\ff.o
 .text.move_window
                0x08004f94       0x60 ..\obj\ff.o
 .text.sync_fs  0x08004ff4      0x17c ..\obj\ff.o
 .text.clust2sect
                0x08005170       0x44 ..\obj\ff.o
                0x08005170                clust2sect
 .text.get_fat  0x080051b4      0x1a4 ..\obj\ff.o
                0x080051b4                get_fat
 .text.put_fat  0x08005358      0x268 ..\obj\ff.o
                0x08005358                put_fat
 .text.remove_chain
                0x080055c0       0xb0 ..\obj\ff.o
 .text.create_chain
                0x08005670      0x12c ..\obj\ff.o
 .text.dir_sdi  0x0800579c      0x11c ..\obj\ff.o
 .text.dir_next
                0x080058b8      0x1d8 ..\obj\ff.o
 .text.dir_alloc
                0x08005a90       0x90 ..\obj\ff.o
 .text.ld_clust
                0x08005b20       0x64 ..\obj\ff.o
 .text.st_clust
                0x08005b84       0x5c ..\obj\ff.o
 .text.dir_find
                0x08005be0       0xa4 ..\obj\ff.o
 .text.dir_register
                0x08005c84       0x74 ..\obj\ff.o
 .text.create_name
                0x08005cf8      0x1b8 ..\obj\ff.o
 .text.follow_path
                0x08005eb0       0xe4 ..\obj\ff.o
 .text.check_fs
                0x08005f94       0xe8 ..\obj\ff.o
 .text.chk_mounted
                0x0800607c      0x60c ..\obj\ff.o
 .text.validate
                0x08006688       0x64 ..\obj\ff.o
 .text.f_mount  0x080066ec       0x64 ..\obj\ff.o
                0x080066ec                f_mount
 .text.f_open   0x08006750      0x2d0 ..\obj\ff.o
                0x08006750                f_open
 .text.f_write  0x08006a20      0x34c ..\obj\ff.o
                0x08006a20                f_write
 .text.f_sync   0x08006d6c      0x188 ..\obj\ff.o
                0x08006d6c                f_sync
 .text.f_close  0x08006ef4       0x2c ..\obj\ff.o
                0x08006ef4                f_close
 .text.f_lseek  0x08006f20      0x2d8 ..\obj\ff.o
                0x08006f20                f_lseek
 .text.f_getfree
                0x080071f8      0x1c4 ..\obj\ff.o
                0x080071f8                f_getfree
 .text.f_putc   0x080073bc       0x54 ..\obj\ff.o
                0x080073bc                f_putc
 .text.f_puts   0x08007410       0x50 ..\obj\ff.o
                0x08007410                f_puts
 .text.HCD_Init
                0x08007460       0xa8 ..\obj\usb_hcd.o
                0x08007460                HCD_Init
 .text.HCD_GetCurrentSpeed
                0x08007508       0x28 ..\obj\usb_hcd.o
                0x08007508                HCD_GetCurrentSpeed
 .text.HCD_ResetPort
                0x08007530       0x1c ..\obj\usb_hcd.o
                0x08007530                HCD_ResetPort
 .text.HCD_IsDeviceConnected
                0x0800754c       0x1c ..\obj\usb_hcd.o
                0x0800754c                HCD_IsDeviceConnected
 .text.HCD_GetCurrentFrame
                0x08007568       0x24 ..\obj\usb_hcd.o
                0x08007568                HCD_GetCurrentFrame
 .text.HCD_GetURB_State
                0x0800758c       0x24 ..\obj\usb_hcd.o
                0x0800758c                HCD_GetURB_State
 .text.HCD_GetXferCnt
                0x080075b0       0x24 ..\obj\usb_hcd.o
                0x080075b0                HCD_GetXferCnt
 .text.HCD_SubmitRequest
                0x080075d4       0x44 ..\obj\usb_hcd.o
                0x080075d4                HCD_SubmitRequest
 .text.USBH_MSC_Init
                0x08007618       0x78 ..\obj\usbh_msc_bot.o
                0x08007618                USBH_MSC_Init
 .text.USBH_MSC_HandleBOTXfer
                0x08007690      0x5e4 ..\obj\usbh_msc_bot.o
                0x08007690                USBH_MSC_HandleBOTXfer
 .text.USBH_MSC_BOT_Abort
                0x08007c74       0xa0 ..\obj\usbh_msc_bot.o
                0x08007c74                USBH_MSC_BOT_Abort
 .text.USBH_MSC_DecodeCSW
                0x08007d14       0xd4 ..\obj\usbh_msc_bot.o
                0x08007d14                USBH_MSC_DecodeCSW
 .text.USBH_CtlReq
                0x08007de8       0xa8 ..\obj\usbh_ioreq.o
                0x08007de8                USBH_CtlReq
 .text.USBH_CtlSendSetup
                0x08007e90       0x7c ..\obj\usbh_ioreq.o
                0x08007e90                USBH_CtlSendSetup
 .text.USBH_CtlSendData
                0x08007f0c       0xc4 ..\obj\usbh_ioreq.o
                0x08007f0c                USBH_CtlSendData
 .text.USBH_CtlReceiveData
                0x08007fd0       0x7c ..\obj\usbh_ioreq.o
                0x08007fd0                USBH_CtlReceiveData
 .text.USBH_BulkSendData
                0x0800804c       0xa8 ..\obj\usbh_ioreq.o
                0x0800804c                USBH_BulkSendData
 .text.USBH_BulkReceiveData
                0x080080f4       0xa8 ..\obj\usbh_ioreq.o
                0x080080f4                USBH_BulkReceiveData
 .text.USBH_SubmitSetupRequest
                0x0800819c       0x44 ..\obj\usbh_ioreq.o
 .text.NVIC_PriorityGroupConfig
                0x080081e0       0x28 ..\obj\misc.o
                0x080081e0                NVIC_PriorityGroupConfig
 .text.NVIC_Init
                0x08008208       0xe4 ..\obj\misc.o
                0x08008208                NVIC_Init
 .text.USBH_OTG_ISR_Handler
                0x080082ec      0x114 ..\obj\usb_hcd_int.o
                0x080082ec                USBH_OTG_ISR_Handler
 .text.USB_OTG_USBH_handle_hc_ISR
                0x08008400       0x9c ..\obj\usb_hcd_int.o
 .text.USB_OTG_USBH_handle_sof_ISR
                0x0800849c       0x30 ..\obj\usb_hcd_int.o
 .text.USB_OTG_USBH_handle_Disconnect_ISR
                0x080084cc       0x44 ..\obj\usb_hcd_int.o
 .text.USB_OTG_USBH_handle_nptxfempty_ISR
                0x08008510      0x1b0 ..\obj\usb_hcd_int.o
 .text.USB_OTG_USBH_handle_ptxfempty_ISR
                0x080086c0      0x1b0 ..\obj\usb_hcd_int.o
 .text.USB_OTG_USBH_handle_port_ISR
                0x08008870      0x180 ..\obj\usb_hcd_int.o
 .text.USB_OTG_USBH_handle_hc_n_Out_ISR
                0x080089f0      0x560 ..\obj\usb_hcd_int.o
 .text.USB_OTG_USBH_handle_hc_n_In_ISR
                0x08008f50      0x60c ..\obj\usb_hcd_int.o
 .text.USB_OTG_USBH_handle_rx_qlvl_ISR
                0x0800955c      0x1c8 ..\obj\usb_hcd_int.o
 .text.USB_OTG_USBH_handle_IncompletePeriodicXfer_ISR
                0x08009724       0x54 ..\obj\usb_hcd_int.o
 *(.glue_7t)
 .glue_7t       0x00000000        0x0 linker stubs
 *(.glue_7)
 .glue_7        0x00000000        0x0 linker stubs
 *(.rodata .rodata* .gnu.linkonce.r.*)
 .rodata        0x08009778       0x48 ..\obj\main.o
 .rodata        0x080097c0        0x4 ..\obj\stm32_ub_fatfs.o
 .rodata        0x080097c4        0x4 ..\obj\usbh_core.o
 .rodata        0x080097c8       0x90 ..\obj\ff.o

.vfp11_veneer   0x08009858        0x0
 .vfp11_veneer  0x00000000        0x0 linker stubs

.v4_bx          0x08009858        0x0
 .v4_bx         0x00000000        0x0 linker stubs

.iplt           0x08009858        0x0
 .iplt          0x00000000        0x0 ..\obj\usb_core.o

.rel.dyn        0x08009858        0x0
 .rel.iplt      0x00000000        0x0 ..\obj\usb_core.o

.ARM.extab
 *(.ARM.extab* .gnu.linkonce.armextab.*)
                0x08009858                __exidx_start = .

.ARM.exidx
 *(.ARM.exidx* .gnu.linkonce.armexidx.*)
                0x08009858                __exidx_end = .
                0x08009858                . = ALIGN (0x4)
                0x08009858                _etext = .
                0x08009858                _sidata = .

.data           0x20000000       0xb8 load address 0x08009858
                0x20000000                _sdata = .
 *(.data .data.*)
 .data          0x20000000       0x50 ..\obj\stm32_ub_led.o
                0x20000000                LED
 .data          0x20000050       0x10 ..\obj\usbh_msc_core.o
                0x20000050                USBH_MSC_cb
 .data          0x20000060        0xc ..\obj\usbh_core.o
                0x20000060                USBH_DeviceConnStatus_cb
 .data          0x2000006c        0x1 ..\obj\usbh_msc_scsi.o
 *fill*         0x2000006d        0x3 00
 .data          0x20000070       0x48 ..\obj\usbh_usr.o
                0x20000070                USR_Callbacks
                0x200000b8                . = ALIGN (0x4)
                0x200000b8                _edata = .

.igot.plt       0x200000b8        0x0 load address 0x08009910
 .igot.plt      0x00000000        0x0 ..\obj\usb_core.o

.bss            0x200000b8      0xc30 load address 0x08009910
                0x200000b8                _sbss = .
 *(.bss .bss.*)
 .bss           0x200000b8      0x234 ..\obj\stm32_ub_fatfs.o
 .bss           0x200002ec        0x2 ..\obj\usbh_msc_core.o
                0x200002ec                MSCErrorCount
 .bss           0x200002ee        0x2 ..\obj\usbh_core.o
 .bss           0x200002f0        0x1 ..\obj\usbh_usr.o
 *fill*         0x200002f1        0x3 00
 .bss           0x200002f4        0x8 ..\obj\ff.o
 .bss           0x200002fc       0x10 ..\obj\usbh_msc_bot.o
 *(COMMON)
 COMMON         0x2000030c      0x538 ..\obj\stm32_ub_usb_msc_host.o
                0x2000030c                USB_MSC_HOST_STATUS
                0x20000310                USB_OTG_Core
                0x200007c0                USB_Host
 COMMON         0x20000844       0x54 ..\obj\usbh_msc_core.o
                0x20000844                MSC_Machine
                0x20000890                MSC_Setup
 COMMON         0x20000898      0x410 ..\obj\usbh_msc_scsi.o
                0x20000898                USBH_DataInBuffer
                0x20000a98                USBH_MSC_Param
                0x20000aa8                USBH_DataOutBuffer
 COMMON         0x20000ca8       0x40 ..\obj\usbh_msc_bot.o
                0x20000ca8                USBH_MSC_CSWData
                0x20000cb8                USBH_MSC_BOTXferParam
                0x20000cc8                USBH_MSC_CBWData
                0x20000ce8                . = ALIGN (0x4)
                0x20000ce8                _ebss = .

.co_stack       0x20000ce8      0x800 load address 0x0800a540
                0x20000ce8                . = ALIGN (0x8)
 *(.co_stack .co_stack.*)
 .co_stack      0x20000ce8      0x800 ..\obj\startup_stm32f4xx.o
                0x20000ce8                pulStack
                0x200014e8                . = ALIGN (0x4)
                0x200014e8                _end = .
LOAD ..\obj\usb_core.o
LOAD ..\obj\stm32_ub_usb_msc_host.o
LOAD ..\obj\usbh_hcs.o
LOAD ..\obj\usbh_stdreq.o
LOAD ..\obj\diskio.o
LOAD ..\obj\startup_stm32f4xx.o
LOAD ..\obj\stm32_ub_led.o
LOAD ..\obj\main.o
LOAD ..\obj\stm32_ub_fatfs.o
LOAD ..\obj\stm32f4xx_rcc.o
LOAD ..\obj\usbh_msc_core.o
LOAD ..\obj\usbh_core.o
LOAD ..\obj\stm32_ub_sdcard.o
LOAD ..\obj\stm32f4xx_gpio.o
LOAD ..\obj\stm32_ub_usbdisk.o
LOAD ..\obj\usbh_msc_scsi.o
LOAD ..\obj\system_stm32f4xx.o
LOAD ..\obj\usbh_usr.o
LOAD ..\obj\usb_bsp.o
LOAD ..\obj\stm32_ub_atadrive.o
LOAD ..\obj\ff.o
LOAD ..\obj\usb_hcd.o
LOAD ..\obj\usbh_msc_bot.o
LOAD ..\obj\usbh_ioreq.o
LOAD ..\obj\misc.o
LOAD ..\obj\usb_hcd_int.o
START GROUP
LOAD c:/program files (x86)/gnu tools arm embedded/4.7 2012q4/bin/../lib/gcc/arm-none-eabi/4.7.3/armv7e-m\libgcc.a
LOAD c:/program files (x86)/gnu tools arm embedded/4.7 2012q4/bin/../lib/gcc/arm-none-eabi/4.7.3/../../../../arm-none-eabi/lib/armv7e-m\libg.a
LOAD c:/program files (x86)/gnu tools arm embedded/4.7 2012q4/bin/../lib/gcc/arm-none-eabi/4.7.3/../../../../arm-none-eabi/lib/armv7e-m\libc.a
END GROUP
OUTPUT(Demo_32.elf elf32-littlearm)

.debug_info     0x00000000    0x1761e
 .debug_info    0x00000000     0x22d0 ..\obj\usb_core.o
 .debug_info    0x000022d0     0x1457 ..\obj\stm32_ub_usb_msc_host.o
 .debug_info    0x00003727      0xc23 ..\obj\usbh_hcs.o
 .debug_info    0x0000434a     0x1880 ..\obj\usbh_stdreq.o
 .debug_info    0x00005bca      0x350 ..\obj\diskio.o
 .debug_info    0x00005f1a      0x103 ..\obj\startup_stm32f4xx.o
 .debug_info    0x0000601d      0x441 ..\obj\stm32_ub_led.o
 .debug_info    0x0000645e      0x3f8 ..\obj\main.o
 .debug_info    0x00006856      0x8cd ..\obj\stm32_ub_fatfs.o
 .debug_info    0x00007123      0xd49 ..\obj\stm32f4xx_rcc.o
 .debug_info    0x00007e6c     0x1785 ..\obj\usbh_msc_core.o
 .debug_info    0x000095f1     0x162a ..\obj\usbh_core.o
 .debug_info    0x0000ac1b      0x260 ..\obj\stm32_ub_sdcard.o
 .debug_info    0x0000ae7b      0x640 ..\obj\stm32f4xx_gpio.o
 .debug_info    0x0000b4bb     0x166f ..\obj\stm32_ub_usbdisk.o
 .debug_info    0x0000cb2a      0xf9e ..\obj\usbh_msc_scsi.o
 .debug_info    0x0000dac8      0x5f5 ..\obj\system_stm32f4xx.o
 .debug_info    0x0000e0bd      0x6fd ..\obj\usbh_usr.o
 .debug_info    0x0000e7ba     0x1019 ..\obj\usb_bsp.o
 .debug_info    0x0000f7d3      0x260 ..\obj\stm32_ub_atadrive.o
 .debug_info    0x0000fa33     0x1ad4 ..\obj\ff.o
 .debug_info    0x00011507      0xda9 ..\obj\usb_hcd.o
 .debug_info    0x000122b0     0x181b ..\obj\usbh_msc_bot.o
 .debug_info    0x00013acb     0x168d ..\obj\usbh_ioreq.o
 .debug_info    0x00015158      0x592 ..\obj\misc.o
 .debug_info    0x000156ea     0x1f34 ..\obj\usb_hcd_int.o

.debug_abbrev   0x00000000     0x2844
 .debug_abbrev  0x00000000      0x2c8 ..\obj\usb_core.o
 .debug_abbrev  0x000002c8      0x17c ..\obj\stm32_ub_usb_msc_host.o
 .debug_abbrev  0x00000444      0x161 ..\obj\usbh_hcs.o
 .debug_abbrev  0x000005a5      0x229 ..\obj\usbh_stdreq.o
 .debug_abbrev  0x000007ce      0x14a ..\obj\diskio.o
 .debug_abbrev  0x00000918       0xb2 ..\obj\startup_stm32f4xx.o
 .debug_abbrev  0x000009ca      0x14b ..\obj\stm32_ub_led.o
 .debug_abbrev  0x00000b15       0xf6 ..\obj\main.o
 .debug_abbrev  0x00000c0b      0x1a7 ..\obj\stm32_ub_fatfs.o
 .debug_abbrev  0x00000db2      0x1e5 ..\obj\stm32f4xx_rcc.o
 .debug_abbrev  0x00000f97      0x1f5 ..\obj\usbh_msc_core.o
 .debug_abbrev  0x0000118c      0x213 ..\obj\usbh_core.o
 .debug_abbrev  0x0000139f       0xc7 ..\obj\stm32_ub_sdcard.o
 .debug_abbrev  0x00001466      0x1a5 ..\obj\stm32f4xx_gpio.o
 .debug_abbrev  0x0000160b      0x1ce ..\obj\stm32_ub_usbdisk.o
 .debug_abbrev  0x000017d9      0x18e ..\obj\usbh_msc_scsi.o
 .debug_abbrev  0x00001967      0x138 ..\obj\system_stm32f4xx.o
 .debug_abbrev  0x00001a9f      0x141 ..\obj\usbh_usr.o
 .debug_abbrev  0x00001be0      0x1c9 ..\obj\usb_bsp.o
 .debug_abbrev  0x00001da9       0xc7 ..\obj\stm32_ub_atadrive.o
 .debug_abbrev  0x00001e70      0x1c2 ..\obj\ff.o
 .debug_abbrev  0x00002032      0x183 ..\obj\usb_hcd.o
 .debug_abbrev  0x000021b5      0x1c7 ..\obj\usbh_msc_bot.o
 .debug_abbrev  0x0000237c      0x17a ..\obj\usbh_ioreq.o
 .debug_abbrev  0x000024f6      0x129 ..\obj\misc.o
 .debug_abbrev  0x0000261f      0x225 ..\obj\usb_hcd_int.o

.debug_loc      0x00000000     0x3eb0
 .debug_loc     0x00000000      0x658 ..\obj\usb_core.o
 .debug_loc     0x00000658       0x64 ..\obj\stm32_ub_usb_msc_host.o
 .debug_loc     0x000006bc      0x150 ..\obj\usbh_hcs.o
 .debug_loc     0x0000080c      0x2d8 ..\obj\usbh_stdreq.o
 .debug_loc     0x00000ae4      0x144 ..\obj\diskio.o
 .debug_loc     0x00000c28       0x64 ..\obj\startup_stm32f4xx.o
 .debug_loc     0x00000c8c      0x118 ..\obj\stm32_ub_led.o
 .debug_loc     0x00000da4       0x3a ..\obj\main.o
 .debug_loc     0x00000dde      0x294 ..\obj\stm32_ub_fatfs.o
 .debug_loc     0x00001072      0x97c ..\obj\stm32f4xx_rcc.o
 .debug_loc     0x000019ee      0x188 ..\obj\usbh_msc_core.o
 .debug_loc     0x00001b76      0x1c2 ..\obj\usbh_core.o
 .debug_loc     0x00001d38      0x17c ..\obj\stm32_ub_sdcard.o
 .debug_loc     0x00001eb4      0x310 ..\obj\stm32f4xx_gpio.o
 .debug_loc     0x000021c4      0x17c ..\obj\stm32_ub_usbdisk.o
 .debug_loc     0x00002340      0x150 ..\obj\usbh_msc_scsi.o
 .debug_loc     0x00002490       0x9c ..\obj\system_stm32f4xx.o
 .debug_loc     0x0000252c      0x360 ..\obj\usbh_usr.o
 .debug_loc     0x0000288c      0x17c ..\obj\usb_bsp.o
 .debug_loc     0x00002a08      0x17c ..\obj\stm32_ub_atadrive.o
 .debug_loc     0x00002b84      0xaa0 ..\obj\ff.o
 .debug_loc     0x00003624      0x230 ..\obj\usb_hcd.o
 .debug_loc     0x00003854       0xe0 ..\obj\usbh_msc_bot.o
 .debug_loc     0x00003934      0x1f8 ..\obj\usbh_ioreq.o
 .debug_loc     0x00003b2c      0x118 ..\obj\misc.o
 .debug_loc     0x00003c44      0x26c ..\obj\usb_hcd_int.o

.debug_aranges  0x00000000      0xb88
 .debug_aranges
                0x00000000      0x100 ..\obj\usb_core.o
 .debug_aranges
                0x00000100       0x28 ..\obj\stm32_ub_usb_msc_host.o
 .debug_aranges
                0x00000128       0x48 ..\obj\usbh_hcs.o
 .debug_aranges
                0x00000170       0x80 ..\obj\usbh_stdreq.o
 .debug_aranges
                0x000001f0       0x48 ..\obj\diskio.o
 .debug_aranges
                0x00000238       0x28 ..\obj\startup_stm32f4xx.o
 .debug_aranges
                0x00000260       0x40 ..\obj\stm32_ub_led.o
 .debug_aranges
                0x000002a0       0x20 ..\obj\main.o
 .debug_aranges
                0x000002c0       0x78 ..\obj\stm32_ub_fatfs.o
 .debug_aranges
                0x00000338      0x178 ..\obj\stm32f4xx_rcc.o
 .debug_aranges
                0x000004b0       0x50 ..\obj\usbh_msc_core.o
 .debug_aranges
                0x00000500       0x58 ..\obj\usbh_core.o
 .debug_aranges
                0x00000558       0x50 ..\obj\stm32_ub_sdcard.o
 .debug_aranges
                0x000005a8       0x88 ..\obj\stm32f4xx_gpio.o
 .debug_aranges
                0x00000630       0x50 ..\obj\stm32_ub_usbdisk.o
 .debug_aranges
                0x00000680       0x48 ..\obj\usbh_msc_scsi.o
 .debug_aranges
                0x000006c8       0x30 ..\obj\system_stm32f4xx.o
 .debug_aranges
                0x000006f8       0xa8 ..\obj\usbh_usr.o
 .debug_aranges
                0x000007a0       0x50 ..\obj\usb_bsp.o
 .debug_aranges
                0x000007f0       0x50 ..\obj\stm32_ub_atadrive.o
 .debug_aranges
                0x00000840      0x198 ..\obj\ff.o
 .debug_aranges
                0x000009d8       0x68 ..\obj\usb_hcd.o
 .debug_aranges
                0x00000a40       0x38 ..\obj\usbh_msc_bot.o
 .debug_aranges
                0x00000a78       0x60 ..\obj\usbh_ioreq.o
 .debug_aranges
                0x00000ad8       0x40 ..\obj\misc.o
 .debug_aranges
                0x00000b18       0x70 ..\obj\usb_hcd_int.o

.debug_ranges   0x00000000      0x9e8
 .debug_ranges  0x00000000       0xf0 ..\obj\usb_core.o
 .debug_ranges  0x000000f0       0x18 ..\obj\stm32_ub_usb_msc_host.o
 .debug_ranges  0x00000108       0x38 ..\obj\usbh_hcs.o
 .debug_ranges  0x00000140       0x70 ..\obj\usbh_stdreq.o
 .debug_ranges  0x000001b0       0x38 ..\obj\diskio.o
 .debug_ranges  0x000001e8       0x18 ..\obj\startup_stm32f4xx.o
 .debug_ranges  0x00000200       0x30 ..\obj\stm32_ub_led.o
 .debug_ranges  0x00000230       0x10 ..\obj\main.o
 .debug_ranges  0x00000240       0x68 ..\obj\stm32_ub_fatfs.o
 .debug_ranges  0x000002a8      0x168 ..\obj\stm32f4xx_rcc.o
 .debug_ranges  0x00000410       0x40 ..\obj\usbh_msc_core.o
 .debug_ranges  0x00000450       0x48 ..\obj\usbh_core.o
 .debug_ranges  0x00000498       0x40 ..\obj\stm32_ub_sdcard.o
 .debug_ranges  0x000004d8       0x78 ..\obj\stm32f4xx_gpio.o
 .debug_ranges  0x00000550       0x40 ..\obj\stm32_ub_usbdisk.o
 .debug_ranges  0x00000590       0x38 ..\obj\usbh_msc_scsi.o
 .debug_ranges  0x000005c8       0x20 ..\obj\system_stm32f4xx.o
 .debug_ranges  0x000005e8       0x98 ..\obj\usbh_usr.o
 .debug_ranges  0x00000680       0x40 ..\obj\usb_bsp.o
 .debug_ranges  0x000006c0       0x40 ..\obj\stm32_ub_atadrive.o
 .debug_ranges  0x00000700      0x188 ..\obj\ff.o
 .debug_ranges  0x00000888       0x58 ..\obj\usb_hcd.o
 .debug_ranges  0x000008e0       0x28 ..\obj\usbh_msc_bot.o
 .debug_ranges  0x00000908       0x50 ..\obj\usbh_ioreq.o
 .debug_ranges  0x00000958       0x30 ..\obj\misc.o
 .debug_ranges  0x00000988       0x60 ..\obj\usb_hcd_int.o

.debug_line     0x00000000     0x5af9
 .debug_line    0x00000000      0x5f5 ..\obj\usb_core.o
 .debug_line    0x000005f5      0x269 ..\obj\stm32_ub_usb_msc_host.o
 .debug_line    0x0000085e      0x242 ..\obj\usbh_hcs.o
 .debug_line    0x00000aa0      0x379 ..\obj\usbh_stdreq.o
 .debug_line    0x00000e19      0x28d ..\obj\diskio.o
 .debug_line    0x000010a6       0xba ..\obj\startup_stm32f4xx.o
 .debug_line    0x00001160      0x2a2 ..\obj\stm32_ub_led.o
 .debug_line    0x00001402      0x25b ..\obj\main.o
 .debug_line    0x0000165d      0x372 ..\obj\stm32_ub_fatfs.o
 .debug_line    0x000019cf      0x5d2 ..\obj\stm32f4xx_rcc.o
 .debug_line    0x00001fa1      0x2fe ..\obj\usbh_msc_core.o
 .debug_line    0x0000229f      0x3d8 ..\obj\usbh_core.o
 .debug_line    0x00002677      0x246 ..\obj\stm32_ub_sdcard.o
 .debug_line    0x000028bd      0x376 ..\obj\stm32f4xx_gpio.o
 .debug_line    0x00002c33      0x3ac ..\obj\stm32_ub_usbdisk.o
 .debug_line    0x00002fdf      0x389 ..\obj\usbh_msc_scsi.o
 .debug_line    0x00003368      0x1ee ..\obj\system_stm32f4xx.o
 .debug_line    0x00003556      0x342 ..\obj\usbh_usr.o
 .debug_line    0x00003898      0x2ee ..\obj\usb_bsp.o
 .debug_line    0x00003b86      0x248 ..\obj\stm32_ub_atadrive.o
 .debug_line    0x00003dce      0xe8d ..\obj\ff.o
 .debug_line    0x00004c5b      0x26d ..\obj\usb_hcd.o
 .debug_line    0x00004ec8      0x316 ..\obj\usbh_msc_bot.o
 .debug_line    0x000051de      0x296 ..\obj\usbh_ioreq.o
 .debug_line    0x00005474      0x27c ..\obj\misc.o
 .debug_line    0x000056f0      0x409 ..\obj\usb_hcd_int.o

.debug_str      0x00000000     0x4e33
 .debug_str     0x00000000     0x1044 ..\obj\usb_core.o
                               0x1332 (size before relaxing)
 .debug_str     0x00001044      0xaa2 ..\obj\stm32_ub_usb_msc_host.o
                               0x1286 (size before relaxing)
 .debug_str     0x00001ae6       0xf6 ..\obj\usbh_hcs.o
                                0x852 (size before relaxing)
 .debug_str     0x00001bdc      0x218 ..\obj\usbh_stdreq.o
                               0x12ba (size before relaxing)
 .debug_str     0x00001df4       0xbb ..\obj\diskio.o
                                0x318 (size before relaxing)
 .debug_str     0x00001eaf       0xc9 ..\obj\startup_stm32f4xx.o
                                0x12d (size before relaxing)
 .debug_str     0x00001f78      0x2c2 ..\obj\stm32_ub_led.o
                                0x3c4 (size before relaxing)
 .debug_str     0x0000223a      0x208 ..\obj\main.o
                                0x465 (size before relaxing)
 .debug_str     0x00002442      0x2bf ..\obj\stm32_ub_fatfs.o
                                0x6bf (size before relaxing)
 .debug_str     0x00002701      0x6b8 ..\obj\stm32f4xx_rcc.o
                                0x80c (size before relaxing)
 .debug_str     0x00002db9      0x3d0 ..\obj\usbh_msc_core.o
                               0x147b (size before relaxing)
 .debug_str     0x00003189      0x124 ..\obj\usbh_core.o
                               0x1207 (size before relaxing)
 .debug_str     0x000032ad       0xe0 ..\obj\stm32_ub_sdcard.o
                                0x1fe (size before relaxing)
 .debug_str     0x0000338d      0x1bc ..\obj\stm32f4xx_gpio.o
                                0x45f (size before relaxing)
 .debug_str     0x00003549      0x159 ..\obj\stm32_ub_usbdisk.o
                               0x1391 (size before relaxing)
 .debug_str     0x000036a2      0x242 ..\obj\usbh_msc_scsi.o
                                0xbf9 (size before relaxing)
 .debug_str     0x000038e4      0x131 ..\obj\system_stm32f4xx.o
                                0x366 (size before relaxing)
 .debug_str     0x00003a15      0x248 ..\obj\usbh_usr.o
                                0x823 (size before relaxing)
 .debug_str     0x00003c5d      0x695 ..\obj\usb_bsp.o
                                0xfc6 (size before relaxing)
 .debug_str     0x000042f2       0xe6 ..\obj\stm32_ub_atadrive.o
                                0x204 (size before relaxing)
 .debug_str     0x000043d8      0x2f5 ..\obj\ff.o
                                0x66c (size before relaxing)
 .debug_str     0x000046cd      0x110 ..\obj\usb_hcd.o
                                0x8ef (size before relaxing)
 .debug_str     0x000047dd      0x116 ..\obj\usbh_msc_bot.o
                               0x1463 (size before relaxing)
 .debug_str     0x000048f3      0x11d ..\obj\usbh_ioreq.o
                               0x11c3 (size before relaxing)
 .debug_str     0x00004a10      0x17a ..\obj\misc.o
                                0x395 (size before relaxing)
 .debug_str     0x00004b8a      0x2a9 ..\obj\usb_hcd_int.o
                                0xef9 (size before relaxing)

.comment        0x00000000       0x70
 .comment       0x00000000       0x70 ..\obj\usb_core.o
                                 0x71 (size before relaxing)
 .comment       0x00000000       0x71 ..\obj\stm32_ub_usb_msc_host.o
 .comment       0x00000000       0x71 ..\obj\usbh_hcs.o
 .comment       0x00000000       0x71 ..\obj\usbh_stdreq.o
 .comment       0x00000000       0x71 ..\obj\diskio.o
 .comment       0x00000000       0x71 ..\obj\startup_stm32f4xx.o
 .comment       0x00000000       0x71 ..\obj\stm32_ub_led.o
 .comment       0x00000000       0x71 ..\obj\main.o
 .comment       0x00000000       0x71 ..\obj\stm32_ub_fatfs.o
 .comment       0x00000000       0x71 ..\obj\stm32f4xx_rcc.o
 .comment       0x00000000       0x71 ..\obj\usbh_msc_core.o
 .comment       0x00000000       0x71 ..\obj\usbh_core.o
 .comment       0x00000000       0x71 ..\obj\stm32_ub_sdcard.o
 .comment       0x00000000       0x71 ..\obj\stm32f4xx_gpio.o
 .comment       0x00000000       0x71 ..\obj\stm32_ub_usbdisk.o
 .comment       0x00000000       0x71 ..\obj\usbh_msc_scsi.o
 .comment       0x00000000       0x71 ..\obj\system_stm32f4xx.o
 .comment       0x00000000       0x71 ..\obj\usbh_usr.o
 .comment       0x00000000       0x71 ..\obj\usb_bsp.o
 .comment       0x00000000       0x71 ..\obj\stm32_ub_atadrive.o
 .comment       0x00000000       0x71 ..\obj\ff.o
 .comment       0x00000000       0x71 ..\obj\usb_hcd.o
 .comment       0x00000000       0x71 ..\obj\usbh_msc_bot.o
 .comment       0x00000000       0x71 ..\obj\usbh_ioreq.o
 .comment       0x00000000       0x71 ..\obj\misc.o
 .comment       0x00000000       0x71 ..\obj\usb_hcd_int.o

.ARM.attributes
                0x00000000       0x33
 .ARM.attributes
                0x00000000       0x33 ..\obj\usb_core.o
 .ARM.attributes
                0x00000033       0x33 ..\obj\stm32_ub_usb_msc_host.o
 .ARM.attributes
                0x00000066       0x33 ..\obj\usbh_hcs.o
 .ARM.attributes
                0x00000099       0x33 ..\obj\usbh_stdreq.o
 .ARM.attributes
                0x000000cc       0x33 ..\obj\diskio.o
 .ARM.attributes
                0x000000ff       0x33 ..\obj\startup_stm32f4xx.o
 .ARM.attributes
                0x00000132       0x33 ..\obj\stm32_ub_led.o
 .ARM.attributes
                0x00000165       0x33 ..\obj\main.o
 .ARM.attributes
                0x00000198       0x33 ..\obj\stm32_ub_fatfs.o
 .ARM.attributes
                0x000001cb       0x33 ..\obj\stm32f4xx_rcc.o
 .ARM.attributes
                0x000001fe       0x33 ..\obj\usbh_msc_core.o
 .ARM.attributes
                0x00000231       0x33 ..\obj\usbh_core.o
 .ARM.attributes
                0x00000264       0x33 ..\obj\stm32_ub_sdcard.o
 .ARM.attributes
                0x00000297       0x33 ..\obj\stm32f4xx_gpio.o
 .ARM.attributes
                0x000002ca       0x33 ..\obj\stm32_ub_usbdisk.o
 .ARM.attributes
                0x000002fd       0x33 ..\obj\usbh_msc_scsi.o
 .ARM.attributes
                0x00000330       0x33 ..\obj\system_stm32f4xx.o
 .ARM.attributes
                0x00000363       0x33 ..\obj\usbh_usr.o
 .ARM.attributes
                0x00000396       0x33 ..\obj\usb_bsp.o
 .ARM.attributes
                0x000003c9       0x33 ..\obj\stm32_ub_atadrive.o
 .ARM.attributes
                0x000003fc       0x33 ..\obj\ff.o
 .ARM.attributes
                0x0000042f       0x33 ..\obj\usb_hcd.o
 .ARM.attributes
                0x00000462       0x33 ..\obj\usbh_msc_bot.o
 .ARM.attributes
                0x00000495       0x33 ..\obj\usbh_ioreq.o
 .ARM.attributes
                0x000004c8       0x33 ..\obj\misc.o
 .ARM.attributes
                0x000004fb       0x33 ..\obj\usb_hcd_int.o

.debug_frame    0x00000000     0x2354
 .debug_frame   0x00000000      0x370 ..\obj\usb_core.o
 .debug_frame   0x00000370       0x4c ..\obj\stm32_ub_usb_msc_host.o
 .debug_frame   0x000003bc       0xc4 ..\obj\usbh_hcs.o
 .debug_frame   0x00000480      0x19c ..\obj\usbh_stdreq.o
 .debug_frame   0x0000061c       0xc8 ..\obj\diskio.o
 .debug_frame   0x000006e4       0x48 ..\obj\startup_stm32f4xx.o
 .debug_frame   0x0000072c       0xa8 ..\obj\stm32_ub_led.o
 .debug_frame   0x000007d4       0x30 ..\obj\main.o
 .debug_frame   0x00000804      0x188 ..\obj\stm32_ub_fatfs.o
 .debug_frame   0x0000098c      0x4d8 ..\obj\stm32f4xx_rcc.o
 .debug_frame   0x00000e64       0xe8 ..\obj\usbh_msc_core.o
 .debug_frame   0x00000f4c      0x108 ..\obj\usbh_core.o
 .debug_frame   0x00001054       0xd0 ..\obj\stm32_ub_sdcard.o
 .debug_frame   0x00001124      0x19c ..\obj\stm32f4xx_gpio.o
 .debug_frame   0x000012c0       0xe4 ..\obj\stm32_ub_usbdisk.o
 .debug_frame   0x000013a4       0xd0 ..\obj\usbh_msc_scsi.o
 .debug_frame   0x00001474       0x64 ..\obj\system_stm32f4xx.o
 .debug_frame   0x000014d8      0x1d8 ..\obj\usbh_usr.o
 .debug_frame   0x000016b0       0xe8 ..\obj\usb_bsp.o
 .debug_frame   0x00001798       0xd0 ..\obj\stm32_ub_atadrive.o
 .debug_frame   0x00001868      0x5f4 ..\obj\ff.o
 .debug_frame   0x00001e5c      0x138 ..\obj\usb_hcd.o
 .debug_frame   0x00001f94       0x90 ..\obj\usbh_msc_bot.o
 .debug_frame   0x00002024      0x12c ..\obj\usbh_ioreq.o
 .debug_frame   0x00002150       0x9c ..\obj\misc.o
 .debug_frame   0x000021ec      0x168 ..\obj\usb_hcd_int.o
